Archive member included because of file (symbol)

c:/isis/application/toolchain/bin/../lib/gcc/arm-none-eabi/4.7.4/../../../../arm-none-eabi/lib\libc_s.a(lib_a-vfprintf_float.o)
                              (_printf_float)
c:/isis/application/toolchain/bin/../lib/gcc/arm-none-eabi/4.7.4/../../../../arm-none-eabi/lib\libc_s.a(lib_a-vfprintf_i.o)
                              c:/isis/application/toolchain/bin/../lib/gcc/arm-none-eabi/4.7.4/../../../../arm-none-eabi/lib\libc_s.a(lib_a-vfprintf_float.o) (_printf_common)
c:/isis/application/toolchain/bin/../lib/gcc/arm-none-eabi/4.7.4/../../../../arm-none-eabi/lib\libc_s.a(lib_a-vfscanf_float.o)
                              (_scanf_float)
c:/isis/application/toolchain/bin/../lib/gcc/arm-none-eabi/4.7.4/../../../../arm-none-eabi/lib\libc_s.a(lib_a-dtoa.o)
                              c:/isis/application/toolchain/bin/../lib/gcc/arm-none-eabi/4.7.4/../../../../arm-none-eabi/lib\libc_s.a(lib_a-vfprintf_float.o) (_dtoa_r)
c:/isis/application/toolchain/bin/../lib/gcc/arm-none-eabi/4.7.4/../../../../arm-none-eabi/lib\libc_s.a(lib_a-locale.o)
                              c:/isis/application/toolchain/bin/../lib/gcc/arm-none-eabi/4.7.4/../../../../arm-none-eabi/lib\libc_s.a(lib_a-vfprintf_float.o) (_localeconv_r)
c:/isis/application/toolchain/bin/../lib/gcc/arm-none-eabi/4.7.4/../../../../arm-none-eabi/lib\libc_s.a(lib_a-malloc.o)
                              c:/isis/application/toolchain/bin/../lib/gcc/arm-none-eabi/4.7.4/../../../../arm-none-eabi/lib\libc_s.a(lib_a-dtoa.o) (malloc)
c:/isis/application/toolchain/bin/../lib/gcc/arm-none-eabi/4.7.4/../../../../arm-none-eabi/lib\libc_s.a(lib_a-mallocr.o)
                              c:/isis/application/toolchain/bin/../lib/gcc/arm-none-eabi/4.7.4/../../../../arm-none-eabi/lib\libc_s.a(lib_a-malloc.o) (_malloc_r)
c:/isis/application/toolchain/bin/../lib/gcc/arm-none-eabi/4.7.4/../../../../arm-none-eabi/lib\libc_s.a(lib_a-memcpy.o)
                              c:/isis/application/toolchain/bin/../lib/gcc/arm-none-eabi/4.7.4/../../../../arm-none-eabi/lib\libc_s.a(lib_a-dtoa.o) (memcpy)
c:/isis/application/toolchain/bin/../lib/gcc/arm-none-eabi/4.7.4/../../../../arm-none-eabi/lib\libc_s.a(lib_a-mprec.o)
                              c:/isis/application/toolchain/bin/../lib/gcc/arm-none-eabi/4.7.4/../../../../arm-none-eabi/lib\libc_s.a(lib_a-dtoa.o) (_Balloc)
c:/isis/application/toolchain/bin/../lib/gcc/arm-none-eabi/4.7.4/../../../../arm-none-eabi/lib\libc_s.a(lib_a-s_fpclassify.o)
                              c:/isis/application/toolchain/bin/../lib/gcc/arm-none-eabi/4.7.4/../../../../arm-none-eabi/lib\libc_s.a(lib_a-vfprintf_float.o) (__fpclassifyd)
c:/isis/application/toolchain/bin/../lib/gcc/arm-none-eabi/4.7.4/../../../../arm-none-eabi/lib\libc_s.a(lib_a-sbrkr.o)
                              c:/isis/application/toolchain/bin/../lib/gcc/arm-none-eabi/4.7.4/../../../../arm-none-eabi/lib\libc_s.a(lib_a-mallocr.o) (_sbrk_r)
c:/isis/application/toolchain/bin/../lib/gcc/arm-none-eabi/4.7.4/../../../../arm-none-eabi/lib\libc_s.a(lib_a-sf_nan.o)
                              c:/isis/application/toolchain/bin/../lib/gcc/arm-none-eabi/4.7.4/../../../../arm-none-eabi/lib\libc_s.a(lib_a-vfscanf_float.o) (nanf)
c:/isis/application/toolchain/bin/../lib/gcc/arm-none-eabi/4.7.4/../../../../arm-none-eabi/lib\libc_s.a(lib_a-sprintf.o)
                              c:/isis/application/toolchain/bin/../lib/gcc/arm-none-eabi/4.7.4/../../../../arm-none-eabi/lib\libc_s.a(lib_a-vfscanf_float.o) (sprintf)
c:/isis/application/toolchain/bin/../lib/gcc/arm-none-eabi/4.7.4/../../../../arm-none-eabi/lib\libc_s.a(lib_a-strcmp.o)
                              c:/isis/application/toolchain/bin/../lib/gcc/arm-none-eabi/4.7.4/../../../../arm-none-eabi/lib\libc_s.a(lib_a-locale.o) (strcmp)
c:/isis/application/toolchain/bin/../lib/gcc/arm-none-eabi/4.7.4/../../../../arm-none-eabi/lib\libc_s.a(lib_a-strlen.o)
                              c:/isis/application/toolchain/bin/../lib/gcc/arm-none-eabi/4.7.4/../../../../arm-none-eabi/lib\libc_s.a(lib_a-vfprintf_float.o) (strlen)
c:/isis/application/toolchain/bin/../lib/gcc/arm-none-eabi/4.7.4/../../../../arm-none-eabi/lib\libc_s.a(lib_a-strtod.o)
                              c:/isis/application/toolchain/bin/../lib/gcc/arm-none-eabi/4.7.4/../../../../arm-none-eabi/lib\libc_s.a(lib_a-vfscanf_float.o) (_strtod_r)
c:/isis/application/toolchain/bin/../lib/gcc/arm-none-eabi/4.7.4/../../../../arm-none-eabi/lib\libc_s.a(lib_a-strtol.o)
                              c:/isis/application/toolchain/bin/../lib/gcc/arm-none-eabi/4.7.4/../../../../arm-none-eabi/lib\libc_s.a(lib_a-vfscanf_float.o) (_strtol_r)
c:/isis/application/toolchain/bin/../lib/gcc/arm-none-eabi/4.7.4/../../../../arm-none-eabi/lib\libc_s.a(lib_a-svfprintf.o)
                              c:/isis/application/toolchain/bin/../lib/gcc/arm-none-eabi/4.7.4/../../../../arm-none-eabi/lib\libc_s.a(lib_a-sprintf.o) (_svfprintf_r)
[...]
Memory Configuration

Name             Origin             Length             Attributes
sram0            0x00200000         0x00004000         w !xr
sram1            0x00300000         0x00004000         w !xr
sdram            0x20000000         0x02000000         w !xr
*default*        0x00000000         0xffffffff

Linker script and memory map

LOAD c:/isis/application/toolchain/bin/../lib/gcc/arm-none-eabi/4.7.4/../../../../arm-none-eabi/lib\libc_s.a
LOAD ./src/TestingDemos/CommandsTestingDemo.o
LOAD ./src/TestingDemos/EpsTestingDemo.o
LOAD ./src/TestingDemos/FileSystemTestingDemo.o
LOAD ./src/TestingDemos/MainTest.o
LOAD ./src/TestingDemos/MaintenanceTestingDemo.o
LOAD ./src/TestingDemos/TelemetryTestingDemo.o
LOAD ./src/TestingDemos/TrxvuTestingDemo.o
LOAD ./src/SubSystemModules/PowerManagment/EPS.o
LOAD ./src/SubSystemModules/PowerManagment/EPSOperationModes.o
LOAD ./src/SubSystemModules/Maintenance/Maintenance.o
LOAD ./src/SubSystemModules/Housekepping/TelemetryCollector.o
LOAD ./src/SubSystemModules/Communication/SubsystemCommands/EPS_Commands.o
LOAD ./src/SubSystemModules/Communication/SubsystemCommands/FS_Commands.o
LOAD ./src/SubSystemModules/Communication/SubsystemCommands/Maintanence_Commands.o
LOAD ./src/SubSystemModules/Communication/SubsystemCommands/TRXVU_Commands.o
LOAD ./src/SubSystemModules/Communication/AckHandler.o
LOAD ./src/SubSystemModules/Communication/ActUponCommand.o
LOAD ./src/SubSystemModules/Communication/CommandDictionary.o
LOAD ./src/SubSystemModules/Communication/SatCommandHandler.o
LOAD ./src/SubSystemModules/Communication/TRXVU.o
LOAD ./src/InitSystem.o
LOAD ./src/TLM_management.o
LOAD ./src/main.o
LOAD C:/ISIS/workspace/CubeSat3/GlobusSatProject/..//hal/hal/lib\libHALD.a
LOAD C:/ISIS/workspace/CubeSat3/GlobusSatProject/..//hal/hcc/lib\libHCCD.a
LOAD C:/ISIS/workspace/satellite-subsystems/satellite-subsystems/lib\libSatelliteSubsystemsD.a
LOAD C:/ISIS/workspace/CubeSat3/GlobusSatProject/..//hal/freertos/lib\libFreeRTOSD.a
LOAD C:/ISIS/workspace/CubeSat3/GlobusSatProject/..//hal/at91/lib\libAt91D.a
START GROUP
LOAD c:/isis/application/toolchain/bin/../lib/gcc/arm-none-eabi/4.7.4\libgcc.a
LOAD c:/isis/application/toolchain/bin/../lib/gcc/arm-none-eabi/4.7.4/../../../../arm-none-eabi/lib\libc_s.a
END GROUP

.fixed          0x20000000    0x224e8
                0x20000000                . = ALIGN (0x4)
                0x20000000                _sfixed = .
 *(.startup)
 .startup       0x20000000      0x134 C:/ISIS/workspace/CubeSat3/GlobusSatProject/..//hal/at91/lib\libAt91D.a(board_cstartup.o)
                0x20000000                entry
 *(.text)
 .text          0x20000134       0x64 C:/ISIS/workspace/CubeSat3/GlobusSatProject/..//hal/at91/lib\libAt91D.a(cp15_asm.o)
                0x20000134                _readControlRegister
                0x20000140                _writeControlRegister
                0x20000148                _waitForInterrupt
                0x20000154                _writeTTB
                0x2000015c                _writeDomain
                0x20000164                _writeITLBLockdown
                0x2000016c                _prefetchICacheLine
                0x20000174                _flushDCache
                0x20000180                _flushWriteBuffer
                0x2000018c                _invalidateIDTLBs
 .text          0x20000198      0x114 c:/isis/application/toolchain/bin/../lib/gcc/arm-none-eabi/4.7.4\libgcc.a(_udivsi3.o)
                0x20000198                __aeabi_uidiv
                0x20000198                __udivsi3
                0x2000028c                __aeabi_uidivmod
 .text          0x200002ac      0x148 c:/isis/application/toolchain/bin/../lib/gcc/arm-none-eabi/4.7.4\libgcc.a(_divsi3.o)
                0x200002ac                __divsi3
                0x200002ac                __aeabi_idiv
                0x200003d4                __aeabi_idivmod
 .text          0x200003f4        0x4 c:/isis/application/toolchain/bin/../lib/gcc/arm-none-eabi/4.7.4\libgcc.a(_dvmd_tls.o)
                0x200003f4                __aeabi_idiv0
                0x200003f4                __aeabi_ldiv0
 .text          0x200003f8      0x41c c:/isis/application/toolchain/bin/../lib/gcc/arm-none-eabi/4.7.4\libgcc.a(_arm_addsubdf3.o)
                0x200003f8                __aeabi_drsub
                0x20000400                __aeabi_dsub
                0x20000400                __subdf3
                0x20000404                __aeabi_dadd
                0x20000404                __adddf3
                0x20000714                __floatunsidf
                0x20000714                __aeabi_ui2d
                0x20000738                __floatsidf
                0x20000738                __aeabi_i2d
                0x20000760                __aeabi_f2d
                0x20000760                __extendsfdf2
                0x200007a0                __floatundidf
                0x200007a0                __aeabi_ul2d
                0x200007b4                __floatdidf
                0x200007b4                __aeabi_l2d
 .text          0x20000814      0x49c c:/isis/application/toolchain/bin/../lib/gcc/arm-none-eabi/4.7.4\libgcc.a(_arm_muldivdf3.o)
                0x20000814                __aeabi_dmul
                0x20000814                __muldf3
                0x20000aa4                __divdf3
                0x20000aa4                __aeabi_ddiv
 .text          0x20000cb0      0x144 c:/isis/application/toolchain/bin/../lib/gcc/arm-none-eabi/4.7.4\libgcc.a(_arm_cmpdf2.o)
                0x20000cb0                __gtdf2
                0x20000cb0                __gedf2
                0x20000cb8                __ltdf2
                0x20000cb8                __ledf2
                0x20000cc0                __nedf2
                0x20000cc0                __eqdf2
                0x20000cc0                __cmpdf2
                0x20000d48                __aeabi_cdrcmple
                0x20000d64                __aeabi_cdcmpeq
                0x20000d64                __aeabi_cdcmple
                0x20000d7c                __aeabi_dcmpeq
                0x20000d94                __aeabi_dcmplt
                0x20000dac                __aeabi_dcmple
                0x20000dc4                __aeabi_dcmpge
                0x20000ddc                __aeabi_dcmpgt
 .text          0x20000df4       0x5c c:/isis/application/toolchain/bin/../lib/gcc/arm-none-eabi/4.7.4\libgcc.a(_arm_fixdfsi.o)
                0x20000df4                __aeabi_d2iz
                0x20000df4                __fixdfsi
 .text          0x20000e50       0x54 c:/isis/application/toolchain/bin/../lib/gcc/arm-none-eabi/4.7.4\libgcc.a(_arm_fixunsdfsi.o)
                0x20000e50                __aeabi_d2uiz
                0x20000e50                __fixunsdfsi
 .text          0x20000ea4       0xa0 c:/isis/application/toolchain/bin/../lib/gcc/arm-none-eabi/4.7.4\libgcc.a(_arm_truncdfsf2.o)
                0x20000ea4                __truncdfsf2
                0x20000ea4                __aeabi_d2f
 *(.text*)
 .text.__cvt    0x20000f44      0x138 c:/isis/application/toolchain/bin/../lib/gcc/arm-none-eabi/4.7.4/../../../../arm-none-eabi/lib\libc_s.a(lib_a-vfprintf_float.o)
                0x20000f44                __cvt
 .text.__exponent
                0x2000107c       0xa8 c:/isis/application/toolchain/bin/../lib/gcc/arm-none-eabi/4.7.4/../../../../arm-none-eabi/lib\libc_s.a(lib_a-vfprintf_float.o)
                0x2000107c                __exponent
 .text._printf_float
                0x20001124      0x7dc c:/isis/application/toolchain/bin/../lib/gcc/arm-none-eabi/4.7.4/../../../../arm-none-eabi/lib\libc_s.a(lib_a-vfprintf_float.o)
                0x20001124                _printf_float
 .text._printf_common
                0x20001900      0x174 c:/isis/application/toolchain/bin/../lib/gcc/arm-none-eabi/4.7.4/../../../../arm-none-eabi/lib\libc_s.a(lib_a-vfprintf_i.o)
                0x20001900                _printf_common
 .text._printf_i
                0x20001a74      0x3c4 c:/isis/application/toolchain/bin/../lib/gcc/arm-none-eabi/4.7.4/../../../../arm-none-eabi/lib\libc_s.a(lib_a-vfprintf_i.o)
                0x20001a74                _printf_i
 .text._scanf_float
                0x20001e38      0x5f4 c:/isis/application/toolchain/bin/../lib/gcc/arm-none-eabi/4.7.4/../../../../arm-none-eabi/lib\libc_s.a(lib_a-vfscanf_float.o)
                0x20001e38                _scanf_float
 .text.quorem   0x2000242c      0x1ac c:/isis/application/toolchain/bin/../lib/gcc/arm-none-eabi/4.7.4/../../../../arm-none-eabi/lib\libc_s.a(lib_a-dtoa.o)
 .text._dtoa_r  0x200025d8     0x1268 c:/isis/application/toolchain/bin/../lib/gcc/arm-none-eabi/4.7.4/../../../../arm-none-eabi/lib\libc_s.a(lib_a-dtoa.o)
                0x200025d8                _dtoa_r
 .text._localeconv_r
                0x20003840        0xc c:/isis/application/toolchain/bin/../lib/gcc/arm-none-eabi/4.7.4/../../../../arm-none-eabi/lib\libc_s.a(lib_a-locale.o)
                0x20003840                _localeconv_r
 .text.malloc   0x2000384c       0x20 c:/isis/application/toolchain/bin/../lib/gcc/arm-none-eabi/4.7.4/../../../../arm-none-eabi/lib\libc_s.a(lib_a-malloc.o)
                0x2000384c                malloc
 .text.free     0x2000386c       0x20 c:/isis/application/toolchain/bin/../lib/gcc/arm-none-eabi/4.7.4/../../../../arm-none-eabi/lib\libc_s.a(lib_a-malloc.o)
                0x2000386c                free
 .text._malloc_r
                0x2000388c       0xfc c:/isis/application/toolchain/bin/../lib/gcc/arm-none-eabi/4.7.4/../../../../arm-none-eabi/lib\libc_s.a(lib_a-mallocr.o)
                0x2000388c                _malloc_r
 .text.memcpy   0x20003988       0x20 c:/isis/application/toolchain/bin/../lib/gcc/arm-none-eabi/4.7.4/../../../../arm-none-eabi/lib\libc_s.a(lib_a-memcpy.o)
                0x20003988                memcpy
 .text._Balloc  0x200039a8       0xcc c:/isis/application/toolchain/bin/../lib/gcc/arm-none-eabi/4.7.4/../../../../arm-none-eabi/lib\libc_s.a(lib_a-mprec.o)
                0x200039a8                _Balloc
 .text._Bfree   0x20003a74       0x5c c:/isis/application/toolchain/bin/../lib/gcc/arm-none-eabi/4.7.4/../../../../arm-none-eabi/lib\libc_s.a(lib_a-mprec.o)
                0x20003a74                _Bfree
 .text.__multadd
                0x20003ad0       0xbc c:/isis/application/toolchain/bin/../lib/gcc/arm-none-eabi/4.7.4/../../../../arm-none-eabi/lib\libc_s.a(lib_a-mprec.o)
                0x20003ad0                __multadd
 .text.__s2b    0x20003b8c       0xd8 c:/isis/application/toolchain/bin/../lib/gcc/arm-none-eabi/4.7.4/../../../../arm-none-eabi/lib\libc_s.a(lib_a-mprec.o)
                0x20003b8c                __s2b
 .text.__hi0bits
                0x20003c64       0x58 c:/isis/application/toolchain/bin/../lib/gcc/arm-none-eabi/4.7.4/../../../../arm-none-eabi/lib\libc_s.a(lib_a-mprec.o)
                0x20003c64                __hi0bits
 .text.__lo0bits
                0x20003cbc       0x94 c:/isis/application/toolchain/bin/../lib/gcc/arm-none-eabi/4.7.4/../../../../arm-none-eabi/lib\libc_s.a(lib_a-mprec.o)
                0x20003cbc                __lo0bits
 .text.__i2b    0x20003d50       0x24 c:/isis/application/toolchain/bin/../lib/gcc/arm-none-eabi/4.7.4/../../../../arm-none-eabi/lib\libc_s.a(lib_a-mprec.o)
                0x20003d50                __i2b
 .text.__multiply
                0x20003d74      0x1ac c:/isis/application/toolchain/bin/../lib/gcc/arm-none-eabi/4.7.4/../../../../arm-none-eabi/lib\libc_s.a(lib_a-mprec.o)
                0x20003d74                __multiply
 .text.__pow5mult
                0x20003f20      0x10c c:/isis/application/toolchain/bin/../lib/gcc/arm-none-eabi/4.7.4/../../../../arm-none-eabi/lib\libc_s.a(lib_a-mprec.o)
                0x20003f20                __pow5mult
 .text.__lshift
                0x2000402c       0xf0 c:/isis/application/toolchain/bin/../lib/gcc/arm-none-eabi/4.7.4/../../../../arm-none-eabi/lib\libc_s.a(lib_a-mprec.o)
                0x2000402c                __lshift
 .text.__mcmp   0x2000411c       0x60 c:/isis/application/toolchain/bin/../lib/gcc/arm-none-eabi/4.7.4/../../../../arm-none-eabi/lib\libc_s.a(lib_a-mprec.o)
                0x2000411c                __mcmp
 .text.__mdiff  0x2000417c      0x128 c:/isis/application/toolchain/bin/../lib/gcc/arm-none-eabi/4.7.4/../../../../arm-none-eabi/lib\libc_s.a(lib_a-mprec.o)
                0x2000417c                __mdiff
 .text.__ulp    0x200042a4       0x5c c:/isis/application/toolchain/bin/../lib/gcc/arm-none-eabi/4.7.4/../../../../arm-none-eabi/lib\libc_s.a(lib_a-mprec.o)
                0x200042a4                __ulp
 .text.__b2d    0x20004300       0xc8 c:/isis/application/toolchain/bin/../lib/gcc/arm-none-eabi/4.7.4/../../../../arm-none-eabi/lib\libc_s.a(lib_a-mprec.o)
                0x20004300                __b2d
 .text.__d2b    0x200043c8       0xfc c:/isis/application/toolchain/bin/../lib/gcc/arm-none-eabi/4.7.4/../../../../arm-none-eabi/lib\libc_s.a(lib_a-mprec.o)
                0x200043c8                __d2b
 .text.__ratio  0x200044c4       0x70 c:/isis/application/toolchain/bin/../lib/gcc/arm-none-eabi/4.7.4/../../../../arm-none-eabi/lib\libc_s.a(lib_a-mprec.o)
                0x200044c4                __ratio
 .text.__copybits
                0x20004534       0x4c c:/isis/application/toolchain/bin/../lib/gcc/arm-none-eabi/4.7.4/../../../../arm-none-eabi/lib\libc_s.a(lib_a-mprec.o)
                0x20004534                __copybits
 .text.__any_on
                0x20004580       0x7c c:/isis/application/toolchain/bin/../lib/gcc/arm-none-eabi/4.7.4/../../../../arm-none-eabi/lib\libc_s.a(lib_a-mprec.o)
                0x20004580                __any_on
 .text.__fpclassifyd
                0x200045fc       0x6c c:/isis/application/toolchain/bin/../lib/gcc/arm-none-eabi/4.7.4/../../../../arm-none-eabi/lib\libc_s.a(lib_a-s_fpclassify.o)
                0x200045fc                __fpclassifyd
 .text._sbrk_r  0x20004668       0x3c c:/isis/application/toolchain/bin/../lib/gcc/arm-none-eabi/4.7.4/../../../../arm-none-eabi/lib\libc_s.a(lib_a-sbrkr.o)
                0x20004668                _sbrk_r
 .text.nanf     0x200046a4        0xc c:/isis/application/toolchain/bin/../lib/gcc/arm-none-eabi/4.7.4/../../../../arm-none-eabi/lib\libc_s.a(lib_a-sf_nan.o)
                0x200046a4                nanf
 .text.sprintf  0x200046b0       0x6c c:/isis/application/toolchain/bin/../lib/gcc/arm-none-eabi/4.7.4/../../../../arm-none-eabi/lib\libc_s.a(lib_a-sprintf.o)
                0x200046b0                siprintf
                0x200046b0                sprintf
 .text.strcmp   0x2000471c       0x1c c:/isis/application/toolchain/bin/../lib/gcc/arm-none-eabi/4.7.4/../../../../arm-none-eabi/lib\libc_s.a(lib_a-strcmp.o)
                0x2000471c                strcmp
 .text.strlen   0x20004738       0x1c c:/isis/application/toolchain/bin/../lib/gcc/arm-none-eabi/4.7.4/../../../../arm-none-eabi/lib\libc_s.a(lib_a-strlen.o)
                0x20004738                strlen
 .text.match    0x20004754       0x54 c:/isis/application/toolchain/bin/../lib/gcc/arm-none-eabi/4.7.4/../../../../arm-none-eabi/lib\libc_s.a(lib_a-strtod.o)
 .text._strtod_r
                0x200047a8     0x1168 c:/isis/application/toolchain/bin/../lib/gcc/arm-none-eabi/4.7.4/../../../../arm-none-eabi/lib\libc_s.a(lib_a-strtod.o)
                0x200047a8                _strtod_r
 .text._strtol_r
                0x20005910      0x1b8 c:/isis/application/toolchain/bin/../lib/gcc/arm-none-eabi/4.7.4/../../../../arm-none-eabi/lib\libc_s.a(lib_a-strtol.o)
                0x20005910                _strtol_r
 .text.__ssputc_r
                0x20005ac8      0x10c c:/isis/application/toolchain/bin/../lib/gcc/arm-none-eabi/4.7.4/../../../../arm-none-eabi/lib\libc_s.a(lib_a-svfprintf.o)
                0x20005ac8                __ssputc_r
 .text._svfprintf_r
                0x20005bd4      0x328 c:/isis/application/toolchain/bin/../lib/gcc/arm-none-eabi/4.7.4/../../../../arm-none-eabi/lib\libc_s.a(lib_a-svfprintf.o)
                0x20005bd4                _svfiprintf_r
                0x20005bd4                _svfprintf_r
 .text._calloc_r
                0x20005efc       0x2c c:/isis/application/toolchain/bin/../lib/gcc/arm-none-eabi/4.7.4/../../../../arm-none-eabi/lib\libc_s.a(lib_a-callocr.o)
                0x20005efc                _calloc_r
 .text._free_r  0x20005f28      0x108 c:/isis/application/toolchain/bin/../lib/gcc/arm-none-eabi/4.7.4/../../../../arm-none-eabi/lib\libc_s.a(lib_a-freer.o)
                0x20005f28                _free_r
 .text.rshift   0x20006030       0xb0 c:/isis/application/toolchain/bin/../lib/gcc/arm-none-eabi/4.7.4/../../../../arm-none-eabi/lib\libc_s.a(lib_a-gdtoa-gethex.o)
 .text.htinit.constprop.0
                0x200060e0       0x34 c:/isis/application/toolchain/bin/../lib/gcc/arm-none-eabi/4.7.4/../../../../arm-none-eabi/lib\libc_s.a(lib_a-gdtoa-gethex.o)
 .text.__hexdig_init
                0x20006114       0x38 c:/isis/application/toolchain/bin/../lib/gcc/arm-none-eabi/4.7.4/../../../../arm-none-eabi/lib\libc_s.a(lib_a-gdtoa-gethex.o)
                0x20006114                __hexdig_init
 .text.__gethex
                0x2000614c      0x6cc c:/isis/application/toolchain/bin/../lib/gcc/arm-none-eabi/4.7.4/../../../../arm-none-eabi/lib\libc_s.a(lib_a-gdtoa-gethex.o)
                0x2000614c                __gethex
 .text.L_shift  0x20006818       0x38 c:/isis/application/toolchain/bin/../lib/gcc/arm-none-eabi/4.7.4/../../../../arm-none-eabi/lib\libc_s.a(lib_a-gdtoa-hexnan.o)
 .text.__hexnan
                0x20006850      0x1d8 c:/isis/application/toolchain/bin/../lib/gcc/arm-none-eabi/4.7.4/../../../../arm-none-eabi/lib\libc_s.a(lib_a-gdtoa-hexnan.o)
                0x20006850                __hexnan
 .text.memchr   0x20006a28       0x34 c:/isis/application/toolchain/bin/../lib/gcc/arm-none-eabi/4.7.4/../../../../arm-none-eabi/lib\libc_s.a(lib_a-memchr.o)
                0x20006a28                memchr
 .text.memset   0x20006a5c       0x1c c:/isis/application/toolchain/bin/../lib/gcc/arm-none-eabi/4.7.4/../../../../arm-none-eabi/lib\libc_s.a(lib_a-memset.o)
                0x20006a5c                memset
 .text._realloc_r
                0x20006a78       0x80 c:/isis/application/toolchain/bin/../lib/gcc/arm-none-eabi/4.7.4/../../../../arm-none-eabi/lib\libc_s.a(lib_a-reallocr.o)
                0x20006a78                _realloc_r
 .text.strncmp  0x20006af8       0x64 c:/isis/application/toolchain/bin/../lib/gcc/arm-none-eabi/4.7.4/../../../../arm-none-eabi/lib\libc_s.a(lib_a-strncmp.o)
                0x20006af8                strncmp
 .text._malloc_usable_size_r
                0x20006b5c       0x1c c:/isis/application/toolchain/bin/../lib/gcc/arm-none-eabi/4.7.4/../../../../arm-none-eabi/lib\libc_s.a(lib_a-msizer.o)
                0x20006b5c                _malloc_usable_size_r
 .text.GetBatteryVoltage
                0x20006b78       0x58 ./src/SubSystemModules/PowerManagment/EPS.o
                0x20006b78                GetBatteryVoltage
 .text.EPS_Init
                0x20006bd0      0x10c ./src/SubSystemModules/PowerManagment/EPS.o
                0x20006bd0                EPS_Init
 .text.EPS_Conditioning
                0x20006cdc       0xf0 ./src/SubSystemModules/PowerManagment/EPS.o
                0x20006cdc                EPS_Conditioning
 .text.GetthresholdVoltages
                0x20006dcc       0x64 ./src/SubSystemModules/PowerManagment/EPS.o
                0x20006dcc                GetthresholdVoltages
 .text.GetAlpha
                0x20006e30       0x48 ./src/SubSystemModules/PowerManagment/EPS.o
                0x20006e30                GetAlpha
 .text.EnterFullMode
                0x20006e78       0x2c ./src/SubSystemModules/PowerManagment/EPSOperationModes.o
                0x20006e78                EnterFullMode
 .text.EnterCruiseMode
                0x20006ea4       0x2c ./src/SubSystemModules/PowerManagment/EPSOperationModes.o
                0x20006ea4                EnterCruiseMode
 .text.EnterSafeMode
                0x20006ed0       0x2c ./src/SubSystemModules/PowerManagment/EPSOperationModes.o
                0x20006ed0                EnterSafeMode
 .text.EnterCriticalMode
                0x20006efc       0x2c ./src/SubSystemModules/PowerManagment/EPSOperationModes.o
                0x20006efc                EnterCriticalMode
 .text.TelemetryCollectorLogic
                0x20006f28       0x18 ./src/SubSystemModules/Housekepping/TelemetryCollector.o
                0x20006f28                TelemetryCollectorLogic
 .text.TelemetrySaveWOD
                0x20006f40       0x5c ./src/SubSystemModules/Housekepping/TelemetryCollector.o
                0x20006f40                TelemetrySaveWOD
 .text.InitSemaphores
                0x20006f9c       0xa4 ./src/SubSystemModules/Communication/TRXVU.o
                0x20006f9c                InitSemaphores
 .text.InitTrxvu
                0x20007040      0x10c ./src/SubSystemModules/Communication/TRXVU.o
                0x20007040                InitTrxvu
 .text.isFirstActivation
                0x2000714c       0x30 ./src/InitSystem.o
                0x2000714c                isFirstActivation
 .text.firstActivationProcedure
                0x2000717c      0x1b0 ./src/InitSystem.o
                0x2000717c                firstActivationProcedure
 .text.StartFRAM
                0x2000732c       0x18 ./src/InitSystem.o
                0x2000732c                StartFRAM
 .text.StartI2C
                0x20007344       0x24 ./src/InitSystem.o
                0x20007344                StartI2C
 .text.StartSPI
                0x20007368       0x20 ./src/InitSystem.o
                0x20007368                StartSPI
 .text.StartTIME
                0x20007388       0x94 ./src/InitSystem.o
                0x20007388                StartTIME
 .text.DeploySystem
                0x2000741c       0x30 ./src/InitSystem.o
                0x2000741c                DeploySystem
 .text.InitSubsystems
                0x2000744c       0x30 ./src/InitSystem.o
                0x2000744c                InitSubsystems
 .text.getNumOfChainsInFS
                0x2000747c       0x30 ./src/TLM_management.o
 .text.setNumOfChainsInFS
                0x200074ac       0x3c ./src/TLM_management.o
 .text.c_fileCreate
                0x200074e8       0xdc ./src/TLM_management.o
                0x200074e8                c_fileCreate
 .text.writewithEpochtime
                0x200075c4       0xa0 ./src/TLM_management.o
 .text.get_C_FILE_struct
                0x20007664       0xf4 ./src/TLM_management.o
 .text.getFileIndex
                0x20007758       0x40 ./src/TLM_management.o
 .text.get_file_name_by_index
                0x20007798       0x44 ./src/TLM_management.o
                0x20007798                get_file_name_by_index
 .text.c_fileWrite
                0x200077dc      0x100 ./src/TLM_management.o
                0x200077dc                c_fileWrite
 .text.taskMain
                0x200078dc       0x20 ./src/main.o
                0x200078dc                taskMain
 .text.main     0x200078fc       0xa0 ./src/main.o
                0x200078fc                main
 .text.validateTransferParameters
                0x2000799c      0x10c C:/ISIS/workspace/CubeSat3/GlobusSatProject/..//hal/hal/lib\libHALD.a(I2C.o)
 .text.I2C_queueTransfer
                0x20007aa8       0xe8 C:/ISIS/workspace/CubeSat3/GlobusSatProject/..//hal/hal/lib\libHALD.a(I2C.o)
                0x20007aa8                I2C_queueTransfer
 .text.I2C_internalCallback
                0x20007b90       0x64 C:/ISIS/workspace/CubeSat3/GlobusSatProject/..//hal/hal/lib\libHALD.a(I2C.o)
 .text.I2C_doBlockingTransfer
                0x20007bf4      0x160 C:/ISIS/workspace/CubeSat3/GlobusSatProject/..//hal/hal/lib\libHALD.a(I2C.o)
 .text.I2C_writeRead
                0x20007d54      0x180 C:/ISIS/workspace/CubeSat3/GlobusSatProject/..//hal/hal/lib\libHALD.a(I2C.o)
                0x20007d54                I2C_writeRead
 .text.I2C_start
                0x20007ed4      0x2e8 C:/ISIS/workspace/CubeSat3/GlobusSatProject/..//hal/hal/lib\libHALD.a(I2C.o)
                0x20007ed4                I2C_start
 .text.I2C_stop
                0x200081bc      0x184 C:/ISIS/workspace/CubeSat3/GlobusSatProject/..//hal/hal/lib\libHALD.a(I2C.o)
                0x200081bc                I2C_stop
 .text.I2C_setTransferTimeout
                0x20008340       0x48 C:/ISIS/workspace/CubeSat3/GlobusSatProject/..//hal/hal/lib\libHALD.a(I2C.o)
                0x20008340                I2C_setTransferTimeout
 .text.clearPDCtransfers
                0x20008388       0xdc C:/ISIS/workspace/CubeSat3/GlobusSatProject/..//hal/hal/lib\libHALD.a(SPI.o)
 .text.SPI_start
                0x20008464      0x4c0 C:/ISIS/workspace/CubeSat3/GlobusSatProject/..//hal/hal/lib\libHALD.a(SPI.o)
                0x20008464                SPI_start
 .text.SPI_stop
                0x20008924      0x22c C:/ISIS/workspace/CubeSat3/GlobusSatProject/..//hal/hal/lib\libHALD.a(SPI.o)
                0x20008924                SPI_stop
 .text.SPI_queueTransfer
                0x20008b50      0x190 C:/ISIS/workspace/CubeSat3/GlobusSatProject/..//hal/hal/lib\libHALD.a(SPI.o)
                0x20008b50                SPI_queueTransfer
 .text.SPI_internalCallback
                0x20008ce0       0x64 C:/ISIS/workspace/CubeSat3/GlobusSatProject/..//hal/hal/lib\libHALD.a(SPI.o)
 .text.SPI_writeRead
                0x20008d44      0x188 C:/ISIS/workspace/CubeSat3/GlobusSatProject/..//hal/hal/lib\libHALD.a(SPI.o)
                0x20008d44                SPI_writeRead
 .text.waitForTransfer
                0x20008ecc       0x68 C:/ISIS/workspace/CubeSat3/GlobusSatProject/..//hal/hal/lib\libHALD.a(SPI.o)
 .text.SPI_getDriverState
                0x20008f34       0x58 C:/ISIS/workspace/CubeSat3/GlobusSatProject/..//hal/hal/lib\libHALD.a(SPI.o)
                0x20008f34                SPI_getDriverState
 .text.FRAM_start
                0x20008f8c       0xf4 C:/ISIS/workspace/CubeSat3/GlobusSatProject/..//hal/hal/lib\libHALD.a(FRAM.o)
                0x20008f8c                FRAM_start
 .text.FRAM_dummyCallback
                0x20009080       0x24 C:/ISIS/workspace/CubeSat3/GlobusSatProject/..//hal/hal/lib\libHALD.a(FRAM.o)
                0x20009080                FRAM_dummyCallback
 .text.FRAM_unlockingCallback
                0x200090a4       0x78 C:/ISIS/workspace/CubeSat3/GlobusSatProject/..//hal/hal/lib\libHALD.a(FRAM.o)
                0x200090a4                FRAM_unlockingCallback
 .text.doBlockingTransfer
                0x2000911c       0x88 C:/ISIS/workspace/CubeSat3/GlobusSatProject/..//hal/hal/lib\libHALD.a(FRAM.o)
 .text.FRAM_writePacket
                0x200091a4      0x148 C:/ISIS/workspace/CubeSat3/GlobusSatProject/..//hal/hal/lib\libHALD.a(FRAM.o)
 .text.FRAM_write
                0x200092ec      0x1c8 C:/ISIS/workspace/CubeSat3/GlobusSatProject/..//hal/hal/lib\libHALD.a(FRAM.o)
                0x200092ec                FRAM_write
 .text.FRAM_readPacket
                0x200094b4      0x114 C:/ISIS/workspace/CubeSat3/GlobusSatProject/..//hal/hal/lib\libHALD.a(FRAM.o)
 .text.FRAM_read
                0x200095c8      0x1d4 C:/ISIS/workspace/CubeSat3/GlobusSatProject/..//hal/hal/lib\libHALD.a(FRAM.o)
                0x200095c8                FRAM_read
 .text.Time_start
                0x2000979c      0x150 C:/ISIS/workspace/CubeSat3/GlobusSatProject/..//hal/hal/lib\libHALD.a(Time.o)
                0x2000979c                Time_start
 .text.taskTimeSync
                0x200098ec       0x38 C:/ISIS/workspace/CubeSat3/GlobusSatProject/..//hal/hal/lib\libHALD.a(Time.o)
 .text.Time_set
                0x20009924      0x278 C:/ISIS/workspace/CubeSat3/GlobusSatProject/..//hal/hal/lib\libHALD.a(Time.o)
                0x20009924                Time_set
 .text.Time_isLeapYear
                0x20009b9c       0x98 C:/ISIS/workspace/CubeSat3/GlobusSatProject/..//hal/hal/lib\libHALD.a(Time.o)
                0x20009b9c                Time_isLeapYear
 .text.Time_get
                0x20009c34      0x410 C:/ISIS/workspace/CubeSat3/GlobusSatProject/..//hal/hal/lib\libHALD.a(Time.o)
                0x20009c34                Time_get
 .text.Time_getUnixEpoch
                0x2000a044       0xf4 C:/ISIS/workspace/CubeSat3/GlobusSatProject/..//hal/hal/lib\libHALD.a(Time.o)
                0x2000a044                Time_getUnixEpoch
 .text.Time_sync
                0x2000a138      0x2b8 C:/ISIS/workspace/CubeSat3/GlobusSatProject/..//hal/hal/lib\libHALD.a(Time.o)
                0x2000a138                Time_sync
 .text.Time_syncIfNeeded
                0x2000a3f0       0x70 C:/ISIS/workspace/CubeSat3/GlobusSatProject/..//hal/hal/lib\libHALD.a(Time.o)
                0x2000a3f0                Time_syncIfNeeded
 .text.Time_setSyncInterval
                0x2000a460       0x38 C:/ISIS/workspace/CubeSat3/GlobusSatProject/..//hal/hal/lib\libHALD.a(Time.o)
                0x2000a460                Time_setSyncInterval
 .text.WDT_start
                0x2000a498       0x48 C:/ISIS/workspace/CubeSat3/GlobusSatProject/..//hal/hal/lib\libHALD.a(WatchDogTimerNoOS.o)
                0x2000a498                WDT_start
 .text.WDT_startWatchdogKickTask
                0x2000a4e0       0xb4 C:/ISIS/workspace/CubeSat3/GlobusSatProject/..//hal/hal/lib\libHALD.a(WatchDogTimerOS.o)
                0x2000a4e0                WDT_startWatchdogKickTask
 .text.WDT_forceKickEveryNms
                0x2000a594       0x50 C:/ISIS/workspace/CubeSat3/GlobusSatProject/..//hal/hal/lib\libHALD.a(WatchDogTimerOS.o)
                0x2000a594                WDT_forceKickEveryNms
 .text.LED_glow
                0x2000a5e4       0x58 C:/ISIS/workspace/CubeSat3/GlobusSatProject/..//hal/hal/lib\libHALD.a(LED.o)
                0x2000a5e4                LED_glow
 .text.LED_dark
                0x2000a63c       0x58 C:/ISIS/workspace/CubeSat3/GlobusSatProject/..//hal/hal/lib\libHALD.a(LED.o)
                0x2000a63c                LED_dark
 .text.LED_toggle
                0x2000a694       0x50 C:/ISIS/workspace/CubeSat3/GlobusSatProject/..//hal/hal/lib\libHALD.a(LED.o)
                0x2000a694                LED_toggle
 .text.RTC_start
                0x2000a6e4       0x3c C:/ISIS/workspace/CubeSat3/GlobusSatProject/..//hal/hal/lib\libHALD.a(RTC.o)
                0x2000a6e4                RTC_start
 .text.RTC_setTime
                0x2000a720      0x2a4 C:/ISIS/workspace/CubeSat3/GlobusSatProject/..//hal/hal/lib\libHALD.a(RTC.o)
                0x2000a720                RTC_setTime
 .text.RTC_getTime
                0x2000a9c4      0x224 C:/ISIS/workspace/CubeSat3/GlobusSatProject/..//hal/hal/lib\libHALD.a(RTC.o)
                0x2000a9c4                RTC_getTime
 .text.RTC_checkTimeValid
                0x2000abe8       0xdc C:/ISIS/workspace/CubeSat3/GlobusSatProject/..//hal/hal/lib\libHALD.a(RTC.o)
                0x2000abe8                RTC_checkTimeValid
 .text.RTT_start
                0x2000acc4       0x24 C:/ISIS/workspace/CubeSat3/GlobusSatProject/..//hal/hal/lib\libHALD.a(RTT.o)
                0x2000acc4                RTT_start
 .text._f_get16bitl
                0x2000ace8       0x4c C:/ISIS/workspace/CubeSat3/GlobusSatProject/..//hal/hcc/lib\libHCCD.a(fat_common.o)
                0x2000ace8                _f_get16bitl
 .text._f_set16bitl
                0x2000ad34       0x54 C:/ISIS/workspace/CubeSat3/GlobusSatProject/..//hal/hcc/lib\libHCCD.a(fat_common.o)
                0x2000ad34                _f_set16bitl
 .text._f_get32bitl
                0x2000ad88       0x68 C:/ISIS/workspace/CubeSat3/GlobusSatProject/..//hal/hcc/lib\libHCCD.a(fat_common.o)
                0x2000ad88                _f_get32bitl
 .text._f_set32bitl
                0x2000adf0       0x78 C:/ISIS/workspace/CubeSat3/GlobusSatProject/..//hal/hcc/lib\libHCCD.a(fat_common.o)
                0x2000adf0                _f_set32bitl
 .text._get8bit
                0x2000ae68       0xa0 C:/ISIS/workspace/CubeSat3/GlobusSatProject/..//hal/hcc/lib\libHCCD.a(fat_common.o)
 .text._get16bitl
                0x2000af08       0x40 C:/ISIS/workspace/CubeSat3/GlobusSatProject/..//hal/hcc/lib\libHCCD.a(fat_common.o)
 .text._get32bitl
                0x2000af48       0x3c C:/ISIS/workspace/CubeSat3/GlobusSatProject/..//hal/hcc/lib\libHCCD.a(fat_common.o)
 .text._f_setcardremoved
                0x2000af84       0x94 C:/ISIS/workspace/CubeSat3/GlobusSatProject/..//hal/hcc/lib\libHCCD.a(fat_common.o)
 .text._f_checkstatus
                0x2000b018      0x104 C:/ISIS/workspace/CubeSat3/GlobusSatProject/..//hal/hcc/lib\libHCCD.a(fat_common.o)
                0x2000b018                _f_checkstatus
 .text._f_drvgetphy
                0x2000b11c      0x114 C:/ISIS/workspace/CubeSat3/GlobusSatProject/..//hal/hcc/lib\libHCCD.a(fat_common.o)
 .text._f_drvwritesector
                0x2000b230       0xdc C:/ISIS/workspace/CubeSat3/GlobusSatProject/..//hal/hcc/lib\libHCCD.a(fat_common.o)
 .text._f_drvreadsector
                0x2000b30c       0xa8 C:/ISIS/workspace/CubeSat3/GlobusSatProject/..//hal/hcc/lib\libHCCD.a(fat_common.o)
 .text._f_writesector
                0x2000b3b4      0x23c C:/ISIS/workspace/CubeSat3/GlobusSatProject/..//hal/hcc/lib\libHCCD.a(fat_common.o)
                0x2000b3b4                _f_writesector
 .text._f_readsector
                0x2000b5f0      0x1dc C:/ISIS/workspace/CubeSat3/GlobusSatProject/..//hal/hcc/lib\libHCCD.a(fat_common.o)
                0x2000b5f0                _f_readsector
 .text._f_getmaxcluster
                0x2000b7cc       0x94 C:/ISIS/workspace/CubeSat3/GlobusSatProject/..//hal/hcc/lib\libHCCD.a(fat_common.o)
                0x2000b7cc                _f_getmaxcluster
 .text._getsectorfromcluster
                0x2000b860       0x68 C:/ISIS/workspace/CubeSat3/GlobusSatProject/..//hal/hcc/lib\libHCCD.a(fat_common.o)
 .text._f_buildsectors
                0x2000b8c8      0x268 C:/ISIS/workspace/CubeSat3/GlobusSatProject/..//hal/hcc/lib\libHCCD.a(fat_common.o)
 .text._f_getbootrecord
                0x2000bb30      0x5e4 C:/ISIS/workspace/CubeSat3/GlobusSatProject/..//hal/hcc/lib\libHCCD.a(fat_common.o)
 .text._f_readbootrecord
                0x2000c114      0x4f8 C:/ISIS/workspace/CubeSat3/GlobusSatProject/..//hal/hcc/lib\libHCCD.a(fat_common.o)
 .text._f_flushcffiles
                0x2000c60c      0x17c C:/ISIS/workspace/CubeSat3/GlobusSatProject/..//hal/hcc/lib\libHCCD.a(fat_common.o)
                0x2000c60c                _f_flushcffiles
 .text._f_fatcache_flush
                0x2000c788      0x270 C:/ISIS/workspace/CubeSat3/GlobusSatProject/..//hal/hcc/lib\libHCCD.a(fat_common.o)
                0x2000c788                _f_fatcache_flush
 .text._f_writefatsector
                0x2000c9f8      0x100 C:/ISIS/workspace/CubeSat3/GlobusSatProject/..//hal/hcc/lib\libHCCD.a(fat_common.o)
                0x2000c9f8                _f_writefatsector
 .text._f_getfatsector
                0x2000caf8      0x3bc C:/ISIS/workspace/CubeSat3/GlobusSatProject/..//hal/hcc/lib\libHCCD.a(fat_common.o)
 .text._f_setclustervalue
                0x2000ceb4      0x490 C:/ISIS/workspace/CubeSat3/GlobusSatProject/..//hal/hcc/lib\libHCCD.a(fat_common.o)
                0x2000ceb4                _f_setclustervalue
 .text._f_getclustervalue
                0x2000d344      0x388 C:/ISIS/workspace/CubeSat3/GlobusSatProject/..//hal/hcc/lib\libHCCD.a(fat_common.o)
                0x2000d344                _f_getclustervalue
 .text._f_close_drive_files
                0x2000d6cc       0xac C:/ISIS/workspace/CubeSat3/GlobusSatProject/..//hal/hcc/lib\libHCCD.a(fat_common.o)
 .text._f_inc_mount_count
                0x2000d778       0xa4 C:/ISIS/workspace/CubeSat3/GlobusSatProject/..//hal/hcc/lib\libHCCD.a(fat_common.o)
 .text._f_getvolume
                0x2000d81c      0x2f8 C:/ISIS/workspace/CubeSat3/GlobusSatProject/..//hal/hcc/lib\libHCCD.a(fat_common.o)
                0x2000d81c                _f_getvolume
 .text._f_clustertopos
                0x2000db14       0xf8 C:/ISIS/workspace/CubeSat3/GlobusSatProject/..//hal/hcc/lib\libHCCD.a(fat_common.o)
                0x2000db14                _f_clustertopos
 .text._f_getcurrsector
                0x2000dc0c      0x6c8 C:/ISIS/workspace/CubeSat3/GlobusSatProject/..//hal/hcc/lib\libHCCD.a(fat_common.o)
                0x2000dc0c                _f_getcurrsector
 .text._f_getdecluster
                0x2000e2d4       0x90 C:/ISIS/workspace/CubeSat3/GlobusSatProject/..//hal/hcc/lib\libHCCD.a(fat_common.o)
                0x2000e2d4                _f_getdecluster
 .text._f_setdecluster
                0x2000e364       0x8c C:/ISIS/workspace/CubeSat3/GlobusSatProject/..//hal/hcc/lib\libHCCD.a(fat_common.o)
                0x2000e364                _f_setdecluster
 .text.fn_getdrive
                0x2000e3f0       0x30 C:/ISIS/workspace/CubeSat3/GlobusSatProject/..//hal/hcc/lib\libHCCD.a(fat_common.o)
                0x2000e3f0                fn_getdrive
 .text._f_getcurrenttimedate
                0x2000e420      0x138 C:/ISIS/workspace/CubeSat3/GlobusSatProject/..//hal/hcc/lib\libHCCD.a(fat_common.o)
                0x2000e420                _f_getcurrenttimedate
 .text._f_initentry
                0x2000e558       0xa0 C:/ISIS/workspace/CubeSat3/GlobusSatProject/..//hal/hcc/lib\libHCCD.a(fat_common.o)
                0x2000e558                _f_initentry
 .text._f_alloccluster
                0x2000e5f8      0x344 C:/ISIS/workspace/CubeSat3/GlobusSatProject/..//hal/hcc/lib\libHCCD.a(fat_common.o)
                0x2000e5f8                _f_alloccluster
 .text._f_dobadblock
                0x2000e93c      0x2cc C:/ISIS/workspace/CubeSat3/GlobusSatProject/..//hal/hcc/lib\libHCCD.a(fat_common.o)
                0x2000e93c                _f_dobadblock
 .text._f_checklocked
                0x2000ec08       0xe4 C:/ISIS/workspace/CubeSat3/GlobusSatProject/..//hal/hcc/lib\libHCCD.a(fat_common.o)
                0x2000ec08                _f_checklocked
 .text._f_checkappendlocked
                0x2000ecec      0x110 C:/ISIS/workspace/CubeSat3/GlobusSatProject/..//hal/hcc/lib\libHCCD.a(fat_common.o)
                0x2000ecec                _f_checkappendlocked
 .text._f_setsyncafile
                0x2000edfc      0x114 C:/ISIS/workspace/CubeSat3/GlobusSatProject/..//hal/hcc/lib\libHCCD.a(fat_common.o)
                0x2000edfc                _f_setsyncafile
 .text._f_syncfiles
                0x2000ef10      0x128 C:/ISIS/workspace/CubeSat3/GlobusSatProject/..//hal/hcc/lib\libHCCD.a(fat_common.o)
                0x2000ef10                _f_syncfiles
 .text._f_syncfilescontent
                0x2000f038      0x15c C:/ISIS/workspace/CubeSat3/GlobusSatProject/..//hal/hcc/lib\libHCCD.a(fat_common.o)
 .text._f_emptywritecache
                0x2000f194      0x4a4 C:/ISIS/workspace/CubeSat3/GlobusSatProject/..//hal/hcc/lib\libHCCD.a(fat_common.o)
 .text._f_allocnextcluster
                0x2000f638      0x54c C:/ISIS/workspace/CubeSat3/GlobusSatProject/..//hal/hcc/lib\libHCCD.a(fat_common.o)
 .text._f_emptywritebuffer
                0x2000fb84      0x20c C:/ISIS/workspace/CubeSat3/GlobusSatProject/..//hal/hcc/lib\libHCCD.a(fat_common.o)
 .text._f_writezeros
                0x2000fd90       0xf0 C:/ISIS/workspace/CubeSat3/GlobusSatProject/..//hal/hcc/lib\libHCCD.a(fat_common.o)
                0x2000fd90                _f_writezeros
 .text._f_extend_file
                0x2000fe80      0x570 C:/ISIS/workspace/CubeSat3/GlobusSatProject/..//hal/hcc/lib\libHCCD.a(fat_common.o)
 .text._f_fseek
                0x200103f0      0x9bc C:/ISIS/workspace/CubeSat3/GlobusSatProject/..//hal/hcc/lib\libHCCD.a(fat_common.o)
                0x200103f0                _f_fseek
 .text._f_removechain
                0x20010dac      0x104 C:/ISIS/workspace/CubeSat3/GlobusSatProject/..//hal/hcc/lib\libHCCD.a(fat_common.o)
                0x20010dac                _f_removechain
 .text._f_updatefileentry
                0x20010eb0      0x1cc C:/ISIS/workspace/CubeSat3/GlobusSatProject/..//hal/hcc/lib\libHCCD.a(fat_common.o)
 .text._f_checkreadlocked
                0x2001107c      0x1bc C:/ISIS/workspace/CubeSat3/GlobusSatProject/..//hal/hcc/lib\libHCCD.a(fat_common.o)
                0x2001107c                _f_checkreadlocked
 .text._f_check_handle
                0x20011238       0x98 C:/ISIS/workspace/CubeSat3/GlobusSatProject/..//hal/hcc/lib\libHCCD.a(fat_common.o)
                0x20011238                _f_check_handle
 .text._f_removesyncafile
                0x200112d0      0x1ec C:/ISIS/workspace/CubeSat3/GlobusSatProject/..//hal/hcc/lib\libHCCD.a(fat_common.o)
 .text.fn_close
                0x200114bc      0x3f8 C:/ISIS/workspace/CubeSat3/GlobusSatProject/..//hal/hcc/lib\libHCCD.a(fat_common.o)
                0x200114bc                fn_close
 .text.fn_flush
                0x200118b4      0x374 C:/ISIS/workspace/CubeSat3/GlobusSatProject/..//hal/hcc/lib\libHCCD.a(fat_common.o)
                0x200118b4                fn_flush
 .text._f_abortwrite
                0x20011c28      0x100 C:/ISIS/workspace/CubeSat3/GlobusSatProject/..//hal/hcc/lib\libHCCD.a(fat_common.o)
 .text._f_checkwritecluster
                0x20011d28       0xe4 C:/ISIS/workspace/CubeSat3/GlobusSatProject/..//hal/hcc/lib\libHCCD.a(fat_common.o)
 .text.fn_write
                0x20011e0c      0x8a8 C:/ISIS/workspace/CubeSat3/GlobusSatProject/..//hal/hcc/lib\libHCCD.a(fat_common.o)
                0x20011e0c                fn_write
 .text.f_releaseFS
                0x200126b4       0xb0 C:/ISIS/workspace/CubeSat3/GlobusSatProject/..//hal/hcc/lib\libHCCD.a(fat_common.o)
                0x200126b4                f_releaseFS
 .text.fnGetTask
                0x20012764       0xfc C:/ISIS/workspace/CubeSat3/GlobusSatProject/..//hal/hcc/lib\libHCCD.a(fat_common.o)
                0x20012764                fnGetTask
 .text._f_mutex_get
                0x20012860       0x98 C:/ISIS/workspace/CubeSat3/GlobusSatProject/..//hal/hcc/lib\libHCCD.a(fat_common.o)
                0x20012860                _f_mutex_get
 .text._f_mutex_put
                0x200128f8       0x54 C:/ISIS/workspace/CubeSat3/GlobusSatProject/..//hal/hcc/lib\libHCCD.a(fat_common.o)
                0x200128f8                _f_mutex_put
 .text._fn_initseekdivisor
                0x2001294c      0x158 C:/ISIS/workspace/CubeSat3/GlobusSatProject/..//hal/hcc/lib\libHCCD.a(fat_common.o)
                0x2001294c                _fn_initseekdivisor
 .text._fn_updateseekpos
                0x20012aa4       0xc4 C:/ISIS/workspace/CubeSat3/GlobusSatProject/..//hal/hcc/lib\libHCCD.a(fat_common.o)
 .text.fn_setlasterror
                0x20012b68       0x34 C:/ISIS/workspace/CubeSat3/GlobusSatProject/..//hal/hcc/lib\libHCCD.a(fat_common.o)
                0x20012b68                fn_setlasterror
 .text.fn_setlasterror_noret
                0x20012b9c       0x2c C:/ISIS/workspace/CubeSat3/GlobusSatProject/..//hal/hcc/lib\libHCCD.a(fat_common.o)
                0x20012b9c                fn_setlasterror_noret
 .text.fm_close
                0x20012bc8       0x60 C:/ISIS/workspace/CubeSat3/GlobusSatProject/..//hal/hcc/lib\libHCCD.a(fat_m.o)
                0x20012bc8                fm_close
 .text.fm_flush
                0x20012c28       0x60 C:/ISIS/workspace/CubeSat3/GlobusSatProject/..//hal/hcc/lib\libHCCD.a(fat_m.o)
                0x20012c28                fm_flush
 .text.fm_open  0x20012c88       0x68 C:/ISIS/workspace/CubeSat3/GlobusSatProject/..//hal/hcc/lib\libHCCD.a(fat_m.o)
                0x20012c88                fm_open
 .text.fm_write
                0x20012cf0       0x7c C:/ISIS/workspace/CubeSat3/GlobusSatProject/..//hal/hcc/lib\libHCCD.a(fat_m.o)
                0x20012cf0                fm_write
 .text._s_checkzeroclusteratend
                0x20012d6c       0xf8 C:/ISIS/workspace/CubeSat3/GlobusSatProject/..//hal/hcc/lib\libHCCD.a(safefat.o)
 .text._s_clearclustercontent
                0x20012e64      0x108 C:/ISIS/workspace/CubeSat3/GlobusSatProject/..//hal/hcc/lib\libHCCD.a(safefat.o)
 .text._s_clearclustercontentdir
                0x20012f6c      0x19c C:/ISIS/workspace/CubeSat3/GlobusSatProject/..//hal/hcc/lib\libHCCD.a(safefat.o)
 .text._s_writedirsector
                0x20013108       0xd0 C:/ISIS/workspace/CubeSat3/GlobusSatProject/..//hal/hcc/lib\libHCCD.a(safefat.o)
 .text._s_getdirsector
                0x200131d8      0x100 C:/ISIS/workspace/CubeSat3/GlobusSatProject/..//hal/hcc/lib\libHCCD.a(safefat.o)
 .text._s_addentry
                0x200132d8      0x394 C:/ISIS/workspace/CubeSat3/GlobusSatProject/..//hal/hcc/lib\libHCCD.a(safefat.o)
 .text._s_findfile
                0x2001366c      0x33c C:/ISIS/workspace/CubeSat3/GlobusSatProject/..//hal/hcc/lib\libHCCD.a(safefat.o)
 .text._s_findsubdir
                0x200139a8      0x248 C:/ISIS/workspace/CubeSat3/GlobusSatProject/..//hal/hcc/lib\libHCCD.a(safefat.o)
 .text._s_createfile
                0x20013bf0      0x190 C:/ISIS/workspace/CubeSat3/GlobusSatProject/..//hal/hcc/lib\libHCCD.a(safefat.o)
 .text._s_findsaffile
                0x20013d80      0x1b8 C:/ISIS/workspace/CubeSat3/GlobusSatProject/..//hal/hcc/lib\libHCCD.a(safefat.o)
 .text._s_open  0x20013f38       0xe4 C:/ISIS/workspace/CubeSat3/GlobusSatProject/..//hal/hcc/lib\libHCCD.a(safefat.o)
 .text._s_open_saf
                0x2001401c       0xe8 C:/ISIS/workspace/CubeSat3/GlobusSatProject/..//hal/hcc/lib\libHCCD.a(safefat.o)
 .text._s_flush
                0x20014104       0x84 C:/ISIS/workspace/CubeSat3/GlobusSatProject/..//hal/hcc/lib\libHCCD.a(safefat.o)
 .text._s_allocnextcluster
                0x20014188      0x13c C:/ISIS/workspace/CubeSat3/GlobusSatProject/..//hal/hcc/lib\libHCCD.a(safefat.o)
 .text._s_getnextsector
                0x200142c4       0xdc C:/ISIS/workspace/CubeSat3/GlobusSatProject/..//hal/hcc/lib\libHCCD.a(safefat.o)
 .text._s_seek  0x200143a0      0x1e8 C:/ISIS/workspace/CubeSat3/GlobusSatProject/..//hal/hcc/lib\libHCCD.a(safefat.o)
 .text._s_read  0x20014588      0x228 C:/ISIS/workspace/CubeSat3/GlobusSatProject/..//hal/hcc/lib\libHCCD.a(safefat.o)
 .text._s_write
                0x200147b0      0x384 C:/ISIS/workspace/CubeSat3/GlobusSatProject/..//hal/hcc/lib\libHCCD.a(safefat.o)
 .text._s_restoreclusters
                0x20014b34      0x270 C:/ISIS/workspace/CubeSat3/GlobusSatProject/..//hal/hcc/lib\libHCCD.a(safefat.o)
                0x20014b34                _s_restoreclusters
 .text._s_findrestore
                0x20014da4      0x18c C:/ISIS/workspace/CubeSat3/GlobusSatProject/..//hal/hcc/lib\libHCCD.a(safefat.o)
 .text._s_cmd_writede
                0x20014f30       0xd8 C:/ISIS/workspace/CubeSat3/GlobusSatProject/..//hal/hcc/lib\libHCCD.a(safefat.o)
 .text._s_cmd_setcluster
                0x20015008       0x88 C:/ISIS/workspace/CubeSat3/GlobusSatProject/..//hal/hcc/lib\libHCCD.a(safefat.o)
 .text._s_cmd_deletechain
                0x20015090      0x100 C:/ISIS/workspace/CubeSat3/GlobusSatProject/..//hal/hcc/lib\libHCCD.a(safefat.o)
 .text._s_cmd_validatecfn
                0x20015190      0x308 C:/ISIS/workspace/CubeSat3/GlobusSatProject/..//hal/hcc/lib\libHCCD.a(safefat.o)
 .text._s_cmd_seteof
                0x20015498      0x3c4 C:/ISIS/workspace/CubeSat3/GlobusSatProject/..//hal/hcc/lib\libHCCD.a(safefat.o)
 .text.safe_docommands
                0x2001585c      0x56c C:/ISIS/workspace/CubeSat3/GlobusSatProject/..//hal/hcc/lib\libHCCD.a(safefat.o)
                0x2001585c                safe_docommands
 .text.safe_entercommand
                0x20015dc8       0x68 C:/ISIS/workspace/CubeSat3/GlobusSatProject/..//hal/hcc/lib\libHCCD.a(safefat.o)
                0x20015dc8                safe_entercommand
 .text.safe_ready
                0x20015e30       0xf4 C:/ISIS/workspace/CubeSat3/GlobusSatProject/..//hal/hcc/lib\libHCCD.a(safefat.o)
                0x20015e30                safe_ready
 .text.safe_copycfn
                0x20015f24       0xb8 C:/ISIS/workspace/CubeSat3/GlobusSatProject/..//hal/hcc/lib\libHCCD.a(safefat.o)
                0x20015f24                safe_copycfn
 .text.safe_cfremove
                0x20015fdc       0xb8 C:/ISIS/workspace/CubeSat3/GlobusSatProject/..//hal/hcc/lib\libHCCD.a(safefat.o)
                0x20015fdc                safe_cfremove
 .text.safe_writede
                0x20016094      0x104 C:/ISIS/workspace/CubeSat3/GlobusSatProject/..//hal/hcc/lib\libHCCD.a(safefat.o)
                0x20016094                safe_writede
 .text.safe_setcluster
                0x20016198       0xcc C:/ISIS/workspace/CubeSat3/GlobusSatProject/..//hal/hcc/lib\libHCCD.a(safefat.o)
                0x20016198                safe_setcluster
 .text.safe_deletechain
                0x20016264      0x1c8 C:/ISIS/workspace/CubeSat3/GlobusSatProject/..//hal/hcc/lib\libHCCD.a(safefat.o)
                0x20016264                safe_deletechain
 .text.safe_cfclose
                0x2001642c      0x104 C:/ISIS/workspace/CubeSat3/GlobusSatProject/..//hal/hcc/lib\libHCCD.a(safefat.o)
                0x2001642c                safe_cfclose
 .text.safe_cfflush
                0x20016530      0x124 C:/ISIS/workspace/CubeSat3/GlobusSatProject/..//hal/hcc/lib\libHCCD.a(safefat.o)
                0x20016530                safe_cfflush
 .text.safe_reset
                0x20016654       0x78 C:/ISIS/workspace/CubeSat3/GlobusSatProject/..//hal/hcc/lib\libHCCD.a(safefat.o)
                0x20016654                safe_reset
 .text.safe_loadcommands
                0x200166cc       0x78 C:/ISIS/workspace/CubeSat3/GlobusSatProject/..//hal/hcc/lib\libHCCD.a(safefat.o)
                0x200166cc                safe_loadcommands
 .text.safe_poweron
                0x20016744      0x1fc C:/ISIS/workspace/CubeSat3/GlobusSatProject/..//hal/hcc/lib\libHCCD.a(safefat.o)
                0x20016744                safe_poweron
 .text.cf_getname
                0x20016940       0xc0 C:/ISIS/workspace/CubeSat3/GlobusSatProject/..//hal/hcc/lib\libHCCD.a(safefat.o)
 .text.cf_copyclusterchain
                0x20016a00      0x138 C:/ISIS/workspace/CubeSat3/GlobusSatProject/..//hal/hcc/lib\libHCCD.a(safefat.o)
 .text.cf_seektozero
                0x20016b38       0x94 C:/ISIS/workspace/CubeSat3/GlobusSatProject/..//hal/hcc/lib\libHCCD.a(safefat.o)
                0x20016b38                cf_seektozero
 .text.cf_create
                0x20016bcc      0x3a8 C:/ISIS/workspace/CubeSat3/GlobusSatProject/..//hal/hcc/lib\libHCCD.a(safefat.o)
                0x20016bcc                cf_create
 .text.cf_copyclustercontent
                0x20016f74      0x128 C:/ISIS/workspace/CubeSat3/GlobusSatProject/..//hal/hcc/lib\libHCCD.a(safefat.o)
                0x20016f74                cf_copyclustercontent
 .text.cf_copycfn
                0x2001709c      0x4bc C:/ISIS/workspace/CubeSat3/GlobusSatProject/..//hal/hcc/lib\libHCCD.a(safefat.o)
                0x2001709c                cf_copycfn
 .text.cf_remove
                0x20017558      0x344 C:/ISIS/workspace/CubeSat3/GlobusSatProject/..//hal/hcc/lib\libHCCD.a(safefat.o)
                0x20017558                cf_remove
 .text.cf_setclusternew
                0x2001789c       0xf0 C:/ISIS/workspace/CubeSat3/GlobusSatProject/..//hal/hcc/lib\libHCCD.a(safefat.o)
                0x2001789c                cf_setclusternew
 .text.cf_flush
                0x2001798c       0x58 C:/ISIS/workspace/CubeSat3/GlobusSatProject/..//hal/hcc/lib\libHCCD.a(safefat.o)
                0x2001798c                cf_flush
 .text.cf_getcluster
                0x200179e4      0x1b4 C:/ISIS/workspace/CubeSat3/GlobusSatProject/..//hal/hcc/lib\libHCCD.a(safefat.o)
                0x200179e4                cf_getcluster
 .text.cf_setnextcluster
                0x20017b98      0x194 C:/ISIS/workspace/CubeSat3/GlobusSatProject/..//hal/hcc/lib\libHCCD.a(safefat.o)
                0x20017b98                cf_setnextcluster
 .text.cf_getpositions
                0x20017d2c       0xbc C:/ISIS/workspace/CubeSat3/GlobusSatProject/..//hal/hcc/lib\libHCCD.a(safefat.o)
                0x20017d2c                cf_getpositions
 .text.cf_setpositions
                0x20017de8       0xb0 C:/ISIS/workspace/CubeSat3/GlobusSatProject/..//hal/hcc/lib\libHCCD.a(safefat.o)
                0x20017de8                cf_setpositions
 .text.cf_opensyncafile
                0x20017e98      0x150 C:/ISIS/workspace/CubeSat3/GlobusSatProject/..//hal/hcc/lib\libHCCD.a(safefat.o)
                0x20017e98                cf_opensyncafile
 .text.cf_reloadcfo
                0x20017fe8       0xd8 C:/ISIS/workspace/CubeSat3/GlobusSatProject/..//hal/hcc/lib\libHCCD.a(safefat.o)
                0x20017fe8                cf_reloadcfo
 .text.oal_mutex_get
                0x200180c0       0x58 C:/ISIS/workspace/CubeSat3/GlobusSatProject/..//hal/hcc/lib\libHCCD.a(oalp_mutex.o)
                0x200180c0                oal_mutex_get
 .text.oal_mutex_put
                0x20018118       0x58 C:/ISIS/workspace/CubeSat3/GlobusSatProject/..//hal/hcc/lib\libHCCD.a(oalp_mutex.o)
                0x20018118                oal_mutex_put
 .text.oal_task_get_id
                0x20018170       0x18 C:/ISIS/workspace/CubeSat3/GlobusSatProject/..//hal/hcc/lib\libHCCD.a(oalp_task.o)
                0x20018170                oal_task_get_id
 .text.psp_getcurrenttimedate
                0x20018188       0x8c C:/ISIS/workspace/CubeSat3/GlobusSatProject/..//hal/hcc/lib\libHCCD.a(psp_rtc.o)
                0x20018188                psp_getcurrenttimedate
 .text._f_invalidatedir
                0x20018214       0x28 C:/ISIS/workspace/CubeSat3/GlobusSatProject/..//hal/hcc/lib\libHCCD.a(fat.o)
                0x20018214                _f_invalidatedir
 .text._f_getdirsector
                0x2001823c       0x88 C:/ISIS/workspace/CubeSat3/GlobusSatProject/..//hal/hcc/lib\libHCCD.a(fat.o)
                0x2001823c                _f_getdirsector
 .text._f_writedirsector
                0x200182c4       0x74 C:/ISIS/workspace/CubeSat3/GlobusSatProject/..//hal/hcc/lib\libHCCD.a(fat.o)
                0x200182c4                _f_writedirsector
 .text._f_checknameinv
                0x20018338      0x180 C:/ISIS/workspace/CubeSat3/GlobusSatProject/..//hal/hcc/lib\libHCCD.a(fat.o)
 .text._f_checkname
                0x200184b8       0x7c C:/ISIS/workspace/CubeSat3/GlobusSatProject/..//hal/hcc/lib\libHCCD.a(fat.o)
 .text._f_checknamewc
                0x20018534       0xf8 C:/ISIS/workspace/CubeSat3/GlobusSatProject/..//hal/hcc/lib\libHCCD.a(fat.o)
 .text._f_setnameext
                0x2001862c      0x300 C:/ISIS/workspace/CubeSat3/GlobusSatProject/..//hal/hcc/lib\libHCCD.a(fat.o)
 .text._f_setfsname
                0x2001892c      0x584 C:/ISIS/workspace/CubeSat3/GlobusSatProject/..//hal/hcc/lib\libHCCD.a(fat.o)
 .text._f_findfile
                0x20018eb0      0x30c C:/ISIS/workspace/CubeSat3/GlobusSatProject/..//hal/hcc/lib\libHCCD.a(fat.o)
 .text._f_findpath
                0x200191bc      0x35c C:/ISIS/workspace/CubeSat3/GlobusSatProject/..//hal/hcc/lib\libHCCD.a(fat.o)
 .text.fn_getdcwd
                0x20019518      0x1e0 C:/ISIS/workspace/CubeSat3/GlobusSatProject/..//hal/hcc/lib\libHCCD.a(fat.o)
                0x20019518                fn_getdcwd
 .text._f_lock_resfile
                0x200196f8       0x6c C:/ISIS/workspace/CubeSat3/GlobusSatProject/..//hal/hcc/lib\libHCCD.a(fat.o)
 .text._f_unlock_resfile
                0x20019764       0x40 C:/ISIS/workspace/CubeSat3/GlobusSatProject/..//hal/hcc/lib\libHCCD.a(fat.o)
 .text._f_getintfile
                0x200197a4      0x124 C:/ISIS/workspace/CubeSat3/GlobusSatProject/..//hal/hcc/lib\libHCCD.a(fat.o)
 .text._f_addentry
                0x200198c8      0x540 C:/ISIS/workspace/CubeSat3/GlobusSatProject/..//hal/hcc/lib\libHCCD.a(fat.o)
 .text.fn_open_sub
                0x20019e08     0x1698 C:/ISIS/workspace/CubeSat3/GlobusSatProject/..//hal/hcc/lib\libHCCD.a(fat.o)
 .text.fn_open  0x2001b4a0       0x44 C:/ISIS/workspace/CubeSat3/GlobusSatProject/..//hal/hcc/lib\libHCCD.a(fat.o)
                0x2001b4a0                fn_open
 .text.makeAntStransfer
                0x2001b4e4       0x4c C:/ISIS/workspace/satellite-subsystems/satellite-subsystems/lib\libSatelliteSubsystemsD.a(IsisAntS.o)
 .text.checkInputsValid
                0x2001b530       0x7c C:/ISIS/workspace/satellite-subsystems/satellite-subsystems/lib\libSatelliteSubsystemsD.a(IsisAntS.o)
 .text.IsisAntS_initialize
                0x2001b5ac      0x26c C:/ISIS/workspace/satellite-subsystems/satellite-subsystems/lib\libSatelliteSubsystemsD.a(IsisAntS.o)
                0x2001b5ac                IsisAntS_initialize
 .text.IsisAntS_autoDeployment
                0x2001b818      0x114 C:/ISIS/workspace/satellite-subsystems/satellite-subsystems/lib\libSatelliteSubsystemsD.a(IsisAntS.o)
                0x2001b818                IsisAntS_autoDeployment
 .text._make_IsisEPStransfer
                0x2001b92c       0x3c C:/ISIS/workspace/satellite-subsystems/satellite-subsystems/lib\libSatelliteSubsystemsD.a(IsisEPS.o)
 .text.IsisEPS_initialize
                0x2001b968      0x18c C:/ISIS/workspace/satellite-subsystems/satellite-subsystems/lib\libSatelliteSubsystemsD.a(IsisEPS.o)
                0x2001b968                IsisEPS_initialize
 .text.IsisEPS_getEngHKDataCDB
                0x2001baf4      0x154 C:/ISIS/workspace/satellite-subsystems/satellite-subsystems/lib\libSatelliteSubsystemsD.a(IsisEPS.o)
                0x2001baf4                IsisEPS_getEngHKDataCDB
 .text.IsisSolarPanelv2_initialize
                0x2001bc48       0xb4 C:/ISIS/workspace/satellite-subsystems/satellite-subsystems/lib\libSatelliteSubsystemsD.a(IsisSolarPanelv2.o)
                0x2001bc48                IsisSolarPanelv2_initialize
 .text.IsisSolarPanelv2_sleep
                0x2001bcfc       0xbc C:/ISIS/workspace/satellite-subsystems/satellite-subsystems/lib\libSatelliteSubsystemsD.a(IsisSolarPanelv2.o)
                0x2001bcfc                IsisSolarPanelv2_sleep
 .text._Reset   0x2001bdb8       0x20 C:/ISIS/workspace/satellite-subsystems/satellite-subsystems/lib\libSatelliteSubsystemsD.a(IsisSolarPanelv2.o)
 .text._WaitForStartup
                0x2001bdd8       0x90 C:/ISIS/workspace/satellite-subsystems/satellite-subsystems/lib\libSatelliteSubsystemsD.a(IsisSolarPanelv2.o)
 .text._AssignAllChannels
                0x2001be68       0x90 C:/ISIS/workspace/satellite-subsystems/satellite-subsystems/lib\libSatelliteSubsystemsD.a(IsisSolarPanelv2.o)
 .text._AssignThisChannel
                0x2001bef8       0xe8 C:/ISIS/workspace/satellite-subsystems/satellite-subsystems/lib\libSatelliteSubsystemsD.a(IsisSolarPanelv2.o)
 .text._ExtractByte
                0x2001bfe0       0x38 C:/ISIS/workspace/satellite-subsystems/satellite-subsystems/lib\libSatelliteSubsystemsD.a(IsisSolarPanelv2.o)
 .text._PinsInit
                0x2001c018       0x50 C:/ISIS/workspace/satellite-subsystems/satellite-subsystems/lib\libSatelliteSubsystemsD.a(IsisSolarPanelv2.o)
 .text._SpiWriteRead
                0x2001c068       0x70 C:/ISIS/workspace/satellite-subsystems/satellite-subsystems/lib\libSatelliteSubsystemsD.a(IsisSolarPanelv2.o)
 .text.IsisTrxvu_initialize
                0x2001c0d8      0x2f4 C:/ISIS/workspace/satellite-subsystems/satellite-subsystems/lib\libSatelliteSubsystemsD.a(IsisTRXVU.o)
                0x2001c0d8                IsisTrxvu_initialize
 .text.xQueueGenericReset
                0x2001c3cc      0x150 C:/ISIS/workspace/CubeSat3/GlobusSatProject/..//hal/freertos/lib\libFreeRTOSD.a(queue.o)
                0x2001c3cc                xQueueGenericReset
 .text.xQueueGenericCreate
                0x2001c51c       0xfc C:/ISIS/workspace/CubeSat3/GlobusSatProject/..//hal/freertos/lib\libFreeRTOSD.a(queue.o)
                0x2001c51c                xQueueGenericCreate
 .text.xQueueCreateMutex
                0x2001c618      0x110 C:/ISIS/workspace/CubeSat3/GlobusSatProject/..//hal/freertos/lib\libFreeRTOSD.a(queue.o)
                0x2001c618                xQueueCreateMutex
 .text.xQueueGenericSend
                0x2001c728      0x268 C:/ISIS/workspace/CubeSat3/GlobusSatProject/..//hal/freertos/lib\libFreeRTOSD.a(queue.o)
                0x2001c728                xQueueGenericSend
 .text.xQueueGenericSendFromISR
                0x2001c990      0x19c C:/ISIS/workspace/CubeSat3/GlobusSatProject/..//hal/freertos/lib\libFreeRTOSD.a(queue.o)
                0x2001c990                xQueueGenericSendFromISR
 .text.xQueueGenericReceive
                0x2001cb2c      0x2cc C:/ISIS/workspace/CubeSat3/GlobusSatProject/..//hal/freertos/lib\libFreeRTOSD.a(queue.o)
                0x2001cb2c                xQueueGenericReceive
 .text.uxQueueMessagesWaiting
                0x2001cdf8       0x6c C:/ISIS/workspace/CubeSat3/GlobusSatProject/..//hal/freertos/lib\libFreeRTOSD.a(queue.o)
                0x2001cdf8                uxQueueMessagesWaiting
 .text.vQueueDelete
                0x2001ce64       0x78 C:/ISIS/workspace/CubeSat3/GlobusSatProject/..//hal/freertos/lib\libFreeRTOSD.a(queue.o)
                0x2001ce64                vQueueDelete
 .text.prvCopyDataToQueue
                0x2001cedc      0x190 C:/ISIS/workspace/CubeSat3/GlobusSatProject/..//hal/freertos/lib\libFreeRTOSD.a(queue.o)
 .text.prvCopyDataFromQueue
                0x2001d06c       0x90 C:/ISIS/workspace/CubeSat3/GlobusSatProject/..//hal/freertos/lib\libFreeRTOSD.a(queue.o)
 .text.prvUnlockQueue
                0x2001d0fc      0x100 C:/ISIS/workspace/CubeSat3/GlobusSatProject/..//hal/freertos/lib\libFreeRTOSD.a(queue.o)
 .text.prvIsQueueEmpty
                0x2001d1fc       0x4c C:/ISIS/workspace/CubeSat3/GlobusSatProject/..//hal/freertos/lib\libFreeRTOSD.a(queue.o)
 .text.prvIsQueueFull
                0x2001d248       0x54 C:/ISIS/workspace/CubeSat3/GlobusSatProject/..//hal/freertos/lib\libFreeRTOSD.a(queue.o)
 .text.vQueueUnregisterQueue
                0x2001d29c       0x80 C:/ISIS/workspace/CubeSat3/GlobusSatProject/..//hal/freertos/lib\libFreeRTOSD.a(queue.o)
                0x2001d29c                vQueueUnregisterQueue
 .text.xTaskGenericCreate
                0x2001d31c      0x2ac C:/ISIS/workspace/CubeSat3/GlobusSatProject/..//hal/freertos/lib\libFreeRTOSD.a(tasks.o)
                0x2001d31c                xTaskGenericCreate
 .text.vTaskDelete
                0x2001d5c8       0xe8 C:/ISIS/workspace/CubeSat3/GlobusSatProject/..//hal/freertos/lib\libFreeRTOSD.a(tasks.o)
                0x2001d5c8                vTaskDelete
 .text.vTaskDelay
                0x2001d6b0       0x80 C:/ISIS/workspace/CubeSat3/GlobusSatProject/..//hal/freertos/lib\libFreeRTOSD.a(tasks.o)
                0x2001d6b0                vTaskDelay
 .text.vTaskStartScheduler
                0x2001d730       0xd4 C:/ISIS/workspace/CubeSat3/GlobusSatProject/..//hal/freertos/lib\libFreeRTOSD.a(tasks.o)
                0x2001d730                vTaskStartScheduler
 .text.vTaskSuspendAll
                0x2001d804       0x2c C:/ISIS/workspace/CubeSat3/GlobusSatProject/..//hal/freertos/lib\libFreeRTOSD.a(tasks.o)
                0x2001d804                vTaskSuspendAll
 .text.xTaskResumeAll
                0x2001d830      0x1f4 C:/ISIS/workspace/CubeSat3/GlobusSatProject/..//hal/freertos/lib\libFreeRTOSD.a(tasks.o)
                0x2001d830                xTaskResumeAll
 .text.xTaskGetTickCount
                0x2001da24       0x34 C:/ISIS/workspace/CubeSat3/GlobusSatProject/..//hal/freertos/lib\libFreeRTOSD.a(tasks.o)
                0x2001da24                xTaskGetTickCount
 .text.xTaskIncrementTick
                0x2001da58      0x298 C:/ISIS/workspace/CubeSat3/GlobusSatProject/..//hal/freertos/lib\libFreeRTOSD.a(tasks.o)
                0x2001da58                xTaskIncrementTick
 .text.vTaskSwitchContext
                0x2001dcf0      0x18c C:/ISIS/workspace/CubeSat3/GlobusSatProject/..//hal/freertos/lib\libFreeRTOSD.a(tasks.o)
                0x2001dcf0                vTaskSwitchContext
 .text.vTaskPlaceOnEventList
                0x2001de7c       0xcc C:/ISIS/workspace/CubeSat3/GlobusSatProject/..//hal/freertos/lib\libFreeRTOSD.a(tasks.o)
                0x2001de7c                vTaskPlaceOnEventList
 .text.xTaskRemoveFromEventList
                0x2001df48      0x160 C:/ISIS/workspace/CubeSat3/GlobusSatProject/..//hal/freertos/lib\libFreeRTOSD.a(tasks.o)
                0x2001df48                xTaskRemoveFromEventList
 .text.vTaskSetTimeOutState
                0x2001e0a8       0x78 C:/ISIS/workspace/CubeSat3/GlobusSatProject/..//hal/freertos/lib\libFreeRTOSD.a(tasks.o)
                0x2001e0a8                vTaskSetTimeOutState
 .text.xTaskCheckForTimeOut
                0x2001e120      0x158 C:/ISIS/workspace/CubeSat3/GlobusSatProject/..//hal/freertos/lib\libFreeRTOSD.a(tasks.o)
                0x2001e120                xTaskCheckForTimeOut
 .text.vTaskMissedYield
                0x2001e278       0x24 C:/ISIS/workspace/CubeSat3/GlobusSatProject/..//hal/freertos/lib\libFreeRTOSD.a(tasks.o)
                0x2001e278                vTaskMissedYield
 .text.prvIdleTask
                0x2001e29c       0x20 C:/ISIS/workspace/CubeSat3/GlobusSatProject/..//hal/freertos/lib\libFreeRTOSD.a(tasks.o)
 .text.prvInitialiseTCBVariables
                0x2001e2bc      0x110 C:/ISIS/workspace/CubeSat3/GlobusSatProject/..//hal/freertos/lib\libFreeRTOSD.a(tasks.o)
 .text.prvInitialiseTaskLists
                0x2001e3cc       0xbc C:/ISIS/workspace/CubeSat3/GlobusSatProject/..//hal/freertos/lib\libFreeRTOSD.a(tasks.o)
 .text.prvCheckTasksWaitingTermination
                0x2001e488       0xbc C:/ISIS/workspace/CubeSat3/GlobusSatProject/..//hal/freertos/lib\libFreeRTOSD.a(tasks.o)
 .text.prvAddCurrentTaskToDelayedList
                0x2001e544       0xb4 C:/ISIS/workspace/CubeSat3/GlobusSatProject/..//hal/freertos/lib\libFreeRTOSD.a(tasks.o)
 .text.prvAllocateTCBAndStack
                0x2001e5f8       0xb4 C:/ISIS/workspace/CubeSat3/GlobusSatProject/..//hal/freertos/lib\libFreeRTOSD.a(tasks.o)
 .text.prvDeleteTCB
                0x2001e6ac       0x30 C:/ISIS/workspace/CubeSat3/GlobusSatProject/..//hal/freertos/lib\libFreeRTOSD.a(tasks.o)
 .text.xTaskGetCurrentTaskHandle
                0x2001e6dc       0x30 C:/ISIS/workspace/CubeSat3/GlobusSatProject/..//hal/freertos/lib\libFreeRTOSD.a(tasks.o)
                0x2001e6dc                xTaskGetCurrentTaskHandle
 .text.xTaskGetSchedulerState
                0x2001e70c       0x68 C:/ISIS/workspace/CubeSat3/GlobusSatProject/..//hal/freertos/lib\libFreeRTOSD.a(tasks.o)
                0x2001e70c                xTaskGetSchedulerState
 .text.vTaskPriorityInherit
                0x2001e774      0x148 C:/ISIS/workspace/CubeSat3/GlobusSatProject/..//hal/freertos/lib\libFreeRTOSD.a(tasks.o)
                0x2001e774                vTaskPriorityInherit
 .text.vTaskPriorityDisinherit
                0x2001e8bc       0xdc C:/ISIS/workspace/CubeSat3/GlobusSatProject/..//hal/freertos/lib\libFreeRTOSD.a(tasks.o)
                0x2001e8bc                vTaskPriorityDisinherit
 .text.vApplicationStackOverflowHook
                0x2001e998       0x4c C:/ISIS/workspace/CubeSat3/GlobusSatProject/..//hal/freertos/lib\libFreeRTOSD.a(hooks.o)
                0x2001e998                vApplicationStackOverflowHook
 .text.vApplicationIdleHook
                0x2001e9e4       0x18 C:/ISIS/workspace/CubeSat3/GlobusSatProject/..//hal/freertos/lib\libFreeRTOSD.a(hooks.o)
                0x2001e9e4                vApplicationIdleHook
 .text.pvPortMalloc
                0x2001e9fc       0x28 C:/ISIS/workspace/CubeSat3/GlobusSatProject/..//hal/freertos/lib\libFreeRTOSD.a(standardMemMang.o)
                0x2001e9fc                pvPortMalloc
 .text.vPortFree
                0x2001ea24       0x20 C:/ISIS/workspace/CubeSat3/GlobusSatProject/..//hal/freertos/lib\libFreeRTOSD.a(standardMemMang.o)
                0x2001ea24                vPortFree
 .text.xPortGetFreeHeapSize
                0x2001ea44       0x20 C:/ISIS/workspace/CubeSat3/GlobusSatProject/..//hal/freertos/lib\libFreeRTOSD.a(standardMemMang.o)
                0x2001ea44                xPortGetFreeHeapSize
 .text.pxPortInitialiseStack
                0x2001ea64      0x218 C:/ISIS/workspace/CubeSat3/GlobusSatProject/..//hal/freertos/lib\libFreeRTOSD.a(port.o)
                0x2001ea64                pxPortInitialiseStack
 .text.xPortStartScheduler
                0x2001ec7c       0x1c C:/ISIS/workspace/CubeSat3/GlobusSatProject/..//hal/freertos/lib\libFreeRTOSD.a(port.o)
                0x2001ec7c                xPortStartScheduler
 .text.prvSetupTimerInterrupt
                0x2001ec98       0x54 C:/ISIS/workspace/CubeSat3/GlobusSatProject/..//hal/freertos/lib\libFreeRTOSD.a(port.o)
 .text.vPortISRStartFirstTask
                0x2001ecec       0x64 C:/ISIS/workspace/CubeSat3/GlobusSatProject/..//hal/freertos/lib\libFreeRTOSD.a(port.o)
 .text.vPortEnterCritical
                0x2001ed50       0x40 C:/ISIS/workspace/CubeSat3/GlobusSatProject/..//hal/freertos/lib\libFreeRTOSD.a(port.o)
                0x2001ed50                vPortEnterCritical
 .text.vPortExitCritical
                0x2001ed90       0x60 C:/ISIS/workspace/CubeSat3/GlobusSatProject/..//hal/freertos/lib\libFreeRTOSD.a(port.o)
                0x2001ed90                vPortExitCritical
 .text.vListInitialise
                0x2001edf0       0x64 C:/ISIS/workspace/CubeSat3/GlobusSatProject/..//hal/freertos/lib\libFreeRTOSD.a(list.o)
                0x2001edf0                vListInitialise
 .text.vListInitialiseItem
                0x2001ee54       0x28 C:/ISIS/workspace/CubeSat3/GlobusSatProject/..//hal/freertos/lib\libFreeRTOSD.a(list.o)
                0x2001ee54                vListInitialiseItem
 .text.vListInsertEnd
                0x2001ee7c       0x84 C:/ISIS/workspace/CubeSat3/GlobusSatProject/..//hal/freertos/lib\libFreeRTOSD.a(list.o)
                0x2001ee7c                vListInsertEnd
 .text.vListInsert
                0x2001ef00       0xd4 C:/ISIS/workspace/CubeSat3/GlobusSatProject/..//hal/freertos/lib\libFreeRTOSD.a(list.o)
                0x2001ef00                vListInsert
 .text.uxListRemove
                0x2001efd4       0xa0 C:/ISIS/workspace/CubeSat3/GlobusSatProject/..//hal/freertos/lib\libFreeRTOSD.a(list.o)
                0x2001efd4                uxListRemove
 .text._read    0x2001f074       0xa4 C:/ISIS/workspace/CubeSat3/GlobusSatProject/..//hal/at91/lib\libAt91D.a(syscalls.o)
                0x2001f074                _read
 .text._write   0x2001f118       0xb8 C:/ISIS/workspace/CubeSat3/GlobusSatProject/..//hal/at91/lib\libAt91D.a(syscalls.o)
                0x2001f118                _write
 .text._lseek   0x2001f1d0       0x2c C:/ISIS/workspace/CubeSat3/GlobusSatProject/..//hal/at91/lib\libAt91D.a(syscalls.o)
                0x2001f1d0                _lseek
 .text._close   0x2001f1fc       0x24 C:/ISIS/workspace/CubeSat3/GlobusSatProject/..//hal/at91/lib\libAt91D.a(syscalls.o)
                0x2001f1fc                _close
 .text._fstat   0x2001f220       0x28 C:/ISIS/workspace/CubeSat3/GlobusSatProject/..//hal/at91/lib\libAt91D.a(syscalls.o)
                0x2001f220                _fstat
 .text._isatty  0x2001f248       0x38 C:/ISIS/workspace/CubeSat3/GlobusSatProject/..//hal/at91/lib\libAt91D.a(syscalls.o)
                0x2001f248                _isatty
 .text._sbrk    0x2001f280       0xac C:/ISIS/workspace/CubeSat3/GlobusSatProject/..//hal/at91/lib\libAt91D.a(syscalls.o)
                0x2001f280                _sbrk
 .text.AIC_ConfigureIT
                0x2001f32c       0x74 C:/ISIS/workspace/CubeSat3/GlobusSatProject/..//hal/at91/lib\libAt91D.a(aic.o)
                0x2001f32c                AIC_ConfigureIT
 .text.AIC_EnableIT
                0x2001f3a0       0x34 C:/ISIS/workspace/CubeSat3/GlobusSatProject/..//hal/at91/lib\libAt91D.a(aic.o)
                0x2001f3a0                AIC_EnableIT
 .text.AIC_DisableIT
                0x2001f3d4       0x34 C:/ISIS/workspace/CubeSat3/GlobusSatProject/..//hal/at91/lib\libAt91D.a(aic.o)
                0x2001f3d4                AIC_DisableIT
 .text.CP15_Enable_I_Cache
                0x2001f408       0x4c C:/ISIS/workspace/CubeSat3/GlobusSatProject/..//hal/at91/lib\libAt91D.a(cp15.o)
                0x2001f408                CP15_Enable_I_Cache
 .text.CP15_Disable_I_Cache
                0x2001f454       0x5c C:/ISIS/workspace/CubeSat3/GlobusSatProject/..//hal/at91/lib\libAt91D.a(cp15.o)
                0x2001f454                CP15_Disable_I_Cache
 .text.CP15_DisableMMU
                0x2001f4b0       0x68 C:/ISIS/workspace/CubeSat3/GlobusSatProject/..//hal/at91/lib\libAt91D.a(cp15.o)
                0x2001f4b0                CP15_DisableMMU
 .text.CP15_Disable_D_Cache
                0x2001f518       0x5c C:/ISIS/workspace/CubeSat3/GlobusSatProject/..//hal/at91/lib\libAt91D.a(cp15.o)
                0x2001f518                CP15_Disable_D_Cache
 .text.DBGU_Configure
                0x2001f574       0x84 C:/ISIS/workspace/CubeSat3/GlobusSatProject/..//hal/at91/lib\libAt91D.a(dbgu.o)
                0x2001f574                DBGU_Configure
 .text.DBGU_PutChar
                0x2001f5f8       0x60 C:/ISIS/workspace/CubeSat3/GlobusSatProject/..//hal/at91/lib\libAt91D.a(dbgu.o)
                0x2001f5f8                DBGU_PutChar
 .text.DBGU_GetChar
                0x2001f658       0x40 C:/ISIS/workspace/CubeSat3/GlobusSatProject/..//hal/at91/lib\libAt91D.a(dbgu.o)
                0x2001f658                DBGU_GetChar
 .text.PIO_SetPeripheralA
                0x2001f698       0x74 C:/ISIS/workspace/CubeSat3/GlobusSatProject/..//hal/at91/lib\libAt91D.a(pio.o)
 .text.PIO_SetPeripheralB
                0x2001f70c       0x74 C:/ISIS/workspace/CubeSat3/GlobusSatProject/..//hal/at91/lib\libAt91D.a(pio.o)
 .text.PIO_SetInput
                0x2001f780       0x9c C:/ISIS/workspace/CubeSat3/GlobusSatProject/..//hal/at91/lib\libAt91D.a(pio.o)
 .text.PIO_SetOutput
                0x2001f81c       0xc4 C:/ISIS/workspace/CubeSat3/GlobusSatProject/..//hal/at91/lib\libAt91D.a(pio.o)
 .text.PIO_Configure
                0x2001f8e0      0x1ec C:/ISIS/workspace/CubeSat3/GlobusSatProject/..//hal/at91/lib\libAt91D.a(pio.o)
                0x2001f8e0                PIO_Configure
 .text.PIO_Set  0x2001facc       0x3c C:/ISIS/workspace/CubeSat3/GlobusSatProject/..//hal/at91/lib\libAt91D.a(pio.o)
                0x2001facc                PIO_Set
 .text.PIO_Clear
                0x2001fb08       0x3c C:/ISIS/workspace/CubeSat3/GlobusSatProject/..//hal/at91/lib\libAt91D.a(pio.o)
                0x2001fb08                PIO_Clear
 .text.PIO_Get  0x2001fb44       0x9c C:/ISIS/workspace/CubeSat3/GlobusSatProject/..//hal/at91/lib\libAt91D.a(pio.o)
                0x2001fb44                PIO_Get
 .text.PIT_Init
                0x2001fbe0       0x68 C:/ISIS/workspace/CubeSat3/GlobusSatProject/..//hal/at91/lib\libAt91D.a(pit.o)
                0x2001fbe0                PIT_Init
 .text.PIT_Enable
                0x2001fc48       0x2c C:/ISIS/workspace/CubeSat3/GlobusSatProject/..//hal/at91/lib\libAt91D.a(pit.o)
                0x2001fc48                PIT_Enable
 .text.PIT_EnableIT
                0x2001fc74       0x2c C:/ISIS/workspace/CubeSat3/GlobusSatProject/..//hal/at91/lib\libAt91D.a(pit.o)
                0x2001fc74                PIT_EnableIT
 .text.PMC_EnablePeripheral
                0x2001fca0       0xa4 C:/ISIS/workspace/CubeSat3/GlobusSatProject/..//hal/at91/lib\libAt91D.a(pmc.o)
                0x2001fca0                PMC_EnablePeripheral
 .text.PMC_DisablePeripheral
                0x2001fd44       0xa4 C:/ISIS/workspace/CubeSat3/GlobusSatProject/..//hal/at91/lib\libAt91D.a(pmc.o)
                0x2001fd44                PMC_DisablePeripheral
 .text.SPI_Enable
                0x2001fde8       0x28 C:/ISIS/workspace/CubeSat3/GlobusSatProject/..//hal/at91/lib\libAt91D.a(spi_at91.o)
                0x2001fde8                SPI_Enable
 .text.SPI_Disable
                0x2001fe10       0x28 C:/ISIS/workspace/CubeSat3/GlobusSatProject/..//hal/at91/lib\libAt91D.a(spi_at91.o)
                0x2001fe10                SPI_Disable
 .text.SPI_Configure
                0x2001fe38       0x6c C:/ISIS/workspace/CubeSat3/GlobusSatProject/..//hal/at91/lib\libAt91D.a(spi_at91.o)
                0x2001fe38                SPI_Configure
 .text.SPI_ConfigureNPCS
                0x2001fea4       0x38 C:/ISIS/workspace/CubeSat3/GlobusSatProject/..//hal/at91/lib\libAt91D.a(spi_at91.o)
                0x2001fea4                SPI_ConfigureNPCS
 .text.TWI_ConfigureMaster
                0x2001fedc      0x2a0 C:/ISIS/workspace/CubeSat3/GlobusSatProject/..//hal/at91/lib\libAt91D.a(twi_at91.o)
                0x2001fedc                TWI_ConfigureMaster
 .text.TWI_GetMaskedStatus
                0x2002017c       0x78 C:/ISIS/workspace/CubeSat3/GlobusSatProject/..//hal/at91/lib\libAt91D.a(twi_at91.o)
                0x2002017c                TWI_GetMaskedStatus
 .text.disableCaches
                0x200201f4       0x18 C:/ISIS/workspace/CubeSat3/GlobusSatProject/..//hal/at91/lib\libAt91D.a(ExitHandler.o)
 .text.restart  0x2002020c       0x28 C:/ISIS/workspace/CubeSat3/GlobusSatProject/..//hal/at91/lib\libAt91D.a(ExitHandler.o)
                0x2002020c                restart
 .text.restartPrefetchAbort
                0x20020234       0x28 C:/ISIS/workspace/CubeSat3/GlobusSatProject/..//hal/at91/lib\libAt91D.a(ExitHandler.o)
                0x20020234                restartPrefetchAbort
 .text.restartDataAbort
                0x2002025c       0x28 C:/ISIS/workspace/CubeSat3/GlobusSatProject/..//hal/at91/lib\libAt91D.a(ExitHandler.o)
                0x2002025c                restartDataAbort
 .text.defaultSpuriousHandler
                0x20020284       0x18 C:/ISIS/workspace/CubeSat3/GlobusSatProject/..//hal/at91/lib\libAt91D.a(board_lowlevel.o)
                0x20020284                defaultSpuriousHandler
 .text.defaultFiqHandler
                0x2002029c       0x18 C:/ISIS/workspace/CubeSat3/GlobusSatProject/..//hal/at91/lib\libAt91D.a(board_lowlevel.o)
                0x2002029c                defaultFiqHandler
 .text.defaultIrqHandler
                0x200202b4       0x18 C:/ISIS/workspace/CubeSat3/GlobusSatProject/..//hal/at91/lib\libAt91D.a(board_lowlevel.o)
                0x200202b4                defaultIrqHandler
 .text.LowLevelInit
                0x200202cc       0xf4 C:/ISIS/workspace/CubeSat3/GlobusSatProject/..//hal/at91/lib\libAt91D.a(board_lowlevel.o)
                0x200202cc                LowLevelInit
 .text.BOARD_RemapRam
                0x200203c0       0x24 C:/ISIS/workspace/CubeSat3/GlobusSatProject/..//hal/at91/lib\libAt91D.a(board_memories.o)
                0x200203c0                BOARD_RemapRam
 .text.__errno  0x200203e4       0x10 c:/isis/application/toolchain/bin/../lib/gcc/arm-none-eabi/4.7.4/../../../../arm-none-eabi/lib\libc_s.a(lib_a-errno.o)
                0x200203e4                __errno
 .text.memcmp   0x200203f4       0x3c c:/isis/application/toolchain/bin/../lib/gcc/arm-none-eabi/4.7.4/../../../../arm-none-eabi/lib\libc_s.a(lib_a-memcmp.o)
                0x200203f4                memcmp
 .text.printf   0x20020430       0x50 c:/isis/application/toolchain/bin/../lib/gcc/arm-none-eabi/4.7.4/../../../../arm-none-eabi/lib\libc_s.a(lib_a-printf.o)
                0x20020430                iprintf
                0x20020430                printf
 .text.puts     0x20020480       0x64 c:/isis/application/toolchain/bin/../lib/gcc/arm-none-eabi/4.7.4/../../../../arm-none-eabi/lib\libc_s.a(lib_a-puts.o)
                0x20020480                puts
 .text.strcpy   0x200204e4       0x18 c:/isis/application/toolchain/bin/../lib/gcc/arm-none-eabi/4.7.4/../../../../arm-none-eabi/lib\libc_s.a(lib_a-strcpy.o)
                0x200204e4                strcpy
 .text.__sfputc_r
                0x200204fc       0x50 c:/isis/application/toolchain/bin/../lib/gcc/arm-none-eabi/4.7.4/../../../../arm-none-eabi/lib\libc_s.a(lib_a-vfprintf.o)
                0x200204fc                __sfputc_r
 .text._vfprintf_r
                0x2002054c      0x360 c:/isis/application/toolchain/bin/../lib/gcc/arm-none-eabi/4.7.4/../../../../arm-none-eabi/lib\libc_s.a(lib_a-vfprintf.o)
                0x2002054c                _vfprintf_r
                0x2002054c                _vfiprintf_r
 .text.__swbuf_r
                0x200208ac      0x138 c:/isis/application/toolchain/bin/../lib/gcc/arm-none-eabi/4.7.4/../../../../arm-none-eabi/lib\libc_s.a(lib_a-wbuf.o)
                0x200208ac                __swbuf_r
 .text.__swsetup_r
                0x200209e4      0x154 c:/isis/application/toolchain/bin/../lib/gcc/arm-none-eabi/4.7.4/../../../../arm-none-eabi/lib\libc_s.a(lib_a-wsetup.o)
                0x200209e4                __swsetup_r
 .text._fflush_r
                0x20020b38      0x244 c:/isis/application/toolchain/bin/../lib/gcc/arm-none-eabi/4.7.4/../../../../arm-none-eabi/lib\libc_s.a(lib_a-fflush.o)
                0x20020b38                _fflush_r
 .text._cleanup_r
                0x20020d7c       0x5c c:/isis/application/toolchain/bin/../lib/gcc/arm-none-eabi/4.7.4/../../../../arm-none-eabi/lib\libc_s.a(lib_a-findfp.o)
                0x20020d7c                _cleanup_r
 .text.std.isra.0
                0x20020dd8       0x7c c:/isis/application/toolchain/bin/../lib/gcc/arm-none-eabi/4.7.4/../../../../arm-none-eabi/lib\libc_s.a(lib_a-findfp.o)
 .text.__sfmoreglue
                0x20020e54       0x44 c:/isis/application/toolchain/bin/../lib/gcc/arm-none-eabi/4.7.4/../../../../arm-none-eabi/lib\libc_s.a(lib_a-findfp.o)
                0x20020e54                __sfmoreglue
 .text.__sinit  0x20020e98       0x90 c:/isis/application/toolchain/bin/../lib/gcc/arm-none-eabi/4.7.4/../../../../arm-none-eabi/lib\libc_s.a(lib_a-findfp.o)
                0x20020e98                __sinit
 .text.__sfp    0x20020f28       0xdc c:/isis/application/toolchain/bin/../lib/gcc/arm-none-eabi/4.7.4/../../../../arm-none-eabi/lib\libc_s.a(lib_a-findfp.o)
                0x20020f28                __sfp
 .text.__smakebuf_r
                0x20021004       0xf8 c:/isis/application/toolchain/bin/../lib/gcc/arm-none-eabi/4.7.4/../../../../arm-none-eabi/lib\libc_s.a(lib_a-makebuf.o)
                0x20021004                __smakebuf_r
 .text._putc_r  0x200210fc       0xd0 c:/isis/application/toolchain/bin/../lib/gcc/arm-none-eabi/4.7.4/../../../../arm-none-eabi/lib\libc_s.a(lib_a-putc.o)
                0x200210fc                _putc_r
 .text.__sread  0x200211cc       0x34 c:/isis/application/toolchain/bin/../lib/gcc/arm-none-eabi/4.7.4/../../../../arm-none-eabi/lib\libc_s.a(lib_a-stdio.o)
                0x200211cc                __sread
 .text.__swrite
                0x20021200       0x54 c:/isis/application/toolchain/bin/../lib/gcc/arm-none-eabi/4.7.4/../../../../arm-none-eabi/lib\libc_s.a(lib_a-stdio.o)
                0x20021200                __swrite
 .text.__sseek  0x20021254       0x34 c:/isis/application/toolchain/bin/../lib/gcc/arm-none-eabi/4.7.4/../../../../arm-none-eabi/lib\libc_s.a(lib_a-stdio.o)
                0x20021254                __sseek
 .text.__sclose
                0x20021288       0x14 c:/isis/application/toolchain/bin/../lib/gcc/arm-none-eabi/4.7.4/../../../../arm-none-eabi/lib\libc_s.a(lib_a-stdio.o)
                0x20021288                __sclose
 .text._write_r
                0x2002129c       0x44 c:/isis/application/toolchain/bin/../lib/gcc/arm-none-eabi/4.7.4/../../../../arm-none-eabi/lib\libc_s.a(lib_a-writer.o)
                0x2002129c                _write_r
 .text._close_r
                0x200212e0       0x3c c:/isis/application/toolchain/bin/../lib/gcc/arm-none-eabi/4.7.4/../../../../arm-none-eabi/lib\libc_s.a(lib_a-closer.o)
                0x200212e0                _close_r
 .text._fstat_r
                0x2002131c       0x40 c:/isis/application/toolchain/bin/../lib/gcc/arm-none-eabi/4.7.4/../../../../arm-none-eabi/lib\libc_s.a(lib_a-fstatr.o)
                0x2002131c                _fstat_r
 .text._isatty_r
                0x2002135c       0x3c c:/isis/application/toolchain/bin/../lib/gcc/arm-none-eabi/4.7.4/../../../../arm-none-eabi/lib\libc_s.a(lib_a-isattyr.o)
                0x2002135c                _isatty_r
 .text._lseek_r
                0x20021398       0x44 c:/isis/application/toolchain/bin/../lib/gcc/arm-none-eabi/4.7.4/../../../../arm-none-eabi/lib\libc_s.a(lib_a-lseekr.o)
                0x20021398                _lseek_r
 .text._read_r  0x200213dc       0x44 c:/isis/application/toolchain/bin/../lib/gcc/arm-none-eabi/4.7.4/../../../../arm-none-eabi/lib\libc_s.a(lib_a-readr.o)
                0x200213dc                _read_r
 .text._read_r.stub
                0x20021420       0x10 linker stubs
 *(.rodata)
 .rodata        0x20021430       0x14 ./src/SubSystemModules/PowerManagment/EPS.o
 .rodata        0x20021444       0x9c ./src/SubSystemModules/Housekepping/TelemetryCollector.o
 .rodata        0x200214e0        0xc ./src/InitSystem.o
 .rodata        0x200214ec       0x8c ./src/TLM_management.o
 .rodata        0x20021578       0x18 ./src/main.o
 .rodata        0x20021590       0xf4 C:/ISIS/workspace/CubeSat3/GlobusSatProject/..//hal/hal/lib\libHALD.a(I2C.o)
 .rodata        0x20021684      0x324 C:/ISIS/workspace/CubeSat3/GlobusSatProject/..//hal/hal/lib\libHALD.a(SPI.o)
 .rodata        0x200219a8       0x98 C:/ISIS/workspace/CubeSat3/GlobusSatProject/..//hal/hal/lib\libHALD.a(Time.o)
 .rodata        0x20021a40        0xc C:/ISIS/workspace/CubeSat3/GlobusSatProject/..//hal/hal/lib\libHALD.a(WatchDogTimerNoOS.o)
 .rodata        0x20021a4c       0x14 C:/ISIS/workspace/CubeSat3/GlobusSatProject/..//hal/hal/lib\libHALD.a(WatchDogTimerOS.o)
 .rodata        0x20021a60       0x30 C:/ISIS/workspace/CubeSat3/GlobusSatProject/..//hal/hal/lib\libHALD.a(LED.o)
 .rodata        0x20021a90       0x60 C:/ISIS/workspace/CubeSat3/GlobusSatProject/..//hal/hcc/lib\libHCCD.a(safefat.o)
 .rodata        0x20021af0       0x50 C:/ISIS/workspace/satellite-subsystems/satellite-subsystems/lib\libSatelliteSubsystemsD.a(IsisSolarPanelv2.o)
 .rodata        0x20021b40       0x40 C:/ISIS/workspace/CubeSat3/GlobusSatProject/..//hal/freertos/lib\libFreeRTOSD.a(queue.o)
 .rodata        0x20021b80       0x48 C:/ISIS/workspace/CubeSat3/GlobusSatProject/..//hal/freertos/lib\libFreeRTOSD.a(tasks.o)
 .rodata        0x20021bc8       0x58 C:/ISIS/workspace/CubeSat3/GlobusSatProject/..//hal/freertos/lib\libFreeRTOSD.a(hooks.o)
 .rodata        0x20021c20       0x3c C:/ISIS/workspace/CubeSat3/GlobusSatProject/..//hal/at91/lib\libAt91D.a(syscalls.o)
 .rodata        0x20021c5c      0x158 C:/ISIS/workspace/CubeSat3/GlobusSatProject/..//hal/at91/lib\libAt91D.a(cp15.o)
 .rodata        0x20021db4      0x118 C:/ISIS/workspace/CubeSat3/GlobusSatProject/..//hal/at91/lib\libAt91D.a(pmc.o)
 .rodata        0x20021ecc       0x98 C:/ISIS/workspace/CubeSat3/GlobusSatProject/..//hal/at91/lib\libAt91D.a(twi_at91.o)
 .rodata        0x20021f64       0x8c C:/ISIS/workspace/CubeSat3/GlobusSatProject/..//hal/at91/lib\libAt91D.a(ExitHandler.o)
 .rodata        0x20021ff0       0xa8 C:/ISIS/workspace/CubeSat3/GlobusSatProject/..//hal/at91/lib\libAt91D.a(board_lowlevel.o)
 *(.rodata*)
 .rodata.str1.1
                0x20022098       0x10 c:/isis/application/toolchain/bin/../lib/gcc/arm-none-eabi/4.7.4/../../../../arm-none-eabi/lib\libc_s.a(lib_a-vfprintf_float.o)
 .rodata.str1.1
                0x200220a8       0x22 c:/isis/application/toolchain/bin/../lib/gcc/arm-none-eabi/4.7.4/../../../../arm-none-eabi/lib\libc_s.a(lib_a-vfprintf_i.o)
 .rodata.str1.1
                0x200220ca        0x5 c:/isis/application/toolchain/bin/../lib/gcc/arm-none-eabi/4.7.4/../../../../arm-none-eabi/lib\libc_s.a(lib_a-vfscanf_float.o)
 .rodata.str1.1
                0x200220cf        0xf c:/isis/application/toolchain/bin/../lib/gcc/arm-none-eabi/4.7.4/../../../../arm-none-eabi/lib\libc_s.a(lib_a-dtoa.o)
 .rodata.str1.1
                0x200220de        0xa c:/isis/application/toolchain/bin/../lib/gcc/arm-none-eabi/4.7.4/../../../../arm-none-eabi/lib\libc_s.a(lib_a-locale.o)
                                  0xb (size before relaxing)
 .rodata.__mprec_tens
                0x200220e8       0xc8 c:/isis/application/toolchain/bin/../lib/gcc/arm-none-eabi/4.7.4/../../../../arm-none-eabi/lib\libc_s.a(lib_a-mprec.o)
                0x200220e8                __mprec_tens
 .rodata.p05.5252
                0x200221b0        0xc c:/isis/application/toolchain/bin/../lib/gcc/arm-none-eabi/4.7.4/../../../../arm-none-eabi/lib\libc_s.a(lib_a-mprec.o)
 *fill*         0x200221bc        0x4 00
 .rodata.__mprec_bigtens
                0x200221c0       0x28 c:/isis/application/toolchain/bin/../lib/gcc/arm-none-eabi/4.7.4/../../../../arm-none-eabi/lib\libc_s.a(lib_a-mprec.o)
                0x200221c0                __mprec_bigtens
 .rodata.str1.1
                0x00000000        0xa c:/isis/application/toolchain/bin/../lib/gcc/arm-none-eabi/4.7.4/../../../../arm-none-eabi/lib\libc_s.a(lib_a-strtod.o)
                                  0xc (size before relaxing)
 .rodata.tinytens
                0x200221e8       0x28 c:/isis/application/toolchain/bin/../lib/gcc/arm-none-eabi/4.7.4/../../../../arm-none-eabi/lib\libc_s.a(lib_a-strtod.o)
 .rodata.str1.1
                0x20022210       0x11 c:/isis/application/toolchain/bin/../lib/gcc/arm-none-eabi/4.7.4/../../../../arm-none-eabi/lib\libc_s.a(lib_a-svfprintf.o)
 .rodata._ctype_
                0x20022221      0x101 c:/isis/application/toolchain/bin/../lib/gcc/arm-none-eabi/4.7.4/../../../../arm-none-eabi/lib\libc_s.a(lib_a-ctype_.o)
                0x20022221                _ctype_
 .rodata.str1.1
                0x20022322        0xb c:/isis/application/toolchain/bin/../lib/gcc/arm-none-eabi/4.7.4/../../../../arm-none-eabi/lib\libc_s.a(lib_a-gdtoa-gethex.o)
                                 0x19 (size before relaxing)
 .rodata.str1.1
                0x00000000        0x2 c:/isis/application/toolchain/bin/../lib/gcc/arm-none-eabi/4.7.4/../../../../arm-none-eabi/lib\libc_s.a(lib_a-impure.o)
 *fill*         0x2002232d        0x3 00
 .rodata._global_impure_ptr
                0x20022330        0x4 c:/isis/application/toolchain/bin/../lib/gcc/arm-none-eabi/4.7.4/../../../../arm-none-eabi/lib\libc_s.a(lib_a-impure.o)
                0x20022330                _global_impure_ptr
 .rodata.str1.1
                0x00000000       0x11 c:/isis/application/toolchain/bin/../lib/gcc/arm-none-eabi/4.7.4/../../../../arm-none-eabi/lib\libc_s.a(lib_a-vfprintf.o)
 .rodata.__sf_fake_stdin
                0x20022334       0x20 c:/isis/application/toolchain/bin/../lib/gcc/arm-none-eabi/4.7.4/../../../../arm-none-eabi/lib\libc_s.a(lib_a-findfp.o)
                0x20022334                __sf_fake_stdin
 .rodata.__sf_fake_stdout
                0x20022354       0x20 c:/isis/application/toolchain/bin/../lib/gcc/arm-none-eabi/4.7.4/../../../../arm-none-eabi/lib\libc_s.a(lib_a-findfp.o)
                0x20022354                __sf_fake_stdout
 .rodata.__sf_fake_stderr
                0x20022374       0x20 c:/isis/application/toolchain/bin/../lib/gcc/arm-none-eabi/4.7.4/../../../../arm-none-eabi/lib\libc_s.a(lib_a-findfp.o)
                0x20022374                __sf_fake_stderr
 *(.rodata.*)
 *(.glue_7)
 .glue_7        0x00000000        0x0 linker stubs
 *(.glue_7t)
 .glue_7t       0x00000000        0x0 linker stubs
 *(.vfp11_veneer)
 .vfp11_veneer  0x00000000        0x0 linker stubs
 *(.v4_bx)
 .v4_bx         0x00000000        0x0 linker stubs
 *(.data)
 .data          0x20022394        0x8 C:/ISIS/workspace/CubeSat3/GlobusSatProject/..//hal/hal/lib\libHALD.a(I2C.o)
 .data          0x2002239c        0xc C:/ISIS/workspace/CubeSat3/GlobusSatProject/..//hal/hal/lib\libHALD.a(SPI.o)
 .data          0x200223a8       0x10 C:/ISIS/workspace/CubeSat3/GlobusSatProject/..//hal/hal/lib\libHALD.a(FRAM.o)
 .data          0x200223b8        0x4 C:/ISIS/workspace/CubeSat3/GlobusSatProject/..//hal/hal/lib\libHALD.a(Time.o)
 .data          0x200223bc       0x10 C:/ISIS/workspace/CubeSat3/GlobusSatProject/..//hal/hal/lib\libHALD.a(RTC.o)
 .data          0x200223cc       0x20 C:/ISIS/workspace/CubeSat3/GlobusSatProject/..//hal/hcc/lib\libHCCD.a(safefat.o)
                0x200223cc                s_subdir
 .data          0x200223ec       0x28 C:/ISIS/workspace/satellite-subsystems/satellite-subsystems/lib\libSatelliteSubsystemsD.a(IsisSolarPanelv2.o)
 .data          0x20022414        0x4 C:/ISIS/workspace/CubeSat3/GlobusSatProject/..//hal/freertos/lib\libFreeRTOSD.a(tasks.o)
 .data          0x20022418        0x4 C:/ISIS/workspace/CubeSat3/GlobusSatProject/..//hal/freertos/lib\libFreeRTOSD.a(port.o)
                0x20022418                ulCriticalNesting
 *(.data.*)
 .data.lconv    0x2002241c       0x38 c:/isis/application/toolchain/bin/../lib/gcc/arm-none-eabi/4.7.4/../../../../arm-none-eabi/lib\libc_s.a(lib_a-locale.o)
 .data.fpi.5208
                0x20022454       0x14 c:/isis/application/toolchain/bin/../lib/gcc/arm-none-eabi/4.7.4/../../../../arm-none-eabi/lib\libc_s.a(lib_a-strtod.o)
 .data.fpinan.5244
                0x20022468       0x14 c:/isis/application/toolchain/bin/../lib/gcc/arm-none-eabi/4.7.4/../../../../arm-none-eabi/lib\libc_s.a(lib_a-strtod.o)
 .data.__ctype_ptr__
                0x2002247c        0x4 c:/isis/application/toolchain/bin/../lib/gcc/arm-none-eabi/4.7.4/../../../../arm-none-eabi/lib\libc_s.a(lib_a-ctype_.o)
                0x2002247c                __ctype_ptr__
 .data.impure_data
                0x20022480       0x64 c:/isis/application/toolchain/bin/../lib/gcc/arm-none-eabi/4.7.4/../../../../arm-none-eabi/lib\libc_s.a(lib_a-impure.o)
 .data._impure_ptr
                0x200224e4        0x4 c:/isis/application/toolchain/bin/../lib/gcc/arm-none-eabi/4.7.4/../../../../arm-none-eabi/lib\libc_s.a(lib_a-impure.o)
                0x200224e4                _impure_ptr
 *(.dyn)
 *(.iplt)
 .iplt          0x00000000        0x0 c:/isis/application/toolchain/bin/../lib/gcc/arm-none-eabi/4.7.4/../../../../arm-none-eabi/lib\libc_s.a(lib_a-vfprintf_float.o)
 *(.igot)
 *(.igot.plt)
 .igot.plt      0x00000000        0x0 c:/isis/application/toolchain/bin/../lib/gcc/arm-none-eabi/4.7.4/../../../../arm-none-eabi/lib\libc_s.a(lib_a-vfprintf_float.o)
 *(.rel.dyn)
 *(.rel.iplt)
 .rel.iplt      0x00000000        0x0 c:/isis/application/toolchain/bin/../lib/gcc/arm-none-eabi/4.7.4/../../../../arm-none-eabi/lib\libc_s.a(lib_a-vfprintf_float.o)
                0x200224e8                . = ALIGN (0x4)