Archive member included because of file (symbol)

c:/isis/application/toolchain/bin/../lib/gcc/arm-none-eabi/4.7.4/../../../../arm-none-eabi/lib\libc_s.a(lib_a-vfprintf_float.o)
                              (_printf_float)
c:/isis/application/toolchain/bin/../lib/gcc/arm-none-eabi/4.7.4/../../../../arm-none-eabi/lib\libc_s.a(lib_a-vfprintf_i.o)
                              c:/isis/application/toolchain/bin/../lib/gcc/arm-none-eabi/4.7.4/../../../../arm-none-eabi/lib\libc_s.a(lib_a-vfprintf_float.o) (_printf_common)
c:/isis/application/toolchain/bin/../lib/gcc/arm-none-eabi/4.7.4/../../../../arm-none-eabi/lib\libc_s.a(lib_a-vfscanf_float.o)
                              (_scanf_float)
c:/isis/application/toolchain/bin/../lib/gcc/arm-none-eabi/4.7.4/../../../../arm-none-eabi/lib\libc_s.a(lib_a-dtoa.o)
                              c:/isis/application/toolchain/bin/../lib/gcc/arm-none-eabi/4.7.4/../../../../arm-none-eabi/lib\libc_s.a(lib_a-vfprintf_float.o) (_dtoa_r)
c:/isis/application/toolchain/bin/../lib/gcc/arm-none-eabi/4.7.4/../../../../arm-none-eabi/lib\libc_s.a(lib_a-locale.o)
                              c:/isis/application/toolchain/bin/../lib/gcc/arm-none-eabi/4.7.4/../../../../arm-none-eabi/lib\libc_s.a(lib_a-vfprintf_float.o) (_localeconv_r)
c:/isis/application/toolchain/bin/../lib/gcc/arm-none-eabi/4.7.4/../../../../arm-none-eabi/lib\libc_s.a(lib_a-malloc.o)
                              c:/isis/application/toolchain/bin/../lib/gcc/arm-none-eabi/4.7.4/../../../../arm-none-eabi/lib\libc_s.a(lib_a-dtoa.o) (malloc)
c:/isis/application/toolchain/bin/../lib/gcc/arm-none-eabi/4.7.4/../../../../arm-none-eabi/lib\libc_s.a(lib_a-mallocr.o)
                              c:/isis/application/toolchain/bin/../lib/gcc/arm-none-eabi/4.7.4/../../../../arm-none-eabi/lib\libc_s.a(lib_a-malloc.o) (_malloc_r)
c:/isis/application/toolchain/bin/../lib/gcc/arm-none-eabi/4.7.4/../../../../arm-none-eabi/lib\libc_s.a(lib_a-memcpy.o)
                              c:/isis/application/toolchain/bin/../lib/gcc/arm-none-eabi/4.7.4/../../../../arm-none-eabi/lib\libc_s.a(lib_a-dtoa.o) (memcpy)
c:/isis/application/toolchain/bin/../lib/gcc/arm-none-eabi/4.7.4/../../../../arm-none-eabi/lib\libc_s.a(lib_a-mprec.o)
                              c:/isis/application/toolchain/bin/../lib/gcc/arm-none-eabi/4.7.4/../../../../arm-none-eabi/lib\libc_s.a(lib_a-dtoa.o) (_Balloc)
c:/isis/application/toolchain/bin/../lib/gcc/arm-none-eabi/4.7.4/../../../../arm-none-eabi/lib\libc_s.a(lib_a-s_fpclassify.o)
                              c:/isis/application/toolchain/bin/../lib/gcc/arm-none-eabi/4.7.4/../../../../arm-none-eabi/lib\libc_s.a(lib_a-vfprintf_float.o) (__fpclassifyd)
c:/isis/application/toolchain/bin/../lib/gcc/arm-none-eabi/4.7.4/../../../../arm-none-eabi/lib\libc_s.a(lib_a-sbrkr.o)
                              c:/isis/application/toolchain/bin/../lib/gcc/arm-none-eabi/4.7.4/../../../../arm-none-eabi/lib\libc_s.a(lib_a-mallocr.o) (_sbrk_r)
c:/isis/application/toolchain/bin/../lib/gcc/arm-none-eabi/4.7.4/../../../../arm-none-eabi/lib\libc_s.a(lib_a-sf_nan.o)
                              c:/isis/application/toolchain/bin/../lib/gcc/arm-none-eabi/4.7.4/../../../../arm-none-eabi/lib\libc_s.a(lib_a-vfscanf_float.o) (nanf)
c:/isis/application/toolchain/bin/../lib/gcc/arm-none-eabi/4.7.4/../../../../arm-none-eabi/lib\libc_s.a(lib_a-sprintf.o)
                              c:/isis/application/toolchain/bin/../lib/gcc/arm-none-eabi/4.7.4/../../../../arm-none-eabi/lib\libc_s.a(lib_a-vfscanf_float.o) (sprintf)
c:/isis/application/toolchain/bin/../lib/gcc/arm-none-eabi/4.7.4/../../../../arm-none-eabi/lib\libc_s.a(lib_a-strcmp.o)
                              c:/isis/application/toolchain/bin/../lib/gcc/arm-none-eabi/4.7.4/../../../../arm-none-eabi/lib\libc_s.a(lib_a-locale.o) (strcmp)
c:/isis/application/toolchain/bin/../lib/gcc/arm-none-eabi/4.7.4/../../../../arm-none-eabi/lib\libc_s.a(lib_a-strlen.o)
                              c:/isis/application/toolchain/bin/../lib/gcc/arm-none-eabi/4.7.4/../../../../arm-none-eabi/lib\libc_s.a(lib_a-vfprintf_float.o) (strlen)
c:/isis/application/toolchain/bin/../lib/gcc/arm-none-eabi/4.7.4/../../../../arm-none-eabi/lib\libc_s.a(lib_a-strtod.o)
                              c:/isis/application/toolchain/bin/../lib/gcc/arm-none-eabi/4.7.4/../../../../arm-none-eabi/lib\libc_s.a(lib_a-vfscanf_float.o) (_strtod_r)
c:/isis/application/toolchain/bin/../lib/gcc/arm-none-eabi/4.7.4/../../../../arm-none-eabi/lib\libc_s.a(lib_a-strtol.o)
                              c:/isis/application/toolchain/bin/../lib/gcc/arm-none-eabi/4.7.4/../../../../arm-none-eabi/lib\libc_s.a(lib_a-vfscanf_float.o) (_strtol_r)
c:/isis/application/toolchain/bin/../lib/gcc/arm-none-eabi/4.7.4/../../../../arm-none-eabi/lib\libc_s.a(lib_a-svfprintf.o)
                              c:/isis/application/toolchain/bin/../lib/gcc/arm-none-eabi/4.7.4/../../../../arm-none-eabi/lib\libc_s.a(lib_a-sprintf.o) (_svfprintf_r)
[...]
Memory Configuration

Name             Origin             Length             Attributes
sram0            0x00200000         0x00004000         w !xr
sram1            0x00300000         0x00004000         w !xr
sdram            0x20000000         0x02000000         w !xr
*default*        0x00000000         0xffffffff

Linker script and memory map

LOAD c:/isis/application/toolchain/bin/../lib/gcc/arm-none-eabi/4.7.4/../../../../arm-none-eabi/lib\libc_s.a
LOAD ./src/TestingDemos/CommandsTestingDemo.o
LOAD ./src/TestingDemos/EpsTestingDemo.o
LOAD ./src/TestingDemos/FileSystemTestingDemo.o
LOAD ./src/TestingDemos/MainTest.o
LOAD ./src/TestingDemos/MaintenanceTestingDemo.o
LOAD ./src/TestingDemos/TelemetryTestingDemo.o
LOAD ./src/TestingDemos/TrxvuTestingDemo.o
LOAD ./src/SubSystemModules/PowerManagment/EPS.o
LOAD ./src/SubSystemModules/PowerManagment/EPSOperationModes.o
LOAD ./src/SubSystemModules/Maintenance/Maintenance.o
LOAD ./src/SubSystemModules/Housekepping/TelemetryCollector.o
LOAD ./src/SubSystemModules/Communication/SubsystemCommands/EPS_Commands.o
LOAD ./src/SubSystemModules/Communication/SubsystemCommands/FS_Commands.o
LOAD ./src/SubSystemModules/Communication/SubsystemCommands/Maintanence_Commands.o
LOAD ./src/SubSystemModules/Communication/SubsystemCommands/TRXVU_Commands.o
LOAD ./src/SubSystemModules/Communication/AckHandler.o
LOAD ./src/SubSystemModules/Communication/ActUponCommand.o
LOAD ./src/SubSystemModules/Communication/CommandDictionary.o
LOAD ./src/SubSystemModules/Communication/SatCommandHandler.o
LOAD ./src/SubSystemModules/Communication/TRXVU.o
LOAD ./src/InitSystem.o
LOAD ./src/TLM_management.o
LOAD ./src/main.o
LOAD C:/ISIS/workspace/CubeSat3/GlobusSatProject/..//hal/hal/lib\libHALD.a
LOAD C:/ISIS/workspace/CubeSat3/GlobusSatProject/..//hal/hcc/lib\libHCCD.a
LOAD C:/ISIS/workspace/satellite-subsystems/satellite-subsystems/lib\libSatelliteSubsystemsD.a
LOAD C:/ISIS/workspace/CubeSat3/GlobusSatProject/..//hal/freertos/lib\libFreeRTOSD.a
LOAD C:/ISIS/workspace/CubeSat3/GlobusSatProject/..//hal/at91/lib\libAt91D.a
START GROUP
LOAD c:/isis/application/toolchain/bin/../lib/gcc/arm-none-eabi/4.7.4\libgcc.a
LOAD c:/isis/application/toolchain/bin/../lib/gcc/arm-none-eabi/4.7.4/../../../../arm-none-eabi/lib\libc_s.a
END GROUP

.fixed          0x20000000    0x263c0
                0x20000000                . = ALIGN (0x4)
                0x20000000                _sfixed = .
 *(.startup)
 .startup       0x20000000      0x134 C:/ISIS/workspace/CubeSat3/GlobusSatProject/..//hal/at91/lib\libAt91D.a(board_cstartup.o)
                0x20000000                entry
 *(.text)
 .text          0x20000134       0x64 C:/ISIS/workspace/CubeSat3/GlobusSatProject/..//hal/at91/lib\libAt91D.a(cp15_asm.o)
                0x20000134                _readControlRegister
                0x20000140                _writeControlRegister
                0x20000148                _waitForInterrupt
                0x20000154                _writeTTB
                0x2000015c                _writeDomain
                0x20000164                _writeITLBLockdown
                0x2000016c                _prefetchICacheLine
                0x20000174                _flushDCache
                0x20000180                _flushWriteBuffer
                0x2000018c                _invalidateIDTLBs
 .text          0x20000198      0x114 c:/isis/application/toolchain/bin/../lib/gcc/arm-none-eabi/4.7.4\libgcc.a(_udivsi3.o)
                0x20000198                __aeabi_uidiv
                0x20000198                __udivsi3
                0x2000028c                __aeabi_uidivmod
 .text          0x200002ac      0x148 c:/isis/application/toolchain/bin/../lib/gcc/arm-none-eabi/4.7.4\libgcc.a(_divsi3.o)
                0x200002ac                __divsi3
                0x200002ac                __aeabi_idiv
                0x200003d4                __aeabi_idivmod
 .text          0x200003f4        0x4 c:/isis/application/toolchain/bin/../lib/gcc/arm-none-eabi/4.7.4\libgcc.a(_dvmd_tls.o)
                0x200003f4                __aeabi_idiv0
                0x200003f4                __aeabi_ldiv0
 .text          0x200003f8      0x41c c:/isis/application/toolchain/bin/../lib/gcc/arm-none-eabi/4.7.4\libgcc.a(_arm_addsubdf3.o)
                0x200003f8                __aeabi_drsub
                0x20000400                __aeabi_dsub
                0x20000400                __subdf3
                0x20000404                __aeabi_dadd
                0x20000404                __adddf3
                0x20000714                __floatunsidf
                0x20000714                __aeabi_ui2d
                0x20000738                __floatsidf
                0x20000738                __aeabi_i2d
                0x20000760                __aeabi_f2d
                0x20000760                __extendsfdf2
                0x200007a0                __floatundidf
                0x200007a0                __aeabi_ul2d
                0x200007b4                __floatdidf
                0x200007b4                __aeabi_l2d
 .text          0x20000814      0x49c c:/isis/application/toolchain/bin/../lib/gcc/arm-none-eabi/4.7.4\libgcc.a(_arm_muldivdf3.o)
                0x20000814                __aeabi_dmul
                0x20000814                __muldf3
                0x20000aa4                __divdf3
                0x20000aa4                __aeabi_ddiv
 .text          0x20000cb0      0x144 c:/isis/application/toolchain/bin/../lib/gcc/arm-none-eabi/4.7.4\libgcc.a(_arm_cmpdf2.o)
                0x20000cb0                __gtdf2
                0x20000cb0                __gedf2
                0x20000cb8                __ltdf2
                0x20000cb8                __ledf2
                0x20000cc0                __nedf2
                0x20000cc0                __eqdf2
                0x20000cc0                __cmpdf2
                0x20000d48                __aeabi_cdrcmple
                0x20000d64                __aeabi_cdcmpeq
                0x20000d64                __aeabi_cdcmple
                0x20000d7c                __aeabi_dcmpeq
                0x20000d94                __aeabi_dcmplt
                0x20000dac                __aeabi_dcmple
                0x20000dc4                __aeabi_dcmpge
                0x20000ddc                __aeabi_dcmpgt
 .text          0x20000df4       0x5c c:/isis/application/toolchain/bin/../lib/gcc/arm-none-eabi/4.7.4\libgcc.a(_arm_fixdfsi.o)
                0x20000df4                __aeabi_d2iz
                0x20000df4                __fixdfsi
 .text          0x20000e50       0x54 c:/isis/application/toolchain/bin/../lib/gcc/arm-none-eabi/4.7.4\libgcc.a(_arm_fixunsdfsi.o)
                0x20000e50                __aeabi_d2uiz
                0x20000e50                __fixunsdfsi
 .text          0x20000ea4       0xa0 c:/isis/application/toolchain/bin/../lib/gcc/arm-none-eabi/4.7.4\libgcc.a(_arm_truncdfsf2.o)
                0x20000ea4                __truncdfsf2
                0x20000ea4                __aeabi_d2f
 *(.text*)
 .text.__cvt    0x20000f44      0x138 c:/isis/application/toolchain/bin/../lib/gcc/arm-none-eabi/4.7.4/../../../../arm-none-eabi/lib\libc_s.a(lib_a-vfprintf_float.o)
                0x20000f44                __cvt
 .text.__exponent
                0x2000107c       0xa8 c:/isis/application/toolchain/bin/../lib/gcc/arm-none-eabi/4.7.4/../../../../arm-none-eabi/lib\libc_s.a(lib_a-vfprintf_float.o)
                0x2000107c                __exponent
 .text._printf_float
                0x20001124      0x7dc c:/isis/application/toolchain/bin/../lib/gcc/arm-none-eabi/4.7.4/../../../../arm-none-eabi/lib\libc_s.a(lib_a-vfprintf_float.o)
                0x20001124                _printf_float
 .text._printf_common
                0x20001900      0x174 c:/isis/application/toolchain/bin/../lib/gcc/arm-none-eabi/4.7.4/../../../../arm-none-eabi/lib\libc_s.a(lib_a-vfprintf_i.o)
                0x20001900                _printf_common
 .text._printf_i
                0x20001a74      0x3c4 c:/isis/application/toolchain/bin/../lib/gcc/arm-none-eabi/4.7.4/../../../../arm-none-eabi/lib\libc_s.a(lib_a-vfprintf_i.o)
                0x20001a74                _printf_i
 .text._scanf_float
                0x20001e38      0x5f4 c:/isis/application/toolchain/bin/../lib/gcc/arm-none-eabi/4.7.4/../../../../arm-none-eabi/lib\libc_s.a(lib_a-vfscanf_float.o)
                0x20001e38                _scanf_float
 .text.quorem   0x2000242c      0x1ac c:/isis/application/toolchain/bin/../lib/gcc/arm-none-eabi/4.7.4/../../../../arm-none-eabi/lib\libc_s.a(lib_a-dtoa.o)
 .text._dtoa_r  0x200025d8     0x1268 c:/isis/application/toolchain/bin/../lib/gcc/arm-none-eabi/4.7.4/../../../../arm-none-eabi/lib\libc_s.a(lib_a-dtoa.o)
                0x200025d8                _dtoa_r
 .text._localeconv_r
                0x20003840        0xc c:/isis/application/toolchain/bin/../lib/gcc/arm-none-eabi/4.7.4/../../../../arm-none-eabi/lib\libc_s.a(lib_a-locale.o)
                0x20003840                _localeconv_r
 .text.malloc   0x2000384c       0x20 c:/isis/application/toolchain/bin/../lib/gcc/arm-none-eabi/4.7.4/../../../../arm-none-eabi/lib\libc_s.a(lib_a-malloc.o)
                0x2000384c                malloc
 .text.free     0x2000386c       0x20 c:/isis/application/toolchain/bin/../lib/gcc/arm-none-eabi/4.7.4/../../../../arm-none-eabi/lib\libc_s.a(lib_a-malloc.o)
                0x2000386c                free
 .text._malloc_r
                0x2000388c       0xfc c:/isis/application/toolchain/bin/../lib/gcc/arm-none-eabi/4.7.4/../../../../arm-none-eabi/lib\libc_s.a(lib_a-mallocr.o)
                0x2000388c                _malloc_r
 .text.memcpy   0x20003988       0x20 c:/isis/application/toolchain/bin/../lib/gcc/arm-none-eabi/4.7.4/../../../../arm-none-eabi/lib\libc_s.a(lib_a-memcpy.o)
                0x20003988                memcpy
 .text._Balloc  0x200039a8       0xcc c:/isis/application/toolchain/bin/../lib/gcc/arm-none-eabi/4.7.4/../../../../arm-none-eabi/lib\libc_s.a(lib_a-mprec.o)
                0x200039a8                _Balloc
 .text._Bfree   0x20003a74       0x5c c:/isis/application/toolchain/bin/../lib/gcc/arm-none-eabi/4.7.4/../../../../arm-none-eabi/lib\libc_s.a(lib_a-mprec.o)
                0x20003a74                _Bfree
 .text.__multadd
                0x20003ad0       0xbc c:/isis/application/toolchain/bin/../lib/gcc/arm-none-eabi/4.7.4/../../../../arm-none-eabi/lib\libc_s.a(lib_a-mprec.o)
                0x20003ad0                __multadd
 .text.__s2b    0x20003b8c       0xd8 c:/isis/application/toolchain/bin/../lib/gcc/arm-none-eabi/4.7.4/../../../../arm-none-eabi/lib\libc_s.a(lib_a-mprec.o)
                0x20003b8c                __s2b
 .text.__hi0bits
                0x20003c64       0x58 c:/isis/application/toolchain/bin/../lib/gcc/arm-none-eabi/4.7.4/../../../../arm-none-eabi/lib\libc_s.a(lib_a-mprec.o)
                0x20003c64                __hi0bits
 .text.__lo0bits
                0x20003cbc       0x94 c:/isis/application/toolchain/bin/../lib/gcc/arm-none-eabi/4.7.4/../../../../arm-none-eabi/lib\libc_s.a(lib_a-mprec.o)
                0x20003cbc                __lo0bits
 .text.__i2b    0x20003d50       0x24 c:/isis/application/toolchain/bin/../lib/gcc/arm-none-eabi/4.7.4/../../../../arm-none-eabi/lib\libc_s.a(lib_a-mprec.o)
                0x20003d50                __i2b
 .text.__multiply
                0x20003d74      0x1ac c:/isis/application/toolchain/bin/../lib/gcc/arm-none-eabi/4.7.4/../../../../arm-none-eabi/lib\libc_s.a(lib_a-mprec.o)
                0x20003d74                __multiply
 .text.__pow5mult
                0x20003f20      0x10c c:/isis/application/toolchain/bin/../lib/gcc/arm-none-eabi/4.7.4/../../../../arm-none-eabi/lib\libc_s.a(lib_a-mprec.o)
                0x20003f20                __pow5mult
 .text.__lshift
                0x2000402c       0xf0 c:/isis/application/toolchain/bin/../lib/gcc/arm-none-eabi/4.7.4/../../../../arm-none-eabi/lib\libc_s.a(lib_a-mprec.o)
                0x2000402c                __lshift
 .text.__mcmp   0x2000411c       0x60 c:/isis/application/toolchain/bin/../lib/gcc/arm-none-eabi/4.7.4/../../../../arm-none-eabi/lib\libc_s.a(lib_a-mprec.o)
                0x2000411c                __mcmp
 .text.__mdiff  0x2000417c      0x128 c:/isis/application/toolchain/bin/../lib/gcc/arm-none-eabi/4.7.4/../../../../arm-none-eabi/lib\libc_s.a(lib_a-mprec.o)
                0x2000417c                __mdiff
 .text.__ulp    0x200042a4       0x5c c:/isis/application/toolchain/bin/../lib/gcc/arm-none-eabi/4.7.4/../../../../arm-none-eabi/lib\libc_s.a(lib_a-mprec.o)
                0x200042a4                __ulp
 .text.__b2d    0x20004300       0xc8 c:/isis/application/toolchain/bin/../lib/gcc/arm-none-eabi/4.7.4/../../../../arm-none-eabi/lib\libc_s.a(lib_a-mprec.o)
                0x20004300                __b2d
 .text.__d2b    0x200043c8       0xfc c:/isis/application/toolchain/bin/../lib/gcc/arm-none-eabi/4.7.4/../../../../arm-none-eabi/lib\libc_s.a(lib_a-mprec.o)
                0x200043c8                __d2b
 .text.__ratio  0x200044c4       0x70 c:/isis/application/toolchain/bin/../lib/gcc/arm-none-eabi/4.7.4/../../../../arm-none-eabi/lib\libc_s.a(lib_a-mprec.o)
                0x200044c4                __ratio
 .text.__copybits
                0x20004534       0x4c c:/isis/application/toolchain/bin/../lib/gcc/arm-none-eabi/4.7.4/../../../../arm-none-eabi/lib\libc_s.a(lib_a-mprec.o)
                0x20004534                __copybits
 .text.__any_on
                0x20004580       0x7c c:/isis/application/toolchain/bin/../lib/gcc/arm-none-eabi/4.7.4/../../../../arm-none-eabi/lib\libc_s.a(lib_a-mprec.o)
                0x20004580                __any_on
 .text.__fpclassifyd
                0x200045fc       0x6c c:/isis/application/toolchain/bin/../lib/gcc/arm-none-eabi/4.7.4/../../../../arm-none-eabi/lib\libc_s.a(lib_a-s_fpclassify.o)
                0x200045fc                __fpclassifyd
 .text._sbrk_r  0x20004668       0x3c c:/isis/application/toolchain/bin/../lib/gcc/arm-none-eabi/4.7.4/../../../../arm-none-eabi/lib\libc_s.a(lib_a-sbrkr.o)
                0x20004668                _sbrk_r
 .text.nanf     0x200046a4        0xc c:/isis/application/toolchain/bin/../lib/gcc/arm-none-eabi/4.7.4/../../../../arm-none-eabi/lib\libc_s.a(lib_a-sf_nan.o)
                0x200046a4                nanf
 .text.sprintf  0x200046b0       0x6c c:/isis/application/toolchain/bin/../lib/gcc/arm-none-eabi/4.7.4/../../../../arm-none-eabi/lib\libc_s.a(lib_a-sprintf.o)
                0x200046b0                siprintf
                0x200046b0                sprintf
 .text.strcmp   0x2000471c       0x1c c:/isis/application/toolchain/bin/../lib/gcc/arm-none-eabi/4.7.4/../../../../arm-none-eabi/lib\libc_s.a(lib_a-strcmp.o)
                0x2000471c                strcmp
 .text.strlen   0x20004738       0x1c c:/isis/application/toolchain/bin/../lib/gcc/arm-none-eabi/4.7.4/../../../../arm-none-eabi/lib\libc_s.a(lib_a-strlen.o)
                0x20004738                strlen
 .text.match    0x20004754       0x54 c:/isis/application/toolchain/bin/../lib/gcc/arm-none-eabi/4.7.4/../../../../arm-none-eabi/lib\libc_s.a(lib_a-strtod.o)
 .text._strtod_r
                0x200047a8     0x1168 c:/isis/application/toolchain/bin/../lib/gcc/arm-none-eabi/4.7.4/../../../../arm-none-eabi/lib\libc_s.a(lib_a-strtod.o)
                0x200047a8                _strtod_r
 .text._strtol_r
                0x20005910      0x1b8 c:/isis/application/toolchain/bin/../lib/gcc/arm-none-eabi/4.7.4/../../../../arm-none-eabi/lib\libc_s.a(lib_a-strtol.o)
                0x20005910                _strtol_r
 .text.__ssputc_r
                0x20005ac8      0x10c c:/isis/application/toolchain/bin/../lib/gcc/arm-none-eabi/4.7.4/../../../../arm-none-eabi/lib\libc_s.a(lib_a-svfprintf.o)
                0x20005ac8                __ssputc_r
 .text._svfprintf_r
                0x20005bd4      0x328 c:/isis/application/toolchain/bin/../lib/gcc/arm-none-eabi/4.7.4/../../../../arm-none-eabi/lib\libc_s.a(lib_a-svfprintf.o)
                0x20005bd4                _svfiprintf_r
                0x20005bd4                _svfprintf_r
 .text._calloc_r
                0x20005efc       0x2c c:/isis/application/toolchain/bin/../lib/gcc/arm-none-eabi/4.7.4/../../../../arm-none-eabi/lib\libc_s.a(lib_a-callocr.o)
                0x20005efc                _calloc_r
 .text._free_r  0x20005f28      0x108 c:/isis/application/toolchain/bin/../lib/gcc/arm-none-eabi/4.7.4/../../../../arm-none-eabi/lib\libc_s.a(lib_a-freer.o)
                0x20005f28                _free_r
 .text.rshift   0x20006030       0xb0 c:/isis/application/toolchain/bin/../lib/gcc/arm-none-eabi/4.7.4/../../../../arm-none-eabi/lib\libc_s.a(lib_a-gdtoa-gethex.o)
 .text.htinit.constprop.0
                0x200060e0       0x34 c:/isis/application/toolchain/bin/../lib/gcc/arm-none-eabi/4.7.4/../../../../arm-none-eabi/lib\libc_s.a(lib_a-gdtoa-gethex.o)
 .text.__hexdig_init
                0x20006114       0x38 c:/isis/application/toolchain/bin/../lib/gcc/arm-none-eabi/4.7.4/../../../../arm-none-eabi/lib\libc_s.a(lib_a-gdtoa-gethex.o)
                0x20006114                __hexdig_init
 .text.__gethex
                0x2000614c      0x6cc c:/isis/application/toolchain/bin/../lib/gcc/arm-none-eabi/4.7.4/../../../../arm-none-eabi/lib\libc_s.a(lib_a-gdtoa-gethex.o)
                0x2000614c                __gethex
 .text.L_shift  0x20006818       0x38 c:/isis/application/toolchain/bin/../lib/gcc/arm-none-eabi/4.7.4/../../../../arm-none-eabi/lib\libc_s.a(lib_a-gdtoa-hexnan.o)
 .text.__hexnan
                0x20006850      0x1d8 c:/isis/application/toolchain/bin/../lib/gcc/arm-none-eabi/4.7.4/../../../../arm-none-eabi/lib\libc_s.a(lib_a-gdtoa-hexnan.o)
                0x20006850                __hexnan
 .text.memchr   0x20006a28       0x34 c:/isis/application/toolchain/bin/../lib/gcc/arm-none-eabi/4.7.4/../../../../arm-none-eabi/lib\libc_s.a(lib_a-memchr.o)
                0x20006a28                memchr
 .text.memset   0x20006a5c       0x1c c:/isis/application/toolchain/bin/../lib/gcc/arm-none-eabi/4.7.4/../../../../arm-none-eabi/lib\libc_s.a(lib_a-memset.o)
                0x20006a5c                memset
 .text._realloc_r
                0x20006a78       0x80 c:/isis/application/toolchain/bin/../lib/gcc/arm-none-eabi/4.7.4/../../../../arm-none-eabi/lib\libc_s.a(lib_a-reallocr.o)
                0x20006a78                _realloc_r
 .text.strncmp  0x20006af8       0x64 c:/isis/application/toolchain/bin/../lib/gcc/arm-none-eabi/4.7.4/../../../../arm-none-eabi/lib\libc_s.a(lib_a-strncmp.o)
                0x20006af8                strncmp
 .text._malloc_usable_size_r
                0x20006b5c       0x1c c:/isis/application/toolchain/bin/../lib/gcc/arm-none-eabi/4.7.4/../../../../arm-none-eabi/lib\libc_s.a(lib_a-msizer.o)
                0x20006b5c                _malloc_usable_size_r
 .text.GetBatteryVoltage
                0x20006b78       0x58 ./src/SubSystemModules/PowerManagment/EPS.o
                0x20006b78                GetBatteryVoltage
 .text.EPS_Init
                0x20006bd0      0x10c ./src/SubSystemModules/PowerManagment/EPS.o
                0x20006bd0                EPS_Init
 .text.EPS_Conditioning
                0x20006cdc       0xf0 ./src/SubSystemModules/PowerManagment/EPS.o
                0x20006cdc                EPS_Conditioning
 .text.GetthresholdVoltages
                0x20006dcc       0x64 ./src/SubSystemModules/PowerManagment/EPS.o
                0x20006dcc                GetthresholdVoltages
 .text.GetAlpha
                0x20006e30       0x48 ./src/SubSystemModules/PowerManagment/EPS.o
                0x20006e30                GetAlpha
 .text.EnterFullMode
                0x20006e78       0x2c ./src/SubSystemModules/PowerManagment/EPSOperationModes.o
                0x20006e78                EnterFullMode
 .text.EnterCruiseMode
                0x20006ea4       0x2c ./src/SubSystemModules/PowerManagment/EPSOperationModes.o
                0x20006ea4                EnterCruiseMode
 .text.EnterSafeMode
                0x20006ed0       0x2c ./src/SubSystemModules/PowerManagment/EPSOperationModes.o
                0x20006ed0                EnterSafeMode
 .text.EnterCriticalMode
                0x20006efc       0x2c ./src/SubSystemModules/PowerManagment/EPSOperationModes.o
                0x20006efc                EnterCriticalMode
 .text.TelemetryCollectorLogic
                0x20006f28       0x18 ./src/SubSystemModules/Housekepping/TelemetryCollector.o
                0x20006f28                TelemetryCollectorLogic
 .text.TelemetrySaveWOD
                0x20006f40       0x5c ./src/SubSystemModules/Housekepping/TelemetryCollector.o
                0x20006f40                TelemetrySaveWOD
 .text.InitSemaphores
                0x20006f9c       0xa4 ./src/SubSystemModules/Communication/TRXVU.o
                0x20006f9c                InitSemaphores
 .text.InitTrxvu
                0x20007040      0x10c ./src/SubSystemModules/Communication/TRXVU.o
                0x20007040                InitTrxvu
 .text.isFirstActivation
                0x2000714c       0x30 ./src/InitSystem.o
                0x2000714c                isFirstActivation
 .text.firstActivationProcedure
                0x2000717c      0x1b0 ./src/InitSystem.o
                0x2000717c                firstActivationProcedure
 .text.StartFRAM
                0x2000732c       0x18 ./src/InitSystem.o
                0x2000732c                StartFRAM
 .text.StartI2C
                0x20007344       0x24 ./src/InitSystem.o
                0x20007344                StartI2C
 .text.StartSPI
                0x20007368       0x20 ./src/InitSystem.o
                0x20007368                StartSPI
 .text.StartTIME
                0x20007388       0x94 ./src/InitSystem.o
                0x20007388                StartTIME
 .text.DeploySystem
                0x2000741c       0x30 ./src/InitSystem.o
                0x2000741c                DeploySystem
 .text.InitSubsystems
                0x2000744c       0x40 ./src/InitSystem.o
                0x2000744c                InitSubsystems
 .text.delete_allTMFilesFromSD
                0x2000748c       0x14 ./src/TLM_management.o
                0x2000748c                delete_allTMFilesFromSD
 .text.getNumOfChainsInFS
                0x200074a0       0x30 ./src/TLM_management.o
 .text.setNumOfChainsInFS
                0x200074d0       0x3c ./src/TLM_management.o
 .text.InitializeFS
                0x2000750c      0x174 ./src/TLM_management.o
                0x2000750c                InitializeFS
 .text.c_fileCreate
                0x20007680       0xdc ./src/TLM_management.o
                0x20007680                c_fileCreate
 .text.writewithEpochtime
                0x2000775c       0xa0 ./src/TLM_management.o
 .text.get_C_FILE_struct
                0x200077fc       0xf4 ./src/TLM_management.o
 .text.getFileIndex
                0x200078f0       0x40 ./src/TLM_management.o
 .text.get_file_name_by_index
                0x20007930       0x44 ./src/TLM_management.o
                0x20007930                get_file_name_by_index
 .text.c_fileWrite
                0x20007974      0x100 ./src/TLM_management.o
                0x20007974                c_fileWrite
 .text.taskMain
                0x20007a74       0x20 ./src/main.o
                0x20007a74                taskMain
 .text.main     0x20007a94       0xa0 ./src/main.o
                0x20007a94                main
 .text.validateTransferParameters
                0x20007b34      0x10c C:/ISIS/workspace/CubeSat3/GlobusSatProject/..//hal/hal/lib\libHALD.a(I2C.o)
 .text.I2C_queueTransfer
                0x20007c40       0xe8 C:/ISIS/workspace/CubeSat3/GlobusSatProject/..//hal/hal/lib\libHALD.a(I2C.o)
                0x20007c40                I2C_queueTransfer
 .text.I2C_internalCallback
                0x20007d28       0x64 C:/ISIS/workspace/CubeSat3/GlobusSatProject/..//hal/hal/lib\libHALD.a(I2C.o)
 .text.I2C_doBlockingTransfer
                0x20007d8c      0x160 C:/ISIS/workspace/CubeSat3/GlobusSatProject/..//hal/hal/lib\libHALD.a(I2C.o)
 .text.I2C_writeRead
                0x20007eec      0x180 C:/ISIS/workspace/CubeSat3/GlobusSatProject/..//hal/hal/lib\libHALD.a(I2C.o)
                0x20007eec                I2C_writeRead
 .text.I2C_start
                0x2000806c      0x2e8 C:/ISIS/workspace/CubeSat3/GlobusSatProject/..//hal/hal/lib\libHALD.a(I2C.o)
                0x2000806c                I2C_start
 .text.I2C_stop
                0x20008354      0x184 C:/ISIS/workspace/CubeSat3/GlobusSatProject/..//hal/hal/lib\libHALD.a(I2C.o)
                0x20008354                I2C_stop
 .text.I2C_setTransferTimeout
                0x200084d8       0x48 C:/ISIS/workspace/CubeSat3/GlobusSatProject/..//hal/hal/lib\libHALD.a(I2C.o)
                0x200084d8                I2C_setTransferTimeout
 .text.clearPDCtransfers
                0x20008520       0xdc C:/ISIS/workspace/CubeSat3/GlobusSatProject/..//hal/hal/lib\libHALD.a(SPI.o)
 .text.SPI_start
                0x200085fc      0x4c0 C:/ISIS/workspace/CubeSat3/GlobusSatProject/..//hal/hal/lib\libHALD.a(SPI.o)
                0x200085fc                SPI_start
 .text.SPI_stop
                0x20008abc      0x22c C:/ISIS/workspace/CubeSat3/GlobusSatProject/..//hal/hal/lib\libHALD.a(SPI.o)
                0x20008abc                SPI_stop
 .text.SPI_queueTransfer
                0x20008ce8      0x190 C:/ISIS/workspace/CubeSat3/GlobusSatProject/..//hal/hal/lib\libHALD.a(SPI.o)
                0x20008ce8                SPI_queueTransfer
 .text.SPI_internalCallback
                0x20008e78       0x64 C:/ISIS/workspace/CubeSat3/GlobusSatProject/..//hal/hal/lib\libHALD.a(SPI.o)
 .text.SPI_writeRead
                0x20008edc      0x188 C:/ISIS/workspace/CubeSat3/GlobusSatProject/..//hal/hal/lib\libHALD.a(SPI.o)
                0x20008edc                SPI_writeRead
 .text.waitForTransfer
                0x20009064       0x68 C:/ISIS/workspace/CubeSat3/GlobusSatProject/..//hal/hal/lib\libHALD.a(SPI.o)
 .text.SPI_getDriverState
                0x200090cc       0x58 C:/ISIS/workspace/CubeSat3/GlobusSatProject/..//hal/hal/lib\libHALD.a(SPI.o)
                0x200090cc                SPI_getDriverState
 .text.FRAM_start
                0x20009124       0xf4 C:/ISIS/workspace/CubeSat3/GlobusSatProject/..//hal/hal/lib\libHALD.a(FRAM.o)
                0x20009124                FRAM_start
 .text.FRAM_dummyCallback
                0x20009218       0x24 C:/ISIS/workspace/CubeSat3/GlobusSatProject/..//hal/hal/lib\libHALD.a(FRAM.o)
                0x20009218                FRAM_dummyCallback
 .text.FRAM_unlockingCallback
                0x2000923c       0x78 C:/ISIS/workspace/CubeSat3/GlobusSatProject/..//hal/hal/lib\libHALD.a(FRAM.o)
                0x2000923c                FRAM_unlockingCallback
 .text.doBlockingTransfer
                0x200092b4       0x88 C:/ISIS/workspace/CubeSat3/GlobusSatProject/..//hal/hal/lib\libHALD.a(FRAM.o)
 .text.FRAM_writePacket
                0x2000933c      0x148 C:/ISIS/workspace/CubeSat3/GlobusSatProject/..//hal/hal/lib\libHALD.a(FRAM.o)
 .text.FRAM_write
                0x20009484      0x1c8 C:/ISIS/workspace/CubeSat3/GlobusSatProject/..//hal/hal/lib\libHALD.a(FRAM.o)
                0x20009484                FRAM_write
 .text.FRAM_readPacket
                0x2000964c      0x114 C:/ISIS/workspace/CubeSat3/GlobusSatProject/..//hal/hal/lib\libHALD.a(FRAM.o)
 .text.FRAM_read
                0x20009760      0x1d4 C:/ISIS/workspace/CubeSat3/GlobusSatProject/..//hal/hal/lib\libHALD.a(FRAM.o)
                0x20009760                FRAM_read
 .text.Time_start
                0x20009934      0x150 C:/ISIS/workspace/CubeSat3/GlobusSatProject/..//hal/hal/lib\libHALD.a(Time.o)
                0x20009934                Time_start
 .text.taskTimeSync
                0x20009a84       0x38 C:/ISIS/workspace/CubeSat3/GlobusSatProject/..//hal/hal/lib\libHALD.a(Time.o)
 .text.Time_set
                0x20009abc      0x278 C:/ISIS/workspace/CubeSat3/GlobusSatProject/..//hal/hal/lib\libHALD.a(Time.o)
                0x20009abc                Time_set
 .text.Time_isLeapYear
                0x20009d34       0x98 C:/ISIS/workspace/CubeSat3/GlobusSatProject/..//hal/hal/lib\libHALD.a(Time.o)
                0x20009d34                Time_isLeapYear
 .text.Time_get
                0x20009dcc      0x410 C:/ISIS/workspace/CubeSat3/GlobusSatProject/..//hal/hal/lib\libHALD.a(Time.o)
                0x20009dcc                Time_get
 .text.Time_getUnixEpoch
                0x2000a1dc       0xf4 C:/ISIS/workspace/CubeSat3/GlobusSatProject/..//hal/hal/lib\libHALD.a(Time.o)
                0x2000a1dc                Time_getUnixEpoch
 .text.Time_sync
                0x2000a2d0      0x2b8 C:/ISIS/workspace/CubeSat3/GlobusSatProject/..//hal/hal/lib\libHALD.a(Time.o)
                0x2000a2d0                Time_sync
 .text.Time_syncIfNeeded
                0x2000a588       0x70 C:/ISIS/workspace/CubeSat3/GlobusSatProject/..//hal/hal/lib\libHALD.a(Time.o)
                0x2000a588                Time_syncIfNeeded
 .text.Time_setSyncInterval
                0x2000a5f8       0x38 C:/ISIS/workspace/CubeSat3/GlobusSatProject/..//hal/hal/lib\libHALD.a(Time.o)
                0x2000a5f8                Time_setSyncInterval
 .text.WDT_start
                0x2000a630       0x48 C:/ISIS/workspace/CubeSat3/GlobusSatProject/..//hal/hal/lib\libHALD.a(WatchDogTimerNoOS.o)
                0x2000a630                WDT_start
 .text.WDT_startWatchdogKickTask
                0x2000a678       0xb4 C:/ISIS/workspace/CubeSat3/GlobusSatProject/..//hal/hal/lib\libHALD.a(WatchDogTimerOS.o)
                0x2000a678                WDT_startWatchdogKickTask
 .text.WDT_forceKickEveryNms
                0x2000a72c       0x50 C:/ISIS/workspace/CubeSat3/GlobusSatProject/..//hal/hal/lib\libHALD.a(WatchDogTimerOS.o)
                0x2000a72c                WDT_forceKickEveryNms
 .text.LED_glow
                0x2000a77c       0x58 C:/ISIS/workspace/CubeSat3/GlobusSatProject/..//hal/hal/lib\libHALD.a(LED.o)
                0x2000a77c                LED_glow
 .text.LED_dark
                0x2000a7d4       0x58 C:/ISIS/workspace/CubeSat3/GlobusSatProject/..//hal/hal/lib\libHALD.a(LED.o)
                0x2000a7d4                LED_dark
 .text.LED_toggle
                0x2000a82c       0x50 C:/ISIS/workspace/CubeSat3/GlobusSatProject/..//hal/hal/lib\libHALD.a(LED.o)
                0x2000a82c                LED_toggle
 .text.RTC_start
                0x2000a87c       0x3c C:/ISIS/workspace/CubeSat3/GlobusSatProject/..//hal/hal/lib\libHALD.a(RTC.o)
                0x2000a87c                RTC_start
 .text.RTC_setTime
                0x2000a8b8      0x2a4 C:/ISIS/workspace/CubeSat3/GlobusSatProject/..//hal/hal/lib\libHALD.a(RTC.o)
                0x2000a8b8                RTC_setTime
 .text.RTC_getTime
                0x2000ab5c      0x224 C:/ISIS/workspace/CubeSat3/GlobusSatProject/..//hal/hal/lib\libHALD.a(RTC.o)
                0x2000ab5c                RTC_getTime
 .text.RTC_checkTimeValid
                0x2000ad80       0xdc C:/ISIS/workspace/CubeSat3/GlobusSatProject/..//hal/hal/lib\libHALD.a(RTC.o)
                0x2000ad80                RTC_checkTimeValid
 .text.RTT_start
                0x2000ae5c       0x24 C:/ISIS/workspace/CubeSat3/GlobusSatProject/..//hal/hal/lib\libHALD.a(RTT.o)
                0x2000ae5c                RTT_start
 .text.fn_init  0x2000ae80      0x2e0 C:/ISIS/workspace/CubeSat3/GlobusSatProject/..//hal/hcc/lib\libHCCD.a(fat_common.o)
                0x2000ae80                fn_init
 .text._f_get16bitl
                0x2000b160       0x4c C:/ISIS/workspace/CubeSat3/GlobusSatProject/..//hal/hcc/lib\libHCCD.a(fat_common.o)
                0x2000b160                _f_get16bitl
 .text._f_set16bitl
                0x2000b1ac       0x54 C:/ISIS/workspace/CubeSat3/GlobusSatProject/..//hal/hcc/lib\libHCCD.a(fat_common.o)
                0x2000b1ac                _f_set16bitl
 .text._f_get32bitl
                0x2000b200       0x68 C:/ISIS/workspace/CubeSat3/GlobusSatProject/..//hal/hcc/lib\libHCCD.a(fat_common.o)
                0x2000b200                _f_get32bitl
 .text._f_set32bitl
                0x2000b268       0x78 C:/ISIS/workspace/CubeSat3/GlobusSatProject/..//hal/hcc/lib\libHCCD.a(fat_common.o)
                0x2000b268                _f_set32bitl
 .text._get8bit
                0x2000b2e0       0xa0 C:/ISIS/workspace/CubeSat3/GlobusSatProject/..//hal/hcc/lib\libHCCD.a(fat_common.o)
 .text._get16bitl
                0x2000b380       0x40 C:/ISIS/workspace/CubeSat3/GlobusSatProject/..//hal/hcc/lib\libHCCD.a(fat_common.o)
 .text._get32bitl
                0x2000b3c0       0x3c C:/ISIS/workspace/CubeSat3/GlobusSatProject/..//hal/hcc/lib\libHCCD.a(fat_common.o)
 .text._f_setcardremoved
                0x2000b3fc       0x94 C:/ISIS/workspace/CubeSat3/GlobusSatProject/..//hal/hcc/lib\libHCCD.a(fat_common.o)
 .text._f_checkstatus
                0x2000b490      0x104 C:/ISIS/workspace/CubeSat3/GlobusSatProject/..//hal/hcc/lib\libHCCD.a(fat_common.o)
                0x2000b490                _f_checkstatus
 .text._f_drvgetphy
                0x2000b594      0x114 C:/ISIS/workspace/CubeSat3/GlobusSatProject/..//hal/hcc/lib\libHCCD.a(fat_common.o)
 .text._f_drvwritesector
                0x2000b6a8       0xdc C:/ISIS/workspace/CubeSat3/GlobusSatProject/..//hal/hcc/lib\libHCCD.a(fat_common.o)
 .text._f_drvreadsector
                0x2000b784       0xa8 C:/ISIS/workspace/CubeSat3/GlobusSatProject/..//hal/hcc/lib\libHCCD.a(fat_common.o)
 .text._f_writesector
                0x2000b82c      0x23c C:/ISIS/workspace/CubeSat3/GlobusSatProject/..//hal/hcc/lib\libHCCD.a(fat_common.o)
                0x2000b82c                _f_writesector
 .text._f_readsector
                0x2000ba68      0x1dc C:/ISIS/workspace/CubeSat3/GlobusSatProject/..//hal/hcc/lib\libHCCD.a(fat_common.o)
                0x2000ba68                _f_readsector
 .text._f_getmaxcluster
                0x2000bc44       0x94 C:/ISIS/workspace/CubeSat3/GlobusSatProject/..//hal/hcc/lib\libHCCD.a(fat_common.o)
                0x2000bc44                _f_getmaxcluster
 .text._getsectorfromcluster
                0x2000bcd8       0x68 C:/ISIS/workspace/CubeSat3/GlobusSatProject/..//hal/hcc/lib\libHCCD.a(fat_common.o)
 .text._f_buildsectors
                0x2000bd40      0x268 C:/ISIS/workspace/CubeSat3/GlobusSatProject/..//hal/hcc/lib\libHCCD.a(fat_common.o)
 .text._f_getbootrecord
                0x2000bfa8      0x5e4 C:/ISIS/workspace/CubeSat3/GlobusSatProject/..//hal/hcc/lib\libHCCD.a(fat_common.o)
 .text._f_readbootrecord
                0x2000c58c      0x4f8 C:/ISIS/workspace/CubeSat3/GlobusSatProject/..//hal/hcc/lib\libHCCD.a(fat_common.o)
 .text._f_flushcffiles
                0x2000ca84      0x17c C:/ISIS/workspace/CubeSat3/GlobusSatProject/..//hal/hcc/lib\libHCCD.a(fat_common.o)
                0x2000ca84                _f_flushcffiles
 .text._f_fatcache_flush
                0x2000cc00      0x270 C:/ISIS/workspace/CubeSat3/GlobusSatProject/..//hal/hcc/lib\libHCCD.a(fat_common.o)
                0x2000cc00                _f_fatcache_flush
 .text._f_writefatsector
                0x2000ce70      0x100 C:/ISIS/workspace/CubeSat3/GlobusSatProject/..//hal/hcc/lib\libHCCD.a(fat_common.o)
                0x2000ce70                _f_writefatsector
 .text._f_getfatsector
                0x2000cf70      0x3bc C:/ISIS/workspace/CubeSat3/GlobusSatProject/..//hal/hcc/lib\libHCCD.a(fat_common.o)
 .text._f_setclustervalue
                0x2000d32c      0x490 C:/ISIS/workspace/CubeSat3/GlobusSatProject/..//hal/hcc/lib\libHCCD.a(fat_common.o)
                0x2000d32c                _f_setclustervalue
 .text._f_getclustervalue
                0x2000d7bc      0x388 C:/ISIS/workspace/CubeSat3/GlobusSatProject/..//hal/hcc/lib\libHCCD.a(fat_common.o)
                0x2000d7bc                _f_getclustervalue
 .text._f_close_drive_files
                0x2000db44       0xac C:/ISIS/workspace/CubeSat3/GlobusSatProject/..//hal/hcc/lib\libHCCD.a(fat_common.o)
 .text._f_inc_mount_count
                0x2000dbf0       0xa4 C:/ISIS/workspace/CubeSat3/GlobusSatProject/..//hal/hcc/lib\libHCCD.a(fat_common.o)
 .text._f_getvolume
                0x2000dc94      0x2f8 C:/ISIS/workspace/CubeSat3/GlobusSatProject/..//hal/hcc/lib\libHCCD.a(fat_common.o)
                0x2000dc94                _f_getvolume
 .text.fn_createdriver
                0x2000df8c      0x118 C:/ISIS/workspace/CubeSat3/GlobusSatProject/..//hal/hcc/lib\libHCCD.a(fat_common.o)
                0x2000df8c                fn_createdriver
 .text.fn_initvolume
                0x2000e0a4      0x12c C:/ISIS/workspace/CubeSat3/GlobusSatProject/..//hal/hcc/lib\libHCCD.a(fat_common.o)
                0x2000e0a4                fn_initvolume
 .text.fn_initvolumepartition_sub
                0x2000e1d0       0xe0 C:/ISIS/workspace/CubeSat3/GlobusSatProject/..//hal/hcc/lib\libHCCD.a(fat_common.o)
 .text.fn_initvolumepartition
                0x2000e2b0       0xac C:/ISIS/workspace/CubeSat3/GlobusSatProject/..//hal/hcc/lib\libHCCD.a(fat_common.o)
                0x2000e2b0                fn_initvolumepartition
 .text._f_clustertopos
                0x2000e35c       0xf8 C:/ISIS/workspace/CubeSat3/GlobusSatProject/..//hal/hcc/lib\libHCCD.a(fat_common.o)
                0x2000e35c                _f_clustertopos
 .text._f_getcurrsector
                0x2000e454      0x6c8 C:/ISIS/workspace/CubeSat3/GlobusSatProject/..//hal/hcc/lib\libHCCD.a(fat_common.o)
                0x2000e454                _f_getcurrsector
 .text._f_getdecluster
                0x2000eb1c       0x90 C:/ISIS/workspace/CubeSat3/GlobusSatProject/..//hal/hcc/lib\libHCCD.a(fat_common.o)
                0x2000eb1c                _f_getdecluster
 .text._f_setdecluster
                0x2000ebac       0x8c C:/ISIS/workspace/CubeSat3/GlobusSatProject/..//hal/hcc/lib\libHCCD.a(fat_common.o)
                0x2000ebac                _f_setdecluster
 .text.fn_getdrive
                0x2000ec38       0x30 C:/ISIS/workspace/CubeSat3/GlobusSatProject/..//hal/hcc/lib\libHCCD.a(fat_common.o)
                0x2000ec38                fn_getdrive
 .text._f_getcurrenttimedate
                0x2000ec68      0x138 C:/ISIS/workspace/CubeSat3/GlobusSatProject/..//hal/hcc/lib\libHCCD.a(fat_common.o)
                0x2000ec68                _f_getcurrenttimedate
 .text._f_initentry
                0x2000eda0       0xa0 C:/ISIS/workspace/CubeSat3/GlobusSatProject/..//hal/hcc/lib\libHCCD.a(fat_common.o)
                0x2000eda0                _f_initentry
 .text._f_alloccluster
                0x2000ee40      0x344 C:/ISIS/workspace/CubeSat3/GlobusSatProject/..//hal/hcc/lib\libHCCD.a(fat_common.o)
                0x2000ee40                _f_alloccluster
 .text._f_dobadblock
                0x2000f184      0x2cc C:/ISIS/workspace/CubeSat3/GlobusSatProject/..//hal/hcc/lib\libHCCD.a(fat_common.o)
                0x2000f184                _f_dobadblock
 .text._f_checklocked
                0x2000f450       0xe4 C:/ISIS/workspace/CubeSat3/GlobusSatProject/..//hal/hcc/lib\libHCCD.a(fat_common.o)
                0x2000f450                _f_checklocked
 .text._f_checkappendlocked
                0x2000f534      0x110 C:/ISIS/workspace/CubeSat3/GlobusSatProject/..//hal/hcc/lib\libHCCD.a(fat_common.o)
                0x2000f534                _f_checkappendlocked
 .text._f_setsyncafile
                0x2000f644      0x114 C:/ISIS/workspace/CubeSat3/GlobusSatProject/..//hal/hcc/lib\libHCCD.a(fat_common.o)
                0x2000f644                _f_setsyncafile
 .text._f_syncfiles
                0x2000f758      0x128 C:/ISIS/workspace/CubeSat3/GlobusSatProject/..//hal/hcc/lib\libHCCD.a(fat_common.o)
                0x2000f758                _f_syncfiles
 .text._f_syncfilescontent
                0x2000f880      0x15c C:/ISIS/workspace/CubeSat3/GlobusSatProject/..//hal/hcc/lib\libHCCD.a(fat_common.o)
 .text.fn_getfreespace
                0x2000f9dc      0x4c0 C:/ISIS/workspace/CubeSat3/GlobusSatProject/..//hal/hcc/lib\libHCCD.a(fat_common.o)
                0x2000f9dc                fn_getfreespace
 .text._f_emptywritecache
                0x2000fe9c      0x4a4 C:/ISIS/workspace/CubeSat3/GlobusSatProject/..//hal/hcc/lib\libHCCD.a(fat_common.o)
 .text._f_allocnextcluster
                0x20010340      0x54c C:/ISIS/workspace/CubeSat3/GlobusSatProject/..//hal/hcc/lib\libHCCD.a(fat_common.o)
 .text._f_emptywritebuffer
                0x2001088c      0x20c C:/ISIS/workspace/CubeSat3/GlobusSatProject/..//hal/hcc/lib\libHCCD.a(fat_common.o)
 .text._f_writezeros
                0x20010a98       0xf0 C:/ISIS/workspace/CubeSat3/GlobusSatProject/..//hal/hcc/lib\libHCCD.a(fat_common.o)
                0x20010a98                _f_writezeros
 .text._f_extend_file
                0x20010b88      0x570 C:/ISIS/workspace/CubeSat3/GlobusSatProject/..//hal/hcc/lib\libHCCD.a(fat_common.o)
 .text._f_fseek
                0x200110f8      0x9bc C:/ISIS/workspace/CubeSat3/GlobusSatProject/..//hal/hcc/lib\libHCCD.a(fat_common.o)
                0x200110f8                _f_fseek
 .text._f_removechain
                0x20011ab4      0x104 C:/ISIS/workspace/CubeSat3/GlobusSatProject/..//hal/hcc/lib\libHCCD.a(fat_common.o)
                0x20011ab4                _f_removechain
 .text._f_updatefileentry
                0x20011bb8      0x1cc C:/ISIS/workspace/CubeSat3/GlobusSatProject/..//hal/hcc/lib\libHCCD.a(fat_common.o)
 .text._f_checkreadlocked
                0x20011d84      0x1bc C:/ISIS/workspace/CubeSat3/GlobusSatProject/..//hal/hcc/lib\libHCCD.a(fat_common.o)
                0x20011d84                _f_checkreadlocked
 .text._f_check_handle
                0x20011f40       0x98 C:/ISIS/workspace/CubeSat3/GlobusSatProject/..//hal/hcc/lib\libHCCD.a(fat_common.o)
                0x20011f40                _f_check_handle
 .text._f_removesyncafile
                0x20011fd8      0x1ec C:/ISIS/workspace/CubeSat3/GlobusSatProject/..//hal/hcc/lib\libHCCD.a(fat_common.o)
 .text.fn_close
                0x200121c4      0x3f8 C:/ISIS/workspace/CubeSat3/GlobusSatProject/..//hal/hcc/lib\libHCCD.a(fat_common.o)
                0x200121c4                fn_close
 .text.fn_flush
                0x200125bc      0x374 C:/ISIS/workspace/CubeSat3/GlobusSatProject/..//hal/hcc/lib\libHCCD.a(fat_common.o)
                0x200125bc                fn_flush
 .text._f_abortwrite
                0x20012930      0x100 C:/ISIS/workspace/CubeSat3/GlobusSatProject/..//hal/hcc/lib\libHCCD.a(fat_common.o)
 .text._f_checkwritecluster
                0x20012a30       0xe4 C:/ISIS/workspace/CubeSat3/GlobusSatProject/..//hal/hcc/lib\libHCCD.a(fat_common.o)
 .text.fn_write
                0x20012b14      0x8a8 C:/ISIS/workspace/CubeSat3/GlobusSatProject/..//hal/hcc/lib\libHCCD.a(fat_common.o)
                0x20012b14                fn_write
 .text.f_enterFS
                0x200133bc      0x1c0 C:/ISIS/workspace/CubeSat3/GlobusSatProject/..//hal/hcc/lib\libHCCD.a(fat_common.o)
                0x200133bc                f_enterFS
 .text.f_releaseFS
                0x2001357c       0xb0 C:/ISIS/workspace/CubeSat3/GlobusSatProject/..//hal/hcc/lib\libHCCD.a(fat_common.o)
                0x2001357c                f_releaseFS
 .text.fnGetTask
                0x2001362c       0xfc C:/ISIS/workspace/CubeSat3/GlobusSatProject/..//hal/hcc/lib\libHCCD.a(fat_common.o)
                0x2001362c                fnGetTask
 .text._f_mutex_get
                0x20013728       0x98 C:/ISIS/workspace/CubeSat3/GlobusSatProject/..//hal/hcc/lib\libHCCD.a(fat_common.o)
                0x20013728                _f_mutex_get
 .text._f_mutex_put
                0x200137c0       0x54 C:/ISIS/workspace/CubeSat3/GlobusSatProject/..//hal/hcc/lib\libHCCD.a(fat_common.o)
                0x200137c0                _f_mutex_put
 .text._fn_initseekdivisor
                0x20013814      0x158 C:/ISIS/workspace/CubeSat3/GlobusSatProject/..//hal/hcc/lib\libHCCD.a(fat_common.o)
                0x20013814                _fn_initseekdivisor
 .text._fn_updateseekpos
                0x2001396c       0xc4 C:/ISIS/workspace/CubeSat3/GlobusSatProject/..//hal/hcc/lib\libHCCD.a(fat_common.o)
 .text.fn_setlasterror
                0x20013a30       0x34 C:/ISIS/workspace/CubeSat3/GlobusSatProject/..//hal/hcc/lib\libHCCD.a(fat_common.o)
                0x20013a30                fn_setlasterror
 .text.fn_setlasterror_noret
                0x20013a64       0x2c C:/ISIS/workspace/CubeSat3/GlobusSatProject/..//hal/hcc/lib\libHCCD.a(fat_common.o)
                0x20013a64                fn_setlasterror_noret
 .text.fm_initvolume
                0x20013a90       0x70 C:/ISIS/workspace/CubeSat3/GlobusSatProject/..//hal/hcc/lib\libHCCD.a(fat_m.o)
                0x20013a90                fm_initvolume
 .text.fm_getdrive
                0x20013b00       0x70 C:/ISIS/workspace/CubeSat3/GlobusSatProject/..//hal/hcc/lib\libHCCD.a(fat_m.o)
                0x20013b00                fm_getdrive
 .text.fm_getfreespace
                0x20013b70       0x68 C:/ISIS/workspace/CubeSat3/GlobusSatProject/..//hal/hcc/lib\libHCCD.a(fat_m.o)
                0x20013b70                fm_getfreespace
 .text.fm_close
                0x20013bd8       0x60 C:/ISIS/workspace/CubeSat3/GlobusSatProject/..//hal/hcc/lib\libHCCD.a(fat_m.o)
                0x20013bd8                fm_close
 .text.fm_flush
                0x20013c38       0x60 C:/ISIS/workspace/CubeSat3/GlobusSatProject/..//hal/hcc/lib\libHCCD.a(fat_m.o)
                0x20013c38                fm_flush
 .text.fm_open  0x20013c98       0x68 C:/ISIS/workspace/CubeSat3/GlobusSatProject/..//hal/hcc/lib\libHCCD.a(fat_m.o)
                0x20013c98                fm_open
 .text.fm_write
                0x20013d00       0x7c C:/ISIS/workspace/CubeSat3/GlobusSatProject/..//hal/hcc/lib\libHCCD.a(fat_m.o)
                0x20013d00                fm_write
 .text._s_checkzeroclusteratend
                0x20013d7c       0xf8 C:/ISIS/workspace/CubeSat3/GlobusSatProject/..//hal/hcc/lib\libHCCD.a(safefat.o)
 .text._s_clearclustercontent
                0x20013e74      0x108 C:/ISIS/workspace/CubeSat3/GlobusSatProject/..//hal/hcc/lib\libHCCD.a(safefat.o)
 .text._s_clearclustercontentdir
                0x20013f7c      0x19c C:/ISIS/workspace/CubeSat3/GlobusSatProject/..//hal/hcc/lib\libHCCD.a(safefat.o)
 .text._s_writedirsector
                0x20014118       0xd0 C:/ISIS/workspace/CubeSat3/GlobusSatProject/..//hal/hcc/lib\libHCCD.a(safefat.o)
 .text._s_getdirsector
                0x200141e8      0x100 C:/ISIS/workspace/CubeSat3/GlobusSatProject/..//hal/hcc/lib\libHCCD.a(safefat.o)
 .text._s_addentry
                0x200142e8      0x394 C:/ISIS/workspace/CubeSat3/GlobusSatProject/..//hal/hcc/lib\libHCCD.a(safefat.o)
 .text._s_findfile
                0x2001467c      0x33c C:/ISIS/workspace/CubeSat3/GlobusSatProject/..//hal/hcc/lib\libHCCD.a(safefat.o)
 .text._s_findsubdir
                0x200149b8      0x248 C:/ISIS/workspace/CubeSat3/GlobusSatProject/..//hal/hcc/lib\libHCCD.a(safefat.o)
 .text._s_createfile
                0x20014c00      0x190 C:/ISIS/workspace/CubeSat3/GlobusSatProject/..//hal/hcc/lib\libHCCD.a(safefat.o)
 .text._s_findsaffile
                0x20014d90      0x1b8 C:/ISIS/workspace/CubeSat3/GlobusSatProject/..//hal/hcc/lib\libHCCD.a(safefat.o)
 .text._s_open  0x20014f48       0xe4 C:/ISIS/workspace/CubeSat3/GlobusSatProject/..//hal/hcc/lib\libHCCD.a(safefat.o)
 .text._s_open_saf
                0x2001502c       0xe8 C:/ISIS/workspace/CubeSat3/GlobusSatProject/..//hal/hcc/lib\libHCCD.a(safefat.o)
 .text._s_flush
                0x20015114       0x84 C:/ISIS/workspace/CubeSat3/GlobusSatProject/..//hal/hcc/lib\libHCCD.a(safefat.o)
 .text._s_allocnextcluster
                0x20015198      0x13c C:/ISIS/workspace/CubeSat3/GlobusSatProject/..//hal/hcc/lib\libHCCD.a(safefat.o)
 .text._s_getnextsector
                0x200152d4       0xdc C:/ISIS/workspace/CubeSat3/GlobusSatProject/..//hal/hcc/lib\libHCCD.a(safefat.o)
 .text._s_seek  0x200153b0      0x1e8 C:/ISIS/workspace/CubeSat3/GlobusSatProject/..//hal/hcc/lib\libHCCD.a(safefat.o)
 .text._s_read  0x20015598      0x228 C:/ISIS/workspace/CubeSat3/GlobusSatProject/..//hal/hcc/lib\libHCCD.a(safefat.o)
 .text._s_write
                0x200157c0      0x384 C:/ISIS/workspace/CubeSat3/GlobusSatProject/..//hal/hcc/lib\libHCCD.a(safefat.o)
 .text._s_restoreclusters
                0x20015b44      0x270 C:/ISIS/workspace/CubeSat3/GlobusSatProject/..//hal/hcc/lib\libHCCD.a(safefat.o)
                0x20015b44                _s_restoreclusters
 .text._s_findrestore
                0x20015db4      0x18c C:/ISIS/workspace/CubeSat3/GlobusSatProject/..//hal/hcc/lib\libHCCD.a(safefat.o)
 .text._s_cmd_writede
                0x20015f40       0xd8 C:/ISIS/workspace/CubeSat3/GlobusSatProject/..//hal/hcc/lib\libHCCD.a(safefat.o)
 .text._s_cmd_setcluster
                0x20016018       0x88 C:/ISIS/workspace/CubeSat3/GlobusSatProject/..//hal/hcc/lib\libHCCD.a(safefat.o)
 .text._s_cmd_deletechain
                0x200160a0      0x100 C:/ISIS/workspace/CubeSat3/GlobusSatProject/..//hal/hcc/lib\libHCCD.a(safefat.o)
 .text._s_cmd_validatecfn
                0x200161a0      0x308 C:/ISIS/workspace/CubeSat3/GlobusSatProject/..//hal/hcc/lib\libHCCD.a(safefat.o)
 .text._s_cmd_seteof
                0x200164a8      0x3c4 C:/ISIS/workspace/CubeSat3/GlobusSatProject/..//hal/hcc/lib\libHCCD.a(safefat.o)
 .text.safe_docommands
                0x2001686c      0x56c C:/ISIS/workspace/CubeSat3/GlobusSatProject/..//hal/hcc/lib\libHCCD.a(safefat.o)
                0x2001686c                safe_docommands
 .text.safe_entercommand
                0x20016dd8       0x68 C:/ISIS/workspace/CubeSat3/GlobusSatProject/..//hal/hcc/lib\libHCCD.a(safefat.o)
                0x20016dd8                safe_entercommand
 .text.safe_ready
                0x20016e40       0xf4 C:/ISIS/workspace/CubeSat3/GlobusSatProject/..//hal/hcc/lib\libHCCD.a(safefat.o)
                0x20016e40                safe_ready
 .text.safe_copycfn
                0x20016f34       0xb8 C:/ISIS/workspace/CubeSat3/GlobusSatProject/..//hal/hcc/lib\libHCCD.a(safefat.o)
                0x20016f34                safe_copycfn
 .text.safe_cfremove
                0x20016fec       0xb8 C:/ISIS/workspace/CubeSat3/GlobusSatProject/..//hal/hcc/lib\libHCCD.a(safefat.o)
                0x20016fec                safe_cfremove
 .text.safe_writede
                0x200170a4      0x104 C:/ISIS/workspace/CubeSat3/GlobusSatProject/..//hal/hcc/lib\libHCCD.a(safefat.o)
                0x200170a4                safe_writede
 .text.safe_setcluster
                0x200171a8       0xcc C:/ISIS/workspace/CubeSat3/GlobusSatProject/..//hal/hcc/lib\libHCCD.a(safefat.o)
                0x200171a8                safe_setcluster
 .text.safe_deletechain
                0x20017274      0x1c8 C:/ISIS/workspace/CubeSat3/GlobusSatProject/..//hal/hcc/lib\libHCCD.a(safefat.o)
                0x20017274                safe_deletechain
 .text.safe_cfclose
                0x2001743c      0x104 C:/ISIS/workspace/CubeSat3/GlobusSatProject/..//hal/hcc/lib\libHCCD.a(safefat.o)
                0x2001743c                safe_cfclose
 .text.safe_cfflush
                0x20017540      0x124 C:/ISIS/workspace/CubeSat3/GlobusSatProject/..//hal/hcc/lib\libHCCD.a(safefat.o)
                0x20017540                safe_cfflush
 .text.safe_reset
                0x20017664       0x78 C:/ISIS/workspace/CubeSat3/GlobusSatProject/..//hal/hcc/lib\libHCCD.a(safefat.o)
                0x20017664                safe_reset
 .text.safe_loadcommands
                0x200176dc       0x78 C:/ISIS/workspace/CubeSat3/GlobusSatProject/..//hal/hcc/lib\libHCCD.a(safefat.o)
                0x200176dc                safe_loadcommands
 .text.safe_poweron
                0x20017754      0x1fc C:/ISIS/workspace/CubeSat3/GlobusSatProject/..//hal/hcc/lib\libHCCD.a(safefat.o)
                0x20017754                safe_poweron
 .text.cf_getname
                0x20017950       0xc0 C:/ISIS/workspace/CubeSat3/GlobusSatProject/..//hal/hcc/lib\libHCCD.a(safefat.o)
 .text.cf_copyclusterchain
                0x20017a10      0x138 C:/ISIS/workspace/CubeSat3/GlobusSatProject/..//hal/hcc/lib\libHCCD.a(safefat.o)
 .text.cf_seektozero
                0x20017b48       0x94 C:/ISIS/workspace/CubeSat3/GlobusSatProject/..//hal/hcc/lib\libHCCD.a(safefat.o)
                0x20017b48                cf_seektozero
 .text.cf_create
                0x20017bdc      0x3a8 C:/ISIS/workspace/CubeSat3/GlobusSatProject/..//hal/hcc/lib\libHCCD.a(safefat.o)
                0x20017bdc                cf_create
 .text.cf_copyclustercontent
                0x20017f84      0x128 C:/ISIS/workspace/CubeSat3/GlobusSatProject/..//hal/hcc/lib\libHCCD.a(safefat.o)
                0x20017f84                cf_copyclustercontent
 .text.cf_copycfn
                0x200180ac      0x4bc C:/ISIS/workspace/CubeSat3/GlobusSatProject/..//hal/hcc/lib\libHCCD.a(safefat.o)
                0x200180ac                cf_copycfn
 .text.cf_remove
                0x20018568      0x344 C:/ISIS/workspace/CubeSat3/GlobusSatProject/..//hal/hcc/lib\libHCCD.a(safefat.o)
                0x20018568                cf_remove
 .text.cf_setclusternew
                0x200188ac       0xf0 C:/ISIS/workspace/CubeSat3/GlobusSatProject/..//hal/hcc/lib\libHCCD.a(safefat.o)
                0x200188ac                cf_setclusternew
 .text.cf_flush
                0x2001899c       0x58 C:/ISIS/workspace/CubeSat3/GlobusSatProject/..//hal/hcc/lib\libHCCD.a(safefat.o)
                0x2001899c                cf_flush
 .text.cf_getcluster
                0x200189f4      0x1b4 C:/ISIS/workspace/CubeSat3/GlobusSatProject/..//hal/hcc/lib\libHCCD.a(safefat.o)
                0x200189f4                cf_getcluster
 .text.cf_setnextcluster
                0x20018ba8      0x194 C:/ISIS/workspace/CubeSat3/GlobusSatProject/..//hal/hcc/lib\libHCCD.a(safefat.o)
                0x20018ba8                cf_setnextcluster
 .text.cf_getpositions
                0x20018d3c       0xbc C:/ISIS/workspace/CubeSat3/GlobusSatProject/..//hal/hcc/lib\libHCCD.a(safefat.o)
                0x20018d3c                cf_getpositions
 .text.cf_setpositions
                0x20018df8       0xb0 C:/ISIS/workspace/CubeSat3/GlobusSatProject/..//hal/hcc/lib\libHCCD.a(safefat.o)
                0x20018df8                cf_setpositions
 .text.cf_opensyncafile
                0x20018ea8      0x150 C:/ISIS/workspace/CubeSat3/GlobusSatProject/..//hal/hcc/lib\libHCCD.a(safefat.o)
                0x20018ea8                cf_opensyncafile
 .text.cf_reloadcfo
                0x20018ff8       0xd8 C:/ISIS/workspace/CubeSat3/GlobusSatProject/..//hal/hcc/lib\libHCCD.a(safefat.o)
                0x20018ff8                cf_reloadcfo
 .text.mcipdc_cmd
                0x200190d0      0x22c C:/ISIS/workspace/CubeSat3/GlobusSatProject/..//hal/hcc/lib\libHCCD.a(atmel_mcipdc.o)
 .text.mcipdc_stop
                0x200192fc       0xfc C:/ISIS/workspace/CubeSat3/GlobusSatProject/..//hal/hcc/lib\libHCCD.a(atmel_mcipdc.o)
                0x200192fc                mcipdc_stop
 .text.mcipdc_read
                0x200193f8      0x27c C:/ISIS/workspace/CubeSat3/GlobusSatProject/..//hal/hcc/lib\libHCCD.a(atmel_mcipdc.o)
 .text.mcipdc_write
                0x20019674      0x298 C:/ISIS/workspace/CubeSat3/GlobusSatProject/..//hal/hcc/lib\libHCCD.a(atmel_mcipdc.o)
 .text.mcipdc_readsector
                0x2001990c       0x9c C:/ISIS/workspace/CubeSat3/GlobusSatProject/..//hal/hcc/lib\libHCCD.a(atmel_mcipdc.o)
                0x2001990c                mcipdc_readsector
 .text.mcipdc_readmultiplesector
                0x200199a8      0x124 C:/ISIS/workspace/CubeSat3/GlobusSatProject/..//hal/hcc/lib\libHCCD.a(atmel_mcipdc.o)
                0x200199a8                mcipdc_readmultiplesector
 .text.mcipdc_writesector
                0x20019acc       0x90 C:/ISIS/workspace/CubeSat3/GlobusSatProject/..//hal/hcc/lib\libHCCD.a(atmel_mcipdc.o)
                0x20019acc                mcipdc_writesector
 .text.mcipdc_writemultiplesector
                0x20019b5c      0x120 C:/ISIS/workspace/CubeSat3/GlobusSatProject/..//hal/hcc/lib\libHCCD.a(atmel_mcipdc.o)
                0x20019b5c                mcipdc_writemultiplesector
 .text.mcipdc_set_speed
                0x20019c7c       0xb0 C:/ISIS/workspace/CubeSat3/GlobusSatProject/..//hal/hcc/lib\libHCCD.a(atmel_mcipdc.o)
 .text.mcipdc_get_speed
                0x20019d2c       0x48 C:/ISIS/workspace/CubeSat3/GlobusSatProject/..//hal/hcc/lib\libHCCD.a(atmel_mcipdc.o)
 .text._get_csd_bits
                0x20019d74      0x14c C:/ISIS/workspace/CubeSat3/GlobusSatProject/..//hal/hcc/lib\libHCCD.a(atmel_mcipdc.o)
 .text.mcipdc_initcard
                0x20019ec0      0x8f4 C:/ISIS/workspace/CubeSat3/GlobusSatProject/..//hal/hcc/lib\libHCCD.a(atmel_mcipdc.o)
 .text.mcipdc_getstatus
                0x2001a7b4       0xe8 C:/ISIS/workspace/CubeSat3/GlobusSatProject/..//hal/hcc/lib\libHCCD.a(atmel_mcipdc.o)
 .text.mcipdc_getphy
                0x2001a89c       0x90 C:/ISIS/workspace/CubeSat3/GlobusSatProject/..//hal/hcc/lib\libHCCD.a(atmel_mcipdc.o)
 .text.mcipdc_release
                0x2001a92c       0x50 C:/ISIS/workspace/CubeSat3/GlobusSatProject/..//hal/hcc/lib\libHCCD.a(atmel_mcipdc.o)
 .text.atmel_mcipdc_initfunc
                0x2001a97c      0x160 C:/ISIS/workspace/CubeSat3/GlobusSatProject/..//hal/hcc/lib\libHCCD.a(atmel_mcipdc.o)
                0x2001a97c                atmel_mcipdc_initfunc
 .text.oal_mutex_create
                0x2001aadc       0x54 C:/ISIS/workspace/CubeSat3/GlobusSatProject/..//hal/hcc/lib\libHCCD.a(oalp_mutex.o)
                0x2001aadc                oal_mutex_create
 .text.oal_mutex_delete
                0x2001ab30       0x30 C:/ISIS/workspace/CubeSat3/GlobusSatProject/..//hal/hcc/lib\libHCCD.a(oalp_mutex.o)
                0x2001ab30                oal_mutex_delete
 .text.oal_mutex_get
                0x2001ab60       0x58 C:/ISIS/workspace/CubeSat3/GlobusSatProject/..//hal/hcc/lib\libHCCD.a(oalp_mutex.o)
                0x2001ab60                oal_mutex_get
 .text.oal_mutex_put
                0x2001abb8       0x58 C:/ISIS/workspace/CubeSat3/GlobusSatProject/..//hal/hcc/lib\libHCCD.a(oalp_mutex.o)
                0x2001abb8                oal_mutex_put
 .text.oal_task_get_id
                0x2001ac10       0x18 C:/ISIS/workspace/CubeSat3/GlobusSatProject/..//hal/hcc/lib\libHCCD.a(oalp_task.o)
                0x2001ac10                oal_task_get_id
 .text.mcipdc_hw_init
                0x2001ac28       0xe8 C:/ISIS/workspace/CubeSat3/GlobusSatProject/..//hal/hcc/lib\libHCCD.a(atmel_mcipdc_hw.o)
                0x2001ac28                mcipdc_hw_init
 .text.mcipdc_hw_delete
                0x2001ad10       0x78 C:/ISIS/workspace/CubeSat3/GlobusSatProject/..//hal/hcc/lib\libHCCD.a(atmel_mcipdc_hw.o)
                0x2001ad10                mcipdc_hw_delete
 .text.mcipdc_hw_card_plugged
                0x2001ad88       0x1c C:/ISIS/workspace/CubeSat3/GlobusSatProject/..//hal/hcc/lib\libHCCD.a(atmel_mcipdc_hw.o)
                0x2001ad88                mcipdc_hw_card_plugged
 .text.mcipdc_hw_card_writeprotect
                0x2001ada4       0x1c C:/ISIS/workspace/CubeSat3/GlobusSatProject/..//hal/hcc/lib\libHCCD.a(atmel_mcipdc_hw.o)
                0x2001ada4                mcipdc_hw_card_writeprotect
 .text.psp_getcurrenttimedate
                0x2001adc0       0x8c C:/ISIS/workspace/CubeSat3/GlobusSatProject/..//hal/hcc/lib\libHCCD.a(psp_rtc.o)
                0x2001adc0                psp_getcurrenttimedate
 .text._hcc_get_buf_dsc
                0x2001ae4c       0x8c C:/ISIS/workspace/CubeSat3/GlobusSatProject/..//hal/hcc/lib\libHCCD.a(hcc_mem.o)
 .text._hcc_check_free_pages
                0x2001aed8      0x18c C:/ISIS/workspace/CubeSat3/GlobusSatProject/..//hal/hcc/lib\libHCCD.a(hcc_mem.o)
 .text._hcc_mark_pages
                0x2001b064      0x158 C:/ISIS/workspace/CubeSat3/GlobusSatProject/..//hal/hcc/lib\libHCCD.a(hcc_mem.o)
 .text._hcc_clear_lock_dsc
                0x2001b1bc       0x80 C:/ISIS/workspace/CubeSat3/GlobusSatProject/..//hal/hcc/lib\libHCCD.a(hcc_mem.o)
 .text._hcc_lock_access
                0x2001b23c      0x128 C:/ISIS/workspace/CubeSat3/GlobusSatProject/..//hal/hcc/lib\libHCCD.a(hcc_mem.o)
 .text._hcc_unlock_access
                0x2001b364       0x30 C:/ISIS/workspace/CubeSat3/GlobusSatProject/..//hal/hcc/lib\libHCCD.a(hcc_mem.o)
 .text.hcc_mem_alloc
                0x2001b394      0x454 C:/ISIS/workspace/CubeSat3/GlobusSatProject/..//hal/hcc/lib\libHCCD.a(hcc_mem.o)
                0x2001b394                hcc_mem_alloc
 .text.hcc_mem_free
                0x2001b7e8      0x178 C:/ISIS/workspace/CubeSat3/GlobusSatProject/..//hal/hcc/lib\libHCCD.a(hcc_mem.o)
                0x2001b7e8                hcc_mem_free
 .text.hcc_mem_add
                0x2001b960      0x3b0 C:/ISIS/workspace/CubeSat3/GlobusSatProject/..//hal/hcc/lib\libHCCD.a(hcc_mem.o)
                0x2001b960                hcc_mem_add
 .text.hcc_mem_init
                0x2001bd10      0x164 C:/ISIS/workspace/CubeSat3/GlobusSatProject/..//hal/hcc/lib\libHCCD.a(hcc_mem.o)
                0x2001bd10                hcc_mem_init
 .text._f_invalidatedir
                0x2001be74       0x28 C:/ISIS/workspace/CubeSat3/GlobusSatProject/..//hal/hcc/lib\libHCCD.a(fat.o)
                0x2001be74                _f_invalidatedir
 .text._f_getdirsector
                0x2001be9c       0x88 C:/ISIS/workspace/CubeSat3/GlobusSatProject/..//hal/hcc/lib\libHCCD.a(fat.o)
                0x2001be9c                _f_getdirsector
 .text._f_writedirsector
                0x2001bf24       0x74 C:/ISIS/workspace/CubeSat3/GlobusSatProject/..//hal/hcc/lib\libHCCD.a(fat.o)
                0x2001bf24                _f_writedirsector
 .text._f_checknameinv
                0x2001bf98      0x180 C:/ISIS/workspace/CubeSat3/GlobusSatProject/..//hal/hcc/lib\libHCCD.a(fat.o)
 .text._f_checkname
                0x2001c118       0x7c C:/ISIS/workspace/CubeSat3/GlobusSatProject/..//hal/hcc/lib\libHCCD.a(fat.o)
 .text._f_checknamewc
                0x2001c194       0xf8 C:/ISIS/workspace/CubeSat3/GlobusSatProject/..//hal/hcc/lib\libHCCD.a(fat.o)
 .text._f_setnameext
                0x2001c28c      0x300 C:/ISIS/workspace/CubeSat3/GlobusSatProject/..//hal/hcc/lib\libHCCD.a(fat.o)
 .text._f_setfsname
                0x2001c58c      0x584 C:/ISIS/workspace/CubeSat3/GlobusSatProject/..//hal/hcc/lib\libHCCD.a(fat.o)
 .text._f_findfile
                0x2001cb10      0x30c C:/ISIS/workspace/CubeSat3/GlobusSatProject/..//hal/hcc/lib\libHCCD.a(fat.o)
 .text._f_findpath
                0x2001ce1c      0x35c C:/ISIS/workspace/CubeSat3/GlobusSatProject/..//hal/hcc/lib\libHCCD.a(fat.o)
 .text.fn_getdcwd
                0x2001d178      0x1e0 C:/ISIS/workspace/CubeSat3/GlobusSatProject/..//hal/hcc/lib\libHCCD.a(fat.o)
                0x2001d178                fn_getdcwd
 .text._f_lock_resfile
                0x2001d358       0x6c C:/ISIS/workspace/CubeSat3/GlobusSatProject/..//hal/hcc/lib\libHCCD.a(fat.o)
 .text._f_unlock_resfile
                0x2001d3c4       0x40 C:/ISIS/workspace/CubeSat3/GlobusSatProject/..//hal/hcc/lib\libHCCD.a(fat.o)
 .text._f_getintfile
                0x2001d404      0x124 C:/ISIS/workspace/CubeSat3/GlobusSatProject/..//hal/hcc/lib\libHCCD.a(fat.o)
 .text._f_addentry
                0x2001d528      0x540 C:/ISIS/workspace/CubeSat3/GlobusSatProject/..//hal/hcc/lib\libHCCD.a(fat.o)
 .text.fn_open_sub
                0x2001da68     0x1698 C:/ISIS/workspace/CubeSat3/GlobusSatProject/..//hal/hcc/lib\libHCCD.a(fat.o)
 .text.fn_open  0x2001f100       0x44 C:/ISIS/workspace/CubeSat3/GlobusSatProject/..//hal/hcc/lib\libHCCD.a(fat.o)
                0x2001f100                fn_open
 .text.hcc_mem_buf_alloc
                0x2001f144       0xe4 C:/ISIS/workspace/CubeSat3/GlobusSatProject/..//hal/hcc/lib\libHCCD.a(psp_hcc_mem.o)
                0x2001f144                hcc_mem_buf_alloc
 .text.makeAntStransfer
                0x2001f228       0x4c C:/ISIS/workspace/satellite-subsystems/satellite-subsystems/lib\libSatelliteSubsystemsD.a(IsisAntS.o)
 .text.checkInputsValid
                0x2001f274       0x7c C:/ISIS/workspace/satellite-subsystems/satellite-subsystems/lib\libSatelliteSubsystemsD.a(IsisAntS.o)
 .text.IsisAntS_initialize
                0x2001f2f0      0x26c C:/ISIS/workspace/satellite-subsystems/satellite-subsystems/lib\libSatelliteSubsystemsD.a(IsisAntS.o)
                0x2001f2f0                IsisAntS_initialize
 .text.IsisAntS_autoDeployment
                0x2001f55c      0x114 C:/ISIS/workspace/satellite-subsystems/satellite-subsystems/lib\libSatelliteSubsystemsD.a(IsisAntS.o)
                0x2001f55c                IsisAntS_autoDeployment
 .text._make_IsisEPStransfer
                0x2001f670       0x3c C:/ISIS/workspace/satellite-subsystems/satellite-subsystems/lib\libSatelliteSubsystemsD.a(IsisEPS.o)
 .text.IsisEPS_initialize
                0x2001f6ac      0x18c C:/ISIS/workspace/satellite-subsystems/satellite-subsystems/lib\libSatelliteSubsystemsD.a(IsisEPS.o)
                0x2001f6ac                IsisEPS_initialize
 .text.IsisEPS_getEngHKDataCDB
                0x2001f838      0x154 C:/ISIS/workspace/satellite-subsystems/satellite-subsystems/lib\libSatelliteSubsystemsD.a(IsisEPS.o)
                0x2001f838                IsisEPS_getEngHKDataCDB
 .text.IsisSolarPanelv2_initialize
                0x2001f98c       0xb4 C:/ISIS/workspace/satellite-subsystems/satellite-subsystems/lib\libSatelliteSubsystemsD.a(IsisSolarPanelv2.o)
                0x2001f98c                IsisSolarPanelv2_initialize
 .text.IsisSolarPanelv2_sleep
                0x2001fa40       0xbc C:/ISIS/workspace/satellite-subsystems/satellite-subsystems/lib\libSatelliteSubsystemsD.a(IsisSolarPanelv2.o)
                0x2001fa40                IsisSolarPanelv2_sleep
 .text._Reset   0x2001fafc       0x20 C:/ISIS/workspace/satellite-subsystems/satellite-subsystems/lib\libSatelliteSubsystemsD.a(IsisSolarPanelv2.o)
 .text._WaitForStartup
                0x2001fb1c       0x90 C:/ISIS/workspace/satellite-subsystems/satellite-subsystems/lib\libSatelliteSubsystemsD.a(IsisSolarPanelv2.o)
 .text._AssignAllChannels
                0x2001fbac       0x90 C:/ISIS/workspace/satellite-subsystems/satellite-subsystems/lib\libSatelliteSubsystemsD.a(IsisSolarPanelv2.o)
 .text._AssignThisChannel
                0x2001fc3c       0xe8 C:/ISIS/workspace/satellite-subsystems/satellite-subsystems/lib\libSatelliteSubsystemsD.a(IsisSolarPanelv2.o)
 .text._ExtractByte
                0x2001fd24       0x38 C:/ISIS/workspace/satellite-subsystems/satellite-subsystems/lib\libSatelliteSubsystemsD.a(IsisSolarPanelv2.o)
 .text._PinsInit
                0x2001fd5c       0x50 C:/ISIS/workspace/satellite-subsystems/satellite-subsystems/lib\libSatelliteSubsystemsD.a(IsisSolarPanelv2.o)
 .text._SpiWriteRead
                0x2001fdac       0x70 C:/ISIS/workspace/satellite-subsystems/satellite-subsystems/lib\libSatelliteSubsystemsD.a(IsisSolarPanelv2.o)
 .text.IsisTrxvu_initialize
                0x2001fe1c      0x2f4 C:/ISIS/workspace/satellite-subsystems/satellite-subsystems/lib\libSatelliteSubsystemsD.a(IsisTRXVU.o)
                0x2001fe1c                IsisTrxvu_initialize
 .text.xQueueGenericReset
                0x20020110      0x150 C:/ISIS/workspace/CubeSat3/GlobusSatProject/..//hal/freertos/lib\libFreeRTOSD.a(queue.o)
                0x20020110                xQueueGenericReset
 .text.xQueueGenericCreate
                0x20020260       0xfc C:/ISIS/workspace/CubeSat3/GlobusSatProject/..//hal/freertos/lib\libFreeRTOSD.a(queue.o)
                0x20020260                xQueueGenericCreate
 .text.xQueueCreateMutex
                0x2002035c      0x110 C:/ISIS/workspace/CubeSat3/GlobusSatProject/..//hal/freertos/lib\libFreeRTOSD.a(queue.o)
                0x2002035c                xQueueCreateMutex
 .text.xQueueGenericSend
                0x2002046c      0x268 C:/ISIS/workspace/CubeSat3/GlobusSatProject/..//hal/freertos/lib\libFreeRTOSD.a(queue.o)
                0x2002046c                xQueueGenericSend
 .text.xQueueGenericSendFromISR
                0x200206d4      0x19c C:/ISIS/workspace/CubeSat3/GlobusSatProject/..//hal/freertos/lib\libFreeRTOSD.a(queue.o)
                0x200206d4                xQueueGenericSendFromISR
 .text.xQueueGenericReceive
                0x20020870      0x2cc C:/ISIS/workspace/CubeSat3/GlobusSatProject/..//hal/freertos/lib\libFreeRTOSD.a(queue.o)
                0x20020870                xQueueGenericReceive
 .text.uxQueueMessagesWaiting
                0x20020b3c       0x6c C:/ISIS/workspace/CubeSat3/GlobusSatProject/..//hal/freertos/lib\libFreeRTOSD.a(queue.o)
                0x20020b3c                uxQueueMessagesWaiting
 .text.vQueueDelete
                0x20020ba8       0x78 C:/ISIS/workspace/CubeSat3/GlobusSatProject/..//hal/freertos/lib\libFreeRTOSD.a(queue.o)
                0x20020ba8                vQueueDelete
 .text.prvCopyDataToQueue
                0x20020c20      0x190 C:/ISIS/workspace/CubeSat3/GlobusSatProject/..//hal/freertos/lib\libFreeRTOSD.a(queue.o)
 .text.prvCopyDataFromQueue
                0x20020db0       0x90 C:/ISIS/workspace/CubeSat3/GlobusSatProject/..//hal/freertos/lib\libFreeRTOSD.a(queue.o)
 .text.prvUnlockQueue
                0x20020e40      0x100 C:/ISIS/workspace/CubeSat3/GlobusSatProject/..//hal/freertos/lib\libFreeRTOSD.a(queue.o)
 .text.prvIsQueueEmpty
                0x20020f40       0x4c C:/ISIS/workspace/CubeSat3/GlobusSatProject/..//hal/freertos/lib\libFreeRTOSD.a(queue.o)
 .text.prvIsQueueFull
                0x20020f8c       0x54 C:/ISIS/workspace/CubeSat3/GlobusSatProject/..//hal/freertos/lib\libFreeRTOSD.a(queue.o)
 .text.vQueueUnregisterQueue
                0x20020fe0       0x80 C:/ISIS/workspace/CubeSat3/GlobusSatProject/..//hal/freertos/lib\libFreeRTOSD.a(queue.o)
                0x20020fe0                vQueueUnregisterQueue
 .text.xTaskGenericCreate
                0x20021060      0x2ac C:/ISIS/workspace/CubeSat3/GlobusSatProject/..//hal/freertos/lib\libFreeRTOSD.a(tasks.o)
                0x20021060                xTaskGenericCreate
 .text.vTaskDelete
                0x2002130c       0xe8 C:/ISIS/workspace/CubeSat3/GlobusSatProject/..//hal/freertos/lib\libFreeRTOSD.a(tasks.o)
                0x2002130c                vTaskDelete
 .text.vTaskDelay
                0x200213f4       0x80 C:/ISIS/workspace/CubeSat3/GlobusSatProject/..//hal/freertos/lib\libFreeRTOSD.a(tasks.o)
                0x200213f4                vTaskDelay
 .text.vTaskStartScheduler
                0x20021474       0xd4 C:/ISIS/workspace/CubeSat3/GlobusSatProject/..//hal/freertos/lib\libFreeRTOSD.a(tasks.o)
                0x20021474                vTaskStartScheduler
 .text.vTaskSuspendAll
                0x20021548       0x2c C:/ISIS/workspace/CubeSat3/GlobusSatProject/..//hal/freertos/lib\libFreeRTOSD.a(tasks.o)
                0x20021548                vTaskSuspendAll
 .text.xTaskResumeAll
                0x20021574      0x1f4 C:/ISIS/workspace/CubeSat3/GlobusSatProject/..//hal/freertos/lib\libFreeRTOSD.a(tasks.o)
                0x20021574                xTaskResumeAll
 .text.xTaskGetTickCount
                0x20021768       0x34 C:/ISIS/workspace/CubeSat3/GlobusSatProject/..//hal/freertos/lib\libFreeRTOSD.a(tasks.o)
                0x20021768                xTaskGetTickCount
 .text.xTaskIncrementTick
                0x2002179c      0x298 C:/ISIS/workspace/CubeSat3/GlobusSatProject/..//hal/freertos/lib\libFreeRTOSD.a(tasks.o)
                0x2002179c                xTaskIncrementTick
 .text.vTaskSwitchContext
                0x20021a34      0x18c C:/ISIS/workspace/CubeSat3/GlobusSatProject/..//hal/freertos/lib\libFreeRTOSD.a(tasks.o)
                0x20021a34                vTaskSwitchContext
 .text.vTaskPlaceOnEventList
                0x20021bc0       0xcc C:/ISIS/workspace/CubeSat3/GlobusSatProject/..//hal/freertos/lib\libFreeRTOSD.a(tasks.o)
                0x20021bc0                vTaskPlaceOnEventList
 .text.xTaskRemoveFromEventList
                0x20021c8c      0x160 C:/ISIS/workspace/CubeSat3/GlobusSatProject/..//hal/freertos/lib\libFreeRTOSD.a(tasks.o)
                0x20021c8c                xTaskRemoveFromEventList
 .text.vTaskSetTimeOutState
                0x20021dec       0x78 C:/ISIS/workspace/CubeSat3/GlobusSatProject/..//hal/freertos/lib\libFreeRTOSD.a(tasks.o)
                0x20021dec                vTaskSetTimeOutState
 .text.xTaskCheckForTimeOut
                0x20021e64      0x158 C:/ISIS/workspace/CubeSat3/GlobusSatProject/..//hal/freertos/lib\libFreeRTOSD.a(tasks.o)
                0x20021e64                xTaskCheckForTimeOut
 .text.vTaskMissedYield
                0x20021fbc       0x24 C:/ISIS/workspace/CubeSat3/GlobusSatProject/..//hal/freertos/lib\libFreeRTOSD.a(tasks.o)
                0x20021fbc                vTaskMissedYield
 .text.prvIdleTask
                0x20021fe0       0x20 C:/ISIS/workspace/CubeSat3/GlobusSatProject/..//hal/freertos/lib\libFreeRTOSD.a(tasks.o)
 .text.prvInitialiseTCBVariables
                0x20022000      0x110 C:/ISIS/workspace/CubeSat3/GlobusSatProject/..//hal/freertos/lib\libFreeRTOSD.a(tasks.o)
 .text.prvInitialiseTaskLists
                0x20022110       0xbc C:/ISIS/workspace/CubeSat3/GlobusSatProject/..//hal/freertos/lib\libFreeRTOSD.a(tasks.o)
 .text.prvCheckTasksWaitingTermination
                0x200221cc       0xbc C:/ISIS/workspace/CubeSat3/GlobusSatProject/..//hal/freertos/lib\libFreeRTOSD.a(tasks.o)
 .text.prvAddCurrentTaskToDelayedList
                0x20022288       0xb4 C:/ISIS/workspace/CubeSat3/GlobusSatProject/..//hal/freertos/lib\libFreeRTOSD.a(tasks.o)
 .text.prvAllocateTCBAndStack
                0x2002233c       0xb4 C:/ISIS/workspace/CubeSat3/GlobusSatProject/..//hal/freertos/lib\libFreeRTOSD.a(tasks.o)
 .text.prvDeleteTCB
                0x200223f0       0x30 C:/ISIS/workspace/CubeSat3/GlobusSatProject/..//hal/freertos/lib\libFreeRTOSD.a(tasks.o)
 .text.xTaskGetCurrentTaskHandle
                0x20022420       0x30 C:/ISIS/workspace/CubeSat3/GlobusSatProject/..//hal/freertos/lib\libFreeRTOSD.a(tasks.o)
                0x20022420                xTaskGetCurrentTaskHandle
 .text.xTaskGetSchedulerState
                0x20022450       0x68 C:/ISIS/workspace/CubeSat3/GlobusSatProject/..//hal/freertos/lib\libFreeRTOSD.a(tasks.o)
                0x20022450                xTaskGetSchedulerState
 .text.vTaskPriorityInherit
                0x200224b8      0x148 C:/ISIS/workspace/CubeSat3/GlobusSatProject/..//hal/freertos/lib\libFreeRTOSD.a(tasks.o)
                0x200224b8                vTaskPriorityInherit
 .text.vTaskPriorityDisinherit
                0x20022600       0xdc C:/ISIS/workspace/CubeSat3/GlobusSatProject/..//hal/freertos/lib\libFreeRTOSD.a(tasks.o)
                0x20022600                vTaskPriorityDisinherit
 .text.vApplicationStackOverflowHook
                0x200226dc       0x4c C:/ISIS/workspace/CubeSat3/GlobusSatProject/..//hal/freertos/lib\libFreeRTOSD.a(hooks.o)
                0x200226dc                vApplicationStackOverflowHook
 .text.vApplicationIdleHook
                0x20022728       0x18 C:/ISIS/workspace/CubeSat3/GlobusSatProject/..//hal/freertos/lib\libFreeRTOSD.a(hooks.o)
                0x20022728                vApplicationIdleHook
 .text.pvPortMalloc
                0x20022740       0x28 C:/ISIS/workspace/CubeSat3/GlobusSatProject/..//hal/freertos/lib\libFreeRTOSD.a(standardMemMang.o)
                0x20022740                pvPortMalloc
 .text.vPortFree
                0x20022768       0x20 C:/ISIS/workspace/CubeSat3/GlobusSatProject/..//hal/freertos/lib\libFreeRTOSD.a(standardMemMang.o)
                0x20022768                vPortFree
 .text.xPortGetFreeHeapSize
                0x20022788       0x20 C:/ISIS/workspace/CubeSat3/GlobusSatProject/..//hal/freertos/lib\libFreeRTOSD.a(standardMemMang.o)
                0x20022788                xPortGetFreeHeapSize
 .text.pxPortInitialiseStack
                0x200227a8      0x218 C:/ISIS/workspace/CubeSat3/GlobusSatProject/..//hal/freertos/lib\libFreeRTOSD.a(port.o)
                0x200227a8                pxPortInitialiseStack
 .text.xPortStartScheduler
                0x200229c0       0x1c C:/ISIS/workspace/CubeSat3/GlobusSatProject/..//hal/freertos/lib\libFreeRTOSD.a(port.o)
                0x200229c0                xPortStartScheduler
 .text.prvSetupTimerInterrupt
                0x200229dc       0x54 C:/ISIS/workspace/CubeSat3/GlobusSatProject/..//hal/freertos/lib\libFreeRTOSD.a(port.o)
 .text.vPortISRStartFirstTask
                0x20022a30       0x64 C:/ISIS/workspace/CubeSat3/GlobusSatProject/..//hal/freertos/lib\libFreeRTOSD.a(port.o)
 .text.vPortEnterCritical
                0x20022a94       0x40 C:/ISIS/workspace/CubeSat3/GlobusSatProject/..//hal/freertos/lib\libFreeRTOSD.a(port.o)
                0x20022a94                vPortEnterCritical
 .text.vPortExitCritical
                0x20022ad4       0x60 C:/ISIS/workspace/CubeSat3/GlobusSatProject/..//hal/freertos/lib\libFreeRTOSD.a(port.o)
                0x20022ad4                vPortExitCritical
 .text.vListInitialise
                0x20022b34       0x64 C:/ISIS/workspace/CubeSat3/GlobusSatProject/..//hal/freertos/lib\libFreeRTOSD.a(list.o)
                0x20022b34                vListInitialise
 .text.vListInitialiseItem
                0x20022b98       0x28 C:/ISIS/workspace/CubeSat3/GlobusSatProject/..//hal/freertos/lib\libFreeRTOSD.a(list.o)
                0x20022b98                vListInitialiseItem
 .text.vListInsertEnd
                0x20022bc0       0x84 C:/ISIS/workspace/CubeSat3/GlobusSatProject/..//hal/freertos/lib\libFreeRTOSD.a(list.o)
                0x20022bc0                vListInsertEnd
 .text.vListInsert
                0x20022c44       0xd4 C:/ISIS/workspace/CubeSat3/GlobusSatProject/..//hal/freertos/lib\libFreeRTOSD.a(list.o)
                0x20022c44                vListInsert
 .text.uxListRemove
                0x20022d18       0xa0 C:/ISIS/workspace/CubeSat3/GlobusSatProject/..//hal/freertos/lib\libFreeRTOSD.a(list.o)
                0x20022d18                uxListRemove
 .text._read    0x20022db8       0xa4 C:/ISIS/workspace/CubeSat3/GlobusSatProject/..//hal/at91/lib\libAt91D.a(syscalls.o)
                0x20022db8                _read
 .text._write   0x20022e5c       0xb8 C:/ISIS/workspace/CubeSat3/GlobusSatProject/..//hal/at91/lib\libAt91D.a(syscalls.o)
                0x20022e5c                _write
 .text._lseek   0x20022f14       0x2c C:/ISIS/workspace/CubeSat3/GlobusSatProject/..//hal/at91/lib\libAt91D.a(syscalls.o)
                0x20022f14                _lseek
 .text._close   0x20022f40       0x24 C:/ISIS/workspace/CubeSat3/GlobusSatProject/..//hal/at91/lib\libAt91D.a(syscalls.o)
                0x20022f40                _close
 .text._fstat   0x20022f64       0x28 C:/ISIS/workspace/CubeSat3/GlobusSatProject/..//hal/at91/lib\libAt91D.a(syscalls.o)
                0x20022f64                _fstat
 .text._isatty  0x20022f8c       0x38 C:/ISIS/workspace/CubeSat3/GlobusSatProject/..//hal/at91/lib\libAt91D.a(syscalls.o)
                0x20022f8c                _isatty
 .text._sbrk    0x20022fc4       0xac C:/ISIS/workspace/CubeSat3/GlobusSatProject/..//hal/at91/lib\libAt91D.a(syscalls.o)
                0x20022fc4                _sbrk
 .text.AIC_ConfigureIT
                0x20023070       0x74 C:/ISIS/workspace/CubeSat3/GlobusSatProject/..//hal/at91/lib\libAt91D.a(aic.o)
                0x20023070                AIC_ConfigureIT
 .text.AIC_EnableIT
                0x200230e4       0x34 C:/ISIS/workspace/CubeSat3/GlobusSatProject/..//hal/at91/lib\libAt91D.a(aic.o)
                0x200230e4                AIC_EnableIT
 .text.AIC_DisableIT
                0x20023118       0x34 C:/ISIS/workspace/CubeSat3/GlobusSatProject/..//hal/at91/lib\libAt91D.a(aic.o)
                0x20023118                AIC_DisableIT
 .text.CP15_Enable_I_Cache
                0x2002314c       0x4c C:/ISIS/workspace/CubeSat3/GlobusSatProject/..//hal/at91/lib\libAt91D.a(cp15.o)
                0x2002314c                CP15_Enable_I_Cache
 .text.CP15_Disable_I_Cache
                0x20023198       0x5c C:/ISIS/workspace/CubeSat3/GlobusSatProject/..//hal/at91/lib\libAt91D.a(cp15.o)
                0x20023198                CP15_Disable_I_Cache
 .text.CP15_DisableMMU
                0x200231f4       0x68 C:/ISIS/workspace/CubeSat3/GlobusSatProject/..//hal/at91/lib\libAt91D.a(cp15.o)
                0x200231f4                CP15_DisableMMU
 .text.CP15_Disable_D_Cache
                0x2002325c       0x5c C:/ISIS/workspace/CubeSat3/GlobusSatProject/..//hal/at91/lib\libAt91D.a(cp15.o)
                0x2002325c                CP15_Disable_D_Cache
 .text.DBGU_Configure
                0x200232b8       0x84 C:/ISIS/workspace/CubeSat3/GlobusSatProject/..//hal/at91/lib\libAt91D.a(dbgu.o)
                0x200232b8                DBGU_Configure
 .text.DBGU_PutChar
                0x2002333c       0x60 C:/ISIS/workspace/CubeSat3/GlobusSatProject/..//hal/at91/lib\libAt91D.a(dbgu.o)
                0x2002333c                DBGU_PutChar
 .text.DBGU_GetChar
                0x2002339c       0x40 C:/ISIS/workspace/CubeSat3/GlobusSatProject/..//hal/at91/lib\libAt91D.a(dbgu.o)
                0x2002339c                DBGU_GetChar
 .text.PIO_SetPeripheralA
                0x200233dc       0x74 C:/ISIS/workspace/CubeSat3/GlobusSatProject/..//hal/at91/lib\libAt91D.a(pio.o)
 .text.PIO_SetPeripheralB
                0x20023450       0x74 C:/ISIS/workspace/CubeSat3/GlobusSatProject/..//hal/at91/lib\libAt91D.a(pio.o)
 .text.PIO_SetInput
                0x200234c4       0x9c C:/ISIS/workspace/CubeSat3/GlobusSatProject/..//hal/at91/lib\libAt91D.a(pio.o)
 .text.PIO_SetOutput
                0x20023560       0xc4 C:/ISIS/workspace/CubeSat3/GlobusSatProject/..//hal/at91/lib\libAt91D.a(pio.o)
 .text.PIO_Configure
                0x20023624      0x1ec C:/ISIS/workspace/CubeSat3/GlobusSatProject/..//hal/at91/lib\libAt91D.a(pio.o)
                0x20023624                PIO_Configure
 .text.PIO_Set  0x20023810       0x3c C:/ISIS/workspace/CubeSat3/GlobusSatProject/..//hal/at91/lib\libAt91D.a(pio.o)
                0x20023810                PIO_Set
 .text.PIO_Clear
                0x2002384c       0x3c C:/ISIS/workspace/CubeSat3/GlobusSatProject/..//hal/at91/lib\libAt91D.a(pio.o)
                0x2002384c                PIO_Clear
 .text.PIO_Get  0x20023888       0x9c C:/ISIS/workspace/CubeSat3/GlobusSatProject/..//hal/at91/lib\libAt91D.a(pio.o)
                0x20023888                PIO_Get
 .text.PIT_Init
                0x20023924       0x68 C:/ISIS/workspace/CubeSat3/GlobusSatProject/..//hal/at91/lib\libAt91D.a(pit.o)
                0x20023924                PIT_Init
 .text.PIT_Enable
                0x2002398c       0x2c C:/ISIS/workspace/CubeSat3/GlobusSatProject/..//hal/at91/lib\libAt91D.a(pit.o)
                0x2002398c                PIT_Enable
 .text.PIT_EnableIT
                0x200239b8       0x2c C:/ISIS/workspace/CubeSat3/GlobusSatProject/..//hal/at91/lib\libAt91D.a(pit.o)
                0x200239b8                PIT_EnableIT
 .text.PMC_EnablePeripheral
                0x200239e4       0xa4 C:/ISIS/workspace/CubeSat3/GlobusSatProject/..//hal/at91/lib\libAt91D.a(pmc.o)
                0x200239e4                PMC_EnablePeripheral
 .text.PMC_DisablePeripheral
                0x20023a88       0xa4 C:/ISIS/workspace/CubeSat3/GlobusSatProject/..//hal/at91/lib\libAt91D.a(pmc.o)
                0x20023a88                PMC_DisablePeripheral
 .text.PMC_IsPeriphEnabled
                0x20023b2c       0x3c C:/ISIS/workspace/CubeSat3/GlobusSatProject/..//hal/at91/lib\libAt91D.a(pmc.o)
                0x20023b2c                PMC_IsPeriphEnabled
 .text.SPI_Enable
                0x20023b68       0x28 C:/ISIS/workspace/CubeSat3/GlobusSatProject/..//hal/at91/lib\libAt91D.a(spi_at91.o)
                0x20023b68                SPI_Enable
 .text.SPI_Disable
                0x20023b90       0x28 C:/ISIS/workspace/CubeSat3/GlobusSatProject/..//hal/at91/lib\libAt91D.a(spi_at91.o)
                0x20023b90                SPI_Disable
 .text.SPI_Configure
                0x20023bb8       0x6c C:/ISIS/workspace/CubeSat3/GlobusSatProject/..//hal/at91/lib\libAt91D.a(spi_at91.o)
                0x20023bb8                SPI_Configure
 .text.SPI_ConfigureNPCS
                0x20023c24       0x38 C:/ISIS/workspace/CubeSat3/GlobusSatProject/..//hal/at91/lib\libAt91D.a(spi_at91.o)
                0x20023c24                SPI_ConfigureNPCS
 .text.TWI_ConfigureMaster
                0x20023c5c      0x2a0 C:/ISIS/workspace/CubeSat3/GlobusSatProject/..//hal/at91/lib\libAt91D.a(twi_at91.o)
                0x20023c5c                TWI_ConfigureMaster
 .text.TWI_GetMaskedStatus
                0x20023efc       0x78 C:/ISIS/workspace/CubeSat3/GlobusSatProject/..//hal/at91/lib\libAt91D.a(twi_at91.o)
                0x20023efc                TWI_GetMaskedStatus
 .text.disableCaches
                0x20023f74       0x18 C:/ISIS/workspace/CubeSat3/GlobusSatProject/..//hal/at91/lib\libAt91D.a(ExitHandler.o)
 .text.restart  0x20023f8c       0x28 C:/ISIS/workspace/CubeSat3/GlobusSatProject/..//hal/at91/lib\libAt91D.a(ExitHandler.o)
                0x20023f8c                restart
 .text.restartPrefetchAbort
                0x20023fb4       0x28 C:/ISIS/workspace/CubeSat3/GlobusSatProject/..//hal/at91/lib\libAt91D.a(ExitHandler.o)
                0x20023fb4                restartPrefetchAbort
 .text.restartDataAbort
                0x20023fdc       0x28 C:/ISIS/workspace/CubeSat3/GlobusSatProject/..//hal/at91/lib\libAt91D.a(ExitHandler.o)
                0x20023fdc                restartDataAbort
 .text.defaultSpuriousHandler
                0x20024004       0x18 C:/ISIS/workspace/CubeSat3/GlobusSatProject/..//hal/at91/lib\libAt91D.a(board_lowlevel.o)
                0x20024004                defaultSpuriousHandler
 .text.defaultFiqHandler
                0x2002401c       0x18 C:/ISIS/workspace/CubeSat3/GlobusSatProject/..//hal/at91/lib\libAt91D.a(board_lowlevel.o)
                0x2002401c                defaultFiqHandler
 .text.defaultIrqHandler
                0x20024034       0x18 C:/ISIS/workspace/CubeSat3/GlobusSatProject/..//hal/at91/lib\libAt91D.a(board_lowlevel.o)
                0x20024034                defaultIrqHandler
 .text.LowLevelInit
                0x2002404c       0xf4 C:/ISIS/workspace/CubeSat3/GlobusSatProject/..//hal/at91/lib\libAt91D.a(board_lowlevel.o)
                0x2002404c                LowLevelInit
 .text.BOARD_RemapRam
                0x20024140       0x24 C:/ISIS/workspace/CubeSat3/GlobusSatProject/..//hal/at91/lib\libAt91D.a(board_memories.o)
                0x20024140                BOARD_RemapRam
 .text.__errno  0x20024164       0x10 c:/isis/application/toolchain/bin/../lib/gcc/arm-none-eabi/4.7.4/../../../../arm-none-eabi/lib\libc_s.a(lib_a-errno.o)
                0x20024164                __errno
 .text.memcmp   0x20024174       0x3c c:/isis/application/toolchain/bin/../lib/gcc/arm-none-eabi/4.7.4/../../../../arm-none-eabi/lib\libc_s.a(lib_a-memcmp.o)
                0x20024174                memcmp
 .text.printf   0x200241b0       0x50 c:/isis/application/toolchain/bin/../lib/gcc/arm-none-eabi/4.7.4/../../../../arm-none-eabi/lib\libc_s.a(lib_a-printf.o)
                0x200241b0                iprintf
                0x200241b0                printf
 .text.puts     0x20024200       0x64 c:/isis/application/toolchain/bin/../lib/gcc/arm-none-eabi/4.7.4/../../../../arm-none-eabi/lib\libc_s.a(lib_a-puts.o)
                0x20024200                puts
 .text.strcpy   0x20024264       0x18 c:/isis/application/toolchain/bin/../lib/gcc/arm-none-eabi/4.7.4/../../../../arm-none-eabi/lib\libc_s.a(lib_a-strcpy.o)
                0x20024264                strcpy
 .text.__sfputc_r
                0x2002427c       0x50 c:/isis/application/toolchain/bin/../lib/gcc/arm-none-eabi/4.7.4/../../../../arm-none-eabi/lib\libc_s.a(lib_a-vfprintf.o)
                0x2002427c                __sfputc_r
 .text._vfprintf_r
                0x200242cc      0x360 c:/isis/application/toolchain/bin/../lib/gcc/arm-none-eabi/4.7.4/../../../../arm-none-eabi/lib\libc_s.a(lib_a-vfprintf.o)
                0x200242cc                _vfprintf_r
                0x200242cc                _vfiprintf_r
 .text.__swbuf_r
                0x2002462c      0x138 c:/isis/application/toolchain/bin/../lib/gcc/arm-none-eabi/4.7.4/../../../../arm-none-eabi/lib\libc_s.a(lib_a-wbuf.o)
                0x2002462c                __swbuf_r
 .text.__swsetup_r
                0x20024764      0x154 c:/isis/application/toolchain/bin/../lib/gcc/arm-none-eabi/4.7.4/../../../../arm-none-eabi/lib\libc_s.a(lib_a-wsetup.o)
                0x20024764                __swsetup_r
 .text._fflush_r
                0x200248b8      0x244 c:/isis/application/toolchain/bin/../lib/gcc/arm-none-eabi/4.7.4/../../../../arm-none-eabi/lib\libc_s.a(lib_a-fflush.o)
                0x200248b8                _fflush_r
 .text._cleanup_r
                0x20024afc       0x5c c:/isis/application/toolchain/bin/../lib/gcc/arm-none-eabi/4.7.4/../../../../arm-none-eabi/lib\libc_s.a(lib_a-findfp.o)
                0x20024afc                _cleanup_r
 .text.std.isra.0
                0x20024b58       0x7c c:/isis/application/toolchain/bin/../lib/gcc/arm-none-eabi/4.7.4/../../../../arm-none-eabi/lib\libc_s.a(lib_a-findfp.o)
 .text.__sfmoreglue
                0x20024bd4       0x44 c:/isis/application/toolchain/bin/../lib/gcc/arm-none-eabi/4.7.4/../../../../arm-none-eabi/lib\libc_s.a(lib_a-findfp.o)
                0x20024bd4                __sfmoreglue
 .text.__sinit  0x20024c18       0x90 c:/isis/application/toolchain/bin/../lib/gcc/arm-none-eabi/4.7.4/../../../../arm-none-eabi/lib\libc_s.a(lib_a-findfp.o)
                0x20024c18                __sinit
 .text.__sfp    0x20024ca8       0xdc c:/isis/application/toolchain/bin/../lib/gcc/arm-none-eabi/4.7.4/../../../../arm-none-eabi/lib\libc_s.a(lib_a-findfp.o)
                0x20024ca8                __sfp
 .text.__smakebuf_r
                0x20024d84       0xf8 c:/isis/application/toolchain/bin/../lib/gcc/arm-none-eabi/4.7.4/../../../../arm-none-eabi/lib\libc_s.a(lib_a-makebuf.o)
                0x20024d84                __smakebuf_r
 .text._putc_r  0x20024e7c       0xd0 c:/isis/application/toolchain/bin/../lib/gcc/arm-none-eabi/4.7.4/../../../../arm-none-eabi/lib\libc_s.a(lib_a-putc.o)
                0x20024e7c                _putc_r
 .text.__sread  0x20024f4c       0x34 c:/isis/application/toolchain/bin/../lib/gcc/arm-none-eabi/4.7.4/../../../../arm-none-eabi/lib\libc_s.a(lib_a-stdio.o)
                0x20024f4c                __sread
 .text.__swrite
                0x20024f80       0x54 c:/isis/application/toolchain/bin/../lib/gcc/arm-none-eabi/4.7.4/../../../../arm-none-eabi/lib\libc_s.a(lib_a-stdio.o)
                0x20024f80                __swrite
 .text.__sseek  0x20024fd4       0x34 c:/isis/application/toolchain/bin/../lib/gcc/arm-none-eabi/4.7.4/../../../../arm-none-eabi/lib\libc_s.a(lib_a-stdio.o)
                0x20024fd4                __sseek
 .text.__sclose
                0x20025008       0x14 c:/isis/application/toolchain/bin/../lib/gcc/arm-none-eabi/4.7.4/../../../../arm-none-eabi/lib\libc_s.a(lib_a-stdio.o)
                0x20025008                __sclose
 .text._write_r
                0x2002501c       0x44 c:/isis/application/toolchain/bin/../lib/gcc/arm-none-eabi/4.7.4/../../../../arm-none-eabi/lib\libc_s.a(lib_a-writer.o)
                0x2002501c                _write_r
 .text._close_r
                0x20025060       0x3c c:/isis/application/toolchain/bin/../lib/gcc/arm-none-eabi/4.7.4/../../../../arm-none-eabi/lib\libc_s.a(lib_a-closer.o)
                0x20025060                _close_r
 .text._fstat_r
                0x2002509c       0x40 c:/isis/application/toolchain/bin/../lib/gcc/arm-none-eabi/4.7.4/../../../../arm-none-eabi/lib\libc_s.a(lib_a-fstatr.o)
                0x2002509c                _fstat_r
 .text._isatty_r
                0x200250dc       0x3c c:/isis/application/toolchain/bin/../lib/gcc/arm-none-eabi/4.7.4/../../../../arm-none-eabi/lib\libc_s.a(lib_a-isattyr.o)
                0x200250dc                _isatty_r
 .text._lseek_r
                0x20025118       0x44 c:/isis/application/toolchain/bin/../lib/gcc/arm-none-eabi/4.7.4/../../../../arm-none-eabi/lib\libc_s.a(lib_a-lseekr.o)
                0x20025118                _lseek_r
 .text._read_r  0x2002515c       0x44 c:/isis/application/toolchain/bin/../lib/gcc/arm-none-eabi/4.7.4/../../../../arm-none-eabi/lib\libc_s.a(lib_a-readr.o)
                0x2002515c                _read_r
 .text._read_r.stub
                0x200251a0       0x10 linker stubs
 *(.rodata)
 .rodata        0x200251b0       0x14 ./src/SubSystemModules/PowerManagment/EPS.o
 .rodata        0x200251c4       0x9c ./src/SubSystemModules/Housekepping/TelemetryCollector.o
 .rodata        0x20025260        0xc ./src/InitSystem.o
 .rodata        0x2002526c      0x160 ./src/TLM_management.o
 .rodata        0x200253cc       0x18 ./src/main.o
 .rodata        0x200253e4       0xf4 C:/ISIS/workspace/CubeSat3/GlobusSatProject/..//hal/hal/lib\libHALD.a(I2C.o)
 .rodata        0x200254d8      0x324 C:/ISIS/workspace/CubeSat3/GlobusSatProject/..//hal/hal/lib\libHALD.a(SPI.o)
 .rodata        0x200257fc       0x98 C:/ISIS/workspace/CubeSat3/GlobusSatProject/..//hal/hal/lib\libHALD.a(Time.o)
 .rodata        0x20025894        0xc C:/ISIS/workspace/CubeSat3/GlobusSatProject/..//hal/hal/lib\libHALD.a(WatchDogTimerNoOS.o)
 .rodata        0x200258a0       0x14 C:/ISIS/workspace/CubeSat3/GlobusSatProject/..//hal/hal/lib\libHALD.a(WatchDogTimerOS.o)
 .rodata        0x200258b4       0x30 C:/ISIS/workspace/CubeSat3/GlobusSatProject/..//hal/hal/lib\libHALD.a(LED.o)
 .rodata        0x200258e4       0x60 C:/ISIS/workspace/CubeSat3/GlobusSatProject/..//hal/hcc/lib\libHCCD.a(safefat.o)
 .rodata        0x20025944       0x30 C:/ISIS/workspace/CubeSat3/GlobusSatProject/..//hal/hcc/lib\libHCCD.a(atmel_mcipdc.o)
 .rodata        0x20025974       0x54 C:/ISIS/workspace/CubeSat3/GlobusSatProject/..//hal/hcc/lib\libHCCD.a(atmel_mcipdc_hw.o)